I/AlarmManager(  968): [timer]   --interval = 600000
I/AlarmManager(  968): [timer]   --operation = PendingIntent{41e5b7d8: PendingIntentRecord{41a44dc8 com.tencent.androidqqmail broadcastIntent}}
I/AlarmManager(  968): [timer]   --target package = com.tencent.androidqqmail
W/AlarmManager(  968): set: Alarm{41d7c6c0 type 2 com.tencent.androidqqmail}
V/AlarmManager(  968): Adding alarm Alarm{41d7c6c0 type 2 com.tencent.androidqqmail} at 10
D/PhoneApp(13110): mReceiver: ACTION_SCREEN_OFF / ACTION_SCREEN_ON
D/AccelerometerListener(13110): enable(false)
I/PowerManager(30333):  acquire wake lock at time 2015-10-12 09:36:34 wakeLock  :flags = 1 tag= QQMail.WakerLock count = 0 refcounted= false mHeld= true
I/PowerManager(13110):  acquire wake lock at time 2015-10-12 09:36:34 wakeLock  :flags = 1 tag= RILJ count = 0 refcounted= false mHeld= true
D/MSF.C.NetConnTag(28582): [D]delayWaitSendList size is 1, 1 sso package should be merged.
D/MSF.C.NetConnTag(28582): [D]add ToServiceMsg msName:unknown ssoSeq:-454402096 appId:88886666 appSeq:-1 sName: uin:272166398 sCmd:ConfigPushSvc.PushResp t:30000 needResp:false to sendQueue
D/MSF.C.NetConnTag(28582): [E]pa ok: -454402096
D/MSF.D.MonitorSocket(28582): [W]|:0_1105503480 |write|395|2|MSF Signal|0
D/MSF.C.NetConnTag(28582): [E]netSend appid:88886666 appSeq:-1 ssoSeq:-454402096 uin:*6398 cmd:ConfigPushSvc.PushResp len:395
D/MSF.C.NetworkTraffic(28582): [W]write|395|2|ConfigPushSvc.PushResp
D/MSF.C.NetConnTag(28582): [E]send Packet addQueue, ssoSeq=-454402096, uin=*6398
V/AAA     (20940): trigger_action_code=0
V/AAA     (20940): result=1
V/AAA     (20940): primaryStr=1_1_1_17_1_1_215318528
V/AAA     (20940): selfStr=0_1_0
V/AAA     (20940): updateStr=1_1_0_20_0_6_0
V/AAA     (20940): newAppStr=1_1_0_10_0_3_0
V/AAA     (20940): trigger_action_code=0
V/AAA     (20940): result=1
I/PowerManager(13110):  release wake lock at time 2015-10-12 09:36:34 wakeLock  :flags = 1 tag= RILJ count = 0 refcounted= false mHeld= false
I/AlarmManager(  968): [timer]  setRepeating: 
I/AlarmManager(  968): [timer]   !!!take care!!!, it is a wakeup timer(type=0/2).
I/AlarmManager(  968): [timer]   --type = 2
I/AlarmManager(  968): [timer]   --current time = 2015-10-12 09:36:34
I/AlarmManager(  968): [timer]   --trigger time = 2015-10-12 09:37:04
I/AlarmManager(  968): [timer]   --trigger after 30000ms from now.
I/AlarmManager(  968): [timer]   --interval = 0
I/AlarmManager(  968): [timer]   --operation = PendingIntent{41ae1948: PendingIntentRecord{419ec2b0 com.tencent.android.qqdownloader broadcastIntent}}
I/AlarmManager(  968): [timer]   --target package = com.tencent.android.qqdownloader
W/AlarmManager(  968): set: Alarm{418f7648 type 2 com.tencent.android.qqdownloader}
V/AlarmManager(  968): Adding alarm Alarm{418f7648 type 2 com.tencent.android.qqdownloader} at 1
V/AAA     (20940): primaryStr=1_1_1_17_1_1_215318528
V/AAA     (20940): selfStr=0_1_0
V/AAA     (20940): updateStr=1_1_0_20_0_6_0
V/AAA     (20940): newAppStr=1_1_0_10_0_3_0
V/AAA     (20940): trigger_action_code=0
V/AAA     (20940): result=12
V/AAA     (20940): primaryStr=1_1_1_17_1_1_215318528
V/AAA     (20940): selfStr=0_1_0
V/AAA     (20940): updateStr=1_1_0_20_0_6_0
V/AAA     (20940): newAppStr=1_1_0_10_0_3_0
V/AAA     (20940): trigger_action_code=0
V/AAA     (20940): result=12
V/AAA     (20940): primaryStr=1_1_1_17_1_1_215318528
V/AAA     (20940): selfStr=0_1_0
V/AAA     (20940): updateStr=1_1_0_20_0_6_0
V/AAA     (20940): newAppStr=1_1_0_10_0_3_0
V/AAA     (20940): trigger_action_code=0
V/AAA     (20940): result=12
V/AAA     (20940): primaryStr=1_1_1_17_1_1_215318528
V/AAA     (20940): selfStr=0_1_0
V/AAA     (20940): updateStr=1_1_0_20_0_6_0
V/AAA     (20940): newAppStr=1_1_0_10_0_3_0
D/dalvikvm(11991): GC_CONCURRENT freed 626K, 58% free 4716K/11200K, paused 3ms+2ms, total 20ms
V/AAA     (20940): trigger_action_code=0
V/AAA     (20940): result=12
V/AAA     (20940): primaryStr=1_1_1_17_1_1_215318528
V/AAA     (20940): selfStr=0_1_0
V/AAA     (20940): updateStr=1_1_0_20_0_6_0
V/AAA     (20940): newAppStr=1_1_0_10_0_3_0
I/ActivityThread(11991): Acquiring provider com.tencent.server.fore.ForePluginContentProvider for user 0: existing object's process dead
D/MSF.D.MonitorSocket(28408): [W]screenOff
D/MSF.D.MonitorSocket(28408): [W]start to get status of Process
W/ActivityThread(11991): Content provider com.tencent.server.fore.ForePiContentProvider already published as com.tencent.server.fore.ForePluginContentProvider
I/ActivityThread(11991): Acquiring provider com.tencent.server.fore.ForePluginContentProvider for user 0: existing object's process dead
D/MSF.D.MonitorSocket(28582): [W]screenOff
D/MSF.D.MonitorSocket(28582): [W]start to get status of Process
D/MSF.D.MonitorSocket(28625): [W]screenOff
D/MSF.D.MonitorSocket(28625): [W]start to get status of Process
D/StandbyModeManager(28582): [E]stop try start standby by mobileOff ON when screenoff
D/QQWiFiScanManager(28582): [W]onReceive broadcast action = android.intent.action.SCREEN_OFF
I/ActivityThread(11991): Acquiring provider com.tencent.server.fore.ForePluginContentProvider for user 0: existing object's process dead
I/ActivityThread(11991): Acquiring provider com.tencent.server.fore.ForePluginContentProvider for user 0: existing object's process dead
D/MSF.C.LogManager(28582): [E]onReceive broadcastreceiver.action = android.intent.action.SCREEN_OFF
D/GuardManager(28625): [W]android.intent.action.SCREEN_OFF
D/GuardManager(28625): [W]reportForeground(false):[257051051 - 257064735 = 13]
I/ActivityThread(11991): Acquiring provider com.tencent.server.fore.ForePluginContentProvider for user 0: existing object's process dead
I/ActivityThread(11991): Acquiring provider com.tencent.server.fore.ForePluginContentProvider for user 0: existing object's process dead
D/ReportController(28625): [W]Create:com.tencent.mobileqq.app.QQAppInterface@41989d68
I/ActivityThread(11991): Acquiring provider com.tencent.server.fore.ForePluginContentProvider for user 0: existing object's process dead
W/ActivityThread(11991): Content provider com.tencent.server.fore.ForePiContentProvider already published as com.tencent.server.fore.ForePluginContentProvider
I/ActivityThread(11991): Acquiring provider com.tencent.server.fore.ForePluginContentProvider for user 0: existing object's process dead
D/MSF.D.Proxy(28625): [W] send req to msfService:ToServiceMsg msName:getServerConfig ssoSeq:-1 appId:537042986 appSeq:67075 sName:com.tencent.mobileqq.msf.service.MsfService uin:0 sCmd:cmd_getServerConfig t:30000 needResp:true
D/MSF.S.ReqHandler(28582): [W]recv com.tencent.mobileqq req:ToServiceMsg msName:getServerConfig ssoSeq:57673 appId:537042986 appSeq:67075 sName:com.tencent.mobileqq.msf.service.MsfService uin:0 sCmd:cmd_getServerConfig t:30000 needResp:true
I/ActivityThread(11991): Acquiring provider com.tencent.server.fore.ForePluginContentProvider for user 0: existing object's process dead
I/ActivityThread(11991): Acquiring provider com.tencent.server.fore.ForePluginContentProvider for user 0: existing object's process dead
D/MSF.S.AppProcessManager(28582): [W]send resp com.tencent.mobileqq to:ToServiceMsg msName:getServerConfig ssoSeq:57673 appId:537042986 appSeq:67075 sName:com.tencent.mobileqq.msf.service.MsfService uin:0 sCmd:cmd_getServerConfig t:30000 needResp:true from:FromServiceMsg msName:getServerConfig ssoSeq:57673 failCode:1000 errorMsg: uin:0 serviceCmd:cmd_getServerConfig appId:537042986 appSeq:67075
I/ActivityThread(11991): Acquiring provider com.tencent.server.fore.ForePluginContentProvider for user 0: existing object's process dead
D/MSF.D.Proxy(28625): [W] onResponse 57673 FromServiceMsg msName:getServerConfig ssoSeq:57673 failCode:1000 errorMsg: uin:0 serviceCmd:cmd_getServerConfig appId:537042986 appSeq:67075
D/MSF.D.Proxy(28625): [W]add queue req:ToServiceMsg msName:getServerConfig ssoSeq:57673 appId:537042986 appSeq:67075 sName:com.tencent.mobileqq.msf.service.MsfService uin:0 sCmd:cmd_getServerConfig t:30000 needResp:true from:FromServiceMsg msName:getServerConfig ssoSeq:57673 failCode:1000 errorMsg: uin:0 serviceCmd:cmd_getServerConfig appId:537042986 appSeq:67075
D/VerifyDevLockManagerImpl(28625): [W]checkVerifyDevLockSmsResp ssoSeq:57673 msfCmd:getServerConfig ret:1001 busCode:1000
D/MSF.D.RespHandleUtil(28625): [W]handle fmsg:FromServiceMsg msName:getServerConfig ssoSeq:57673 failCode:1000 errorMsg: uin:0 serviceCmd:cmd_getServerConfig appId:537042986 appSeq:67075
I/ActivityThread(11991): Acquiring provider com.tencent.server.fore.ForePluginContentProvider for user 0: existing object's process dead
D/dalvikvm(28582): GC_CONCURRENT freed 400K, 71% free 3321K/11200K, paused 3ms+1ms, total 14ms
W/ActivityThread(11991): Content provider com.tencent.server.fore.ForePiContentProvider already published as com.tencent.server.fore.ForePluginContentProvider
I/ActivityThread(11991): Acquiring provider com.tencent.server.fore.ForePluginContentProvider for user 0: existing object's process dead
D/QQAppInterface(28625): [W]getServerConfigValue type=common, key=ActionReportInterval, value=28800
D/ReportController(28625): [W]addReporting:272166398||Online_time|Fe_time|0|${count_unknown}|0|20151012||||, 13
I/ActivityThread(11991): Acquiring provider com.tencent.server.fore.ForePluginContentProvider for user 0: existing object's process dead
D/Q.gesturelock.util(28625): [W]getGesturePWDState.uin=272166398,state=1
W/ActivityThread(11991): Content provider com.tencent.server.fore.ForePiContentProvider already published as com.tencent.server.fore.ForePluginContentProvider
D/dalvikvm(28625): GC_CONCURRENT freed 969K, 54% free 6238K/13520K, paused 3ms+2ms, total 26ms
W/Settings(28582): Setting airplane_mode_on has moved from android.provider.Settings.System to android.provider.Settings.Global, returning read-only value.
D/MSF.C.StatReport(28582): [W]report RQD IMEI:863175021202599 eventName=GM_StartTime isSucceed:true elapse:34590411 size:0 isRealTime:false isMerge:false params:k=param_GatewayrIp, v=; k=param_NetworkInfo, v=2; k=param_deepSleep, v=0; k=Tag, v=01; k=param_NetworkOperator, v=CMCC; k=param_SsoServerIp, v=:; k=param_runStatus, v=1; 
W/Settings(28582): Setting airplane_mode_on has moved from android.provider.Settings.System to android.provider.Settings.Global, returning read-only value.
D/MSF.C.StatReport(28582): [W]report RQD IMEI:863175021202599 eventName=actLoginM isSucceed:true elapse:1523 size:0 isRealTime:false isMerge:false params:k=param_GatewayrIp, v=; k=param_NetworkInfo, v=2; k=param_deepSleep, v=0; k=param_NetworkOperator, v=CMCC; k=param_ProductVersion, v=537042986; k=param_FailCode, v=0; k=param_SsoServerIp, v=:; k=cost, v=1523; k=param_runStatus, v=1; 
W/Settings(28582): Setting airplane_mode_on has moved from android.provider.Settings.System to android.provider.Settings.Global, returning read-only value.
D/MSF.C.StatReport(28582): [W]report RQD IMEI:863175021202599 eventName=LinearAllocReplace isSucceed:true elapse:0 size:0 isRealTime:false isMerge:false params:k=param_GatewayrIp, v=; k=result, v=-1; k=param_NetworkInfo, v=2; k=osVersion, v=4.2.2; k=param_deepSleep, v=0; k=device, v=NX503A; k=param_NetworkOperator, v=CMCC; k=param_ProductVersion, v=537042986; k=param_FailCode, v=0; k=param_SsoServerIp, v=:; k=param_runStatus, v=1; 
W/Settings(28582): Setting airplane_mode_on has moved from android.provider.Settings.System to android.provider.Settings.Global, returning read-only value.
D/MSF.C.StatReport(28582): [W]report RQD IMEI:863175021202599 eventName=dim.Msf.ConnElapsedTime isSucceed:true elapse:197 size:0 isRealTime:false isMerge:false params:k=param_GatewayrIp, v=; k=param_NetworkInfo, v=2; k=param_deepSleep, v=0; k=param_connResult, v=s:113.108.90.53:14000,l:null,r:true,f:connSucc,d:conSucc,t:41,y:2,i:0; k=param_NetworkOperator, v=CMCC; k=param_FailCode, v=1; k=param_SsoServerIp, v=113.108.90.53:14000; k=param_GatewayIp, v=; k=param_runStatus, v=1; 
W/Settings(28582): Setting airplane_mode_on has moved from android.provider.Settings.System to android.provider.Settings.Global, returning read-only value.
D/MSF.C.StatReport(28582): [W]report RQD IMEI:863175021202599 eventName=msf_connAndRecv isSucceed:true elapse:39 size:0 isRealTime:false isMerge:false params:k=param_GatewayrIp, v=; k=param_runStatus_new, v=0; k=param_NetworkInfo, v=2; k=param_totalmemory, v=MemTotal:        1892384 kB; k=param_deepSleep, v=0; k=param_NetworkOperator, v=CMCC; k=param_Resolution, v=1080X1920; k=param_SsoServerIp, v=113.108.90.53:14000; k=param_LoginConnect, v=88886666|1|5.9.5.661|2|460:02:cn:false|30|207|9|false|1|1444613790823-113.108.90.53:14000-1:0-1:1:1:connSucc; k=param_runStatus, v=1; 
W/Settings(28582): Setting airplane_mode_on has moved from android.provider.Settings.System to android.provider.Settings.Global, returning read-only value.
D/MSF.C.StatReport(28582): [W]report RQD IMEI:863175021202599 eventName=unifiedMonitor isSucceed:true elapse:14003 size:0 isRealTime:false isMerge:false params:k=param_NetworkInfo, v=2; k=param_deepSleep, v=0; k=param_NetworkOperator, v=CMCC; k=param_ProductVersion, v=537042986; k=param_SsoServerIp, v=113.108.90.53:14000; k=build_type, v=dbg; k=param_runStatus, v=1; k=param_GatewayrIp, v=; k=revision, v=0; k=not_reported, v=-1; k=family, v=8; k=event, v=com.tencent.mobileqq.activity.LoginActivity; k=param_FailCode, v=0; 
D/dalvikvm(28582): GC_CONCURRENT freed 441K, 71% free 3342K/11200K, paused 2ms+1ms, total 14ms
D/qdhwcomposer(  397): hwc_blank: Done blanking display: 0
D/Surface (  968): Excessive delay in blankDisplay() while turning screen off: 382ms
W/AlarmManager(  968):  result = 2
W/AlarmManager(  968):  Checking for alarms... rtc=1444613795000, elapsed=487774519  result = 2
W/AlarmManager(  968):  - AlarmHandler triggerAlarmsLocked 
V/AlarmManager(  968): Checking active alarm when=1444613795000 Alarm{4c75a8a0 type 1 myworkspace.mobile.clients.android}
V/AlarmManager(  968): Alarm triggering: Alarm{4c75a8a0 type 1 myworkspace.mobile.clients.android}
V/AlarmManager(  968): Checking active alarm when=1444613823347 Alarm{41b9a518 type 1 com.tmall.wireless}
V/AlarmManager(  968): Adding alarm Alarm{4c75a8a0 type 1 myworkspace.mobile.clients.android} at 0
V/AlarmManager(  968):  setLocked  mDescriptor : 88    alarm.type : 1
W/AlarmManager(  968):  AlarmThread sending alarm Alarm{4c75a8a0 type 1 myworkspace.mobile.clients.android}
E/DeskClock(29188): AlarmInitReceiver.onReceive() action = android.intent.action.SLEEP_CLOCK
I/PowerManager(  968):  acquire wake lock at time 2015-10-12 09:36:35 wakeLock  :flags = 1 tag= AlarmManager count = 1 refcounted= true mHeld= true
I/PowerManager(  968):  release wake lock at time 2015-10-12 09:36:35 wakeLock  :flags = 1 tag= AlarmManager count = 0 refcounted= true mHeld= false
I/PowerManager(29188):  acquire wake lock at time 2015-10-12 09:36:35 wakeLock  :flags = 1 tag= AlarmClock count = 1 refcounted= true mHeld= true
I/PowerManager(29188):  release wake lock at time 2015-10-12 09:36:35 wakeLock  :flags = 1 tag= AlarmClock count = 0 refcounted= true mHeld= false
D/MSF.D.MonitorSocket(28582): [E]:0_1103883216 connect to host 3  succ.
D/MSF.D.MonitorSocket(28582): [W]|:0_1103883216 http://:0/analytics/upload?mType=beacon?rid=dbbf72|write|181|2|beacon?rid=dbbf723bb181d54b|4
D/MSF.D.MonitorSocket(28582): [W]|:0_1103883216 |write|4636|2|beacon?rid=dbbf723bb181d54b|4
D/MSF.D.MonitorSocket(28582): [W]|:0_1103883216 |read|199|2|beacon?rid=dbbf723bb181d54b|4
D/MSF.D.MonitorSocket(28582): [W]:0_1103883216  close MonitorSocket succ.
D/MSF.D.MonitorSocket(28582): [W]:0_1103883216  close MonitorSocket succ.
D/dalvikvm(28582): GC_CONCURRENT freed 405K, 71% free 3336K/11200K, paused 4ms+7ms, total 19ms
E/QCamera2Factory(  400): int qcamera::QCamera2Factory::getCameraInfo(int, camera_info*): E, camera_id = 0
E/QCamera2Factory(  400): int qcamera::QCamera2Factory::getCameraInfo(int, camera_info*): E, camera_id = 1
D/LocationManagerService(  968): getAllProviders()=[passive, gps, network]
D/BatteryService(  968): Sending ACTION_BATTERY_CHANGED.  level:17, scale:100, status:2, health:2, present:true, voltage: 3805, temperature: 350, technology: Li-ion, AC powered:false, USB powered:false, Wireless powered:false, icon:17303088, invalid charger:0
D/BatteryService(  968): Sending ACTION_BATTERY_CHANGED.  level:17, scale:100, status:2, health:2, present:true, voltage: 3798, temperature: 348, technology: Li-ion, AC powered:false, USB powered:false, Wireless powered:false, icon:17303088, invalid charger:0
I/Sensors (  968): ----------[sensors.cpp: activate: 454] {a=1,m=2,o=3,gy=4,l=5,pre=6,te=7,pro=8,gr=9,la=10,rv=11,hu=12,ate=13} (5: enabled)
I/PowerManagerService(  968): Waking up from sleep...
D/qtang   (  968): enableSingleUI
I/WindowManager(  968): No lock screen!
E/WindowManager(  968): Anti-misoperation finishScreenTurningOn
I/Sensors (  968): ----------[sensors.cpp: activate: 456] {a=0,m=1,l=2,pro=3,gy=4,pre=5,hu=6,te=7} (2)
I/LIGHT   (  968): ----------[LightSensor.cpp: setEnable: 163] LightSensor enable
W/ContextImpl(  968): Calling a method in the system process without a qualified user: android.app.ContextImpl.sendBroadcast:1051 com.android.server.am.ActivityStack.resumeTopActivityLocked:1776 com.android.server.am.ActivityStack.resumeTopActivityLocked:1447 com.android.server.am.ActivityManagerService.comeOutOfSleepIfNeededLocked:7209 com.android.server.am.ActivityManagerService.wakingUp:7224 
I/LIGHT   (  968): ----------[LightSensor.cpp: setEnable: 193] success to enable LightSensor
I/LIGHT   (  968): ----------[LightSensor.cpp: setDelay: 106] Enter
I/LIGHT   (  968): ----------[LightSensor.cpp: setDelay: 116] time = 200
I/LIGHT   (  968): ----------[LightSensor.cpp: setDelay: 124] setDelay success
E/SENSORS_QCOM_HAL(  968): hal_apply_rate, invalid handle 28
I/LIGHT   (  968): ----------[LightSensor.cpp: setDelay: 106] Enter
I/LIGHT   (  968): ----------[LightSensor.cpp: setDelay: 116] time = 1000
I/LIGHT   (  968): ----------[LightSensor.cpp: setDelay: 124] setDelay success
E/SENSORS_QCOM_HAL(  968): hal_apply_rate, invalid handle 28
E/qdlights(  968): /sys/class/leds/button-backlight/brightness on: 65793
V/BreathinglightService(  968): setBrightness 1
E/BreathinglightService(  968): getBrightness getBrightness =  2
W/WindowManager(  968): -- getSystemDecorRectLw --
V/BreathinglightService(  968): setBrightness 1
E/BreathinglightService(  968): getBrightness getBrightness =  1
E/BreathinglightService(  968): getBrightness getBrightness =  1
V/BreathinglightService(  968): setBrightness 1
E/BreathinglightService(  968): getBrightness getBrightness =  1
E/BreathinglightService(  968): getBrightness getBrightness =  1
V/BreathinglightService(  968): setBrightness 1
E/BreathinglightService(  968): getBrightness getBrightness =  1
E/BreathinglightService(  968): getBrightness getBrightness =  1
D/SurfaceFlinger(  397): Screen acquired, type=0 flinger=0x413d1318
D/qdhwcomposer(  397): hwc_blank: Unblanking display: 0
D/WifiNative-wlan0(  968): doString -------------- : SIGNAL_POLL
D/wpa_supplicant(13840): RX ctrl_iface - hexdump(len=11): 53 49 47 4e 41 4c 5f 50 4f 4c 4c
D/wpa_supplicant(13840): wlan0: Control interface command 'SIGNAL_POLL'
I/ActivityThread(11991): Acquiring provider com.tencent.server.fore.ForePluginContentProvider for user 0: existing object's process dead
D/wpa_supplicant(13840): nl80211: survey data missing!
D/WifiNative-wlan0(  968): doBoolean: DRIVER SETSUSPENDMODE 0
D/wpa_supplicant(13840): RX ctrl_iface - hexdump(len=23): 44 52 49 56 45 52 20 53 45 54 53 55 53 50 45 4e 44 4d 4f 44 45 20 30
D/wpa_supplicant(13840): wlan0: Control interface command 'DRIVER SETSUSPENDMODE 0'
I/qtaguid (  968): Failed write_ctrl(s 1 10071) res=-1 errno=1
W/NetworkManagementSocketTagger(  968): setKernelCountSet(10071, 1) failed with errno -1
I/ActivityThread(11991): Acquiring provider com.tencent.server.fore.ForePluginContentProvider for user 0: existing object's process dead
D/wpa_supplicant(13840): wpa_driver_nl80211_driver_cmd  len = 0, 0
W/ActivityThread(11991): Content provider com.tencent.server.fore.ForePiContentProvider already published as com.tencent.server.fore.ForePluginContentProvider
D/qdhwcomposer(  397): hwc_blank: Done unblanking display: 0
D/Surface (  968): Excessive delay in unblankDisplay() while turning screen on: 267ms
D/Q.gesturelock.util(28625): [W]getAppForground.uin=,isAppFroground=true
D/qqBaseActivity(28625): [W][1100513120]LoginActivity onResume.mAppForground = true,mCanLock=true
D/Q.gesturelock.util(28625): [W]getJumpLock.uin=272166398,isjumplock=false
D/main    (28625): [W]onResume in LoginActivity
D/GuardManager(28625): [W]FG_MAIN onEvent RESUME, null, 1, 1
I/AutoMonitor(28625): [D]FileLooper, cost=2, android.os.Handler|null|4
I/ActivityThread(11991): Acquiring provider com.tencent.server.fore.ForePluginContentProvider for user 0: existing object's process dead
W/ActivityThread(11991): Content provider com.tencent.server.fore.ForePiContentProvider already published as com.tencent.server.fore.ForePluginContentProvider
I/ActivityThread(11991): Acquiring provider com.tencent.server.fore.ForePluginContentProvider for user 0: existing object's process dead
I/AlarmManager(  968): [timer]  remove: 
I/AlarmManager(  968): [timer]   --operation = PendingIntent{42067580: PendingIntentRecord{41a44dc8 com.tencent.androidqqmail broadcastIntent}}
I/AlarmManager(  968): [timer]   --target package = com.tencent.androidqqmail
I/AlarmManager(  968): [timer]  setRepeating: 
I/AlarmManager(  968): [timer]   !!!take care!!!, it is a wakeup timer(type=0/2).
I/AlarmManager(  968): [timer]   --type = 2
I/AlarmManager(  968): [timer]   --current time = 2015-10-12 09:36:39
I/AlarmManager(  968): [timer]   --trigger time = 2015-10-12 09:46:39
I/AlarmManager(  968): [timer]   --trigger after 599999ms from now.
I/AlarmManager(  968): [timer]   --interval = 600000
I/AlarmManager(  968): [timer]   --operation = PendingIntent{41f78150: PendingIntentRecord{41a44dc8 com.tencent.androidqqmail broadcastIntent}}
I/AlarmManager(  968): [timer]   --target package = com.tencent.androidqqmail
W/AlarmManager(  968): set: Alarm{41b53cb8 type 2 com.tencent.androidqqmail}
V/AlarmManager(  968): Adding alarm Alarm{41b53cb8 type 2 com.tencent.androidqqmail} at 11
I/PowerManager(13110):  acquire wake lock at time 2015-10-12 09:36:39 wakeLock  :flags = 1 tag= RILJ count = 0 refcounted= false mHeld= true
D/PhoneApp(13110): mReceiver: ACTION_SCREEN_OFF / ACTION_SCREEN_ON
D/AccelerometerListener(13110): enable(false)
I/AlarmManager(  968): [timer]  remove: 
I/AlarmManager(  968): [timer]   --operation = PendingIntent{41d75cf0: PendingIntentRecord{41d123c0 android broadcastIntent}}
I/AlarmManager(  968): [timer]   --target package = android
D/dalvikvm(30333): GC_CONCURRENT freed 398K, 71% free 3266K/11200K, paused 4ms+2ms, total 39ms
I/PowerManager(13110):  release wake lock at time 2015-10-12 09:36:39 wakeLock  :flags = 1 tag= RILJ count = 0 refcounted= false mHeld= false
I/PowerManager(13110):  acquire wake lock at time 2015-10-12 09:36:39 wakeLock  :flags = 1 tag= RILJ count = 0 refcounted= false mHeld= true
I/PowerManager(13110):  acquire wake lock at time 2015-10-12 09:36:39 wakeLock  :flags = 1 tag= RILJ count = 0 refcounted= false mHeld= true
D/dalvikvm( 2653): GC_CONCURRENT freed 503K, 70% free 3433K/11200K, paused 2ms+1ms, total 19ms
I/AlarmManager(  968): [timer]  remove: 
I/AlarmManager(  968): [timer]   --operation = PendingIntent{432984a0: PendingIntentRecord{428eba40 com.tencent.android.qqdownloader broadcastIntent}}
I/AlarmManager(  968): [timer]   --target package = com.tencent.android.qqdownloader
I/PowerManager(13110):  acquire wake lock at time 2015-10-12 09:36:39 wakeLock  :flags = 1 tag= RILJ count = 0 refcounted= false mHeld= true
I/PowerManager(13110):  acquire wake lock at time 2015-10-12 09:36:39 wakeLock  :flags = 1 tag= RILJ count = 0 refcounted= false mHeld= true
D/StatusBar.NetworkController(22419): onSignalStrengthsChanged signalStrength=SignalStrength: 27 0 -120 -160 -120 -1 -1 99 2147483647 2147483647 2147483647 2147483647 2147483647 gsm|lte level=4
D/StatusBar.NetworkController(22419): refreshViews: Data not connected!! Set no data type icon / Roaming
D/StatusBar.NetworkController(22419): refreshViews connected={ wifi } level=4 combinedSignalIconId=0x7f020119/com.android.systemui:drawable/stat_sys_wifi_signal_4 combinedActivityIconId=0x7f020110 mobileLabel=CMCC wifiLabel="Tencent-StaffWiFi"xxxxXXXXxxxxXXXX emergencyOnly=false combinedLabel="Tencent-StaffWiFi"xxxxXXXXxxxxXXXX mAirplaneMode=false mDataActivity=0 mPhoneSignalIconId=0x7f020100 mQSPhoneSignalIconId=0x7f020058 mDataDirectionIconId=0x0 mDataSignalIconId=0x7f020100 mDataTypeIconId=0x0 mQSDataTypeIconId=0x0 mNoSimIconId=0x0 mWifiIconId=0x7f020119 mQSWifiIconId=0x7f020068 mBluetoothTetherIconId=0x1080667
D/dalvikvm(11991): GC_CONCURRENT freed 319K, 55% free 5063K/11200K, paused 3ms+4ms, total 34ms
W/WindowManager(  968): -- getSystemDecorRectLw --
D/CarrierLabel(22419): mNetworkName CMCC
I/PowerManager(13110):  release wake lock at time 2015-10-12 09:36:39 wakeLock  :flags = 1 tag= RILJ count = 0 refcounted= false mHeld= false
I/PowerManager(13110):  acquire wake lock at time 2015-10-12 09:36:39 wakeLock  :flags = 1 tag= RILJ count = 0 refcounted= false mHeld= true
D/AndroidRuntime(29374): 
D/AndroidRuntime(29374): >>>>>> AndroidRuntime START com.android.internal.os.RuntimeInit <<<<<<
D/AndroidRuntime(29374): CheckJNI is OFF
I/PowerManager(13110):  acquire wake lock at time 2015-10-12 09:36:39 wakeLock  :flags = 1 tag= RILJ count = 0 refcounted= false mHeld= true
D/dalvikvm(29374): Unable to stat classpath element '/system/framework/dolbymobile.jar'
I/dalvikvm(29374): DexOpt: Some deps went away
E/dalvikvm(29374): /system/framework/qcom.fmradio.jar odex has stale dependencies
I/dalvikvm(29374): Zip is good, but no classes.dex inside, and no valid .odex file in the same directory
D/dalvikvm(29374): Unable to process classpath element '/system/framework/qcom.fmradio.jar'
D/dalvikvm(29374): Trying to load lib libjavacore.so 0x0
W/CellInfoLte(13110): getCellIdentity: LteCellIdentitiy:android.telephony.CellIdentityLte@7fffff65 mMcc=2147483647 mMnc=2147483647 mCi=2147483647 mPci=2147483647 mTac=2147483647
I/PowerManager(13110):  acquire wake lock at time 2015-10-12 09:36:39 wakeLock  :flags = 1 tag= RILJ count = 0 refcounted= false mHeld= true
I/PowerManager(13110):  acquire wake lock at time 2015-10-12 09:36:39 wakeLock  :flags = 1 tag= RILJ count = 0 refcounted= false mHeld= true
D/dalvikvm(29374): Added shared lib libjavacore.so 0x0
D/dalvikvm(29374): Trying to load lib libnativehelper.so 0x0
D/dalvikvm(29374): Added shared lib libnativehelper.so 0x0
I/PowerManager(13110):  release wake lock at time 2015-10-12 09:36:39 wakeLock  :flags = 1 tag= RILJ count = 0 refcounted= false mHeld= false
D/DisplayPowerController(  968): [LIGHT]: [GetAutoBrightnessValue] lcd_auto_brightness_level = -1
I/jdwp    (28582): Ignoring second debugger -- accepting and dropping
I/jdwp    (28625): Ignoring second debugger -- accepting and dropping
D/MSF.D.MonitorSocket(28408): [W]screenOn
D/MSF.D.MonitorSocket(28408): [W]start to get status of Process
I/ActivityThread(11991): Acquiring provider com.tencent.server.fore.ForePluginContentProvider for user 0: existing object's process dead
D/MSF.D.MonitorSocket(28582): [W]screenOn
D/MSF.D.MonitorSocket(28582): [W]start to get status of Process
D/MSF.D.MonitorSocket(28625): [W]screenOn
D/MSF.D.MonitorSocket(28625): [W]start to get status of Process
W/ActivityThread(11991): Content provider com.tencent.server.fore.ForePiContentProvider already published as com.tencent.server.fore.ForePluginContentProvider
I/ActivityThread(11991): Acquiring provider com.tencent.server.fore.ForePluginContentProvider for user 0: existing object's process dead
I/jdwp    (29374): Ignoring second debugger -- accepting and dropping
D/QQWiFiScanManager(28582): [W]onReceive broadcast action = android.intent.action.SCREEN_ON
I/ActivityThread(11991): Acquiring provider com.tencent.server.fore.ForePluginContentProvider for user 0: existing object's process dead
D/MSF.C.LogManager(28582): [E]onReceive broadcastreceiver.action = android.intent.action.SCREEN_ON
I/ActivityThread(11991): Acquiring provider com.tencent.server.fore.ForePluginContentProvider for user 0: existing object's process dead
D/GuardManager(28625): [W]android.intent.action.SCREEN_ON
W/ActivityThread(11991): Content provider com.tencent.server.fore.ForePiContentProvider already published as com.tencent.server.fore.ForePluginContentProvider
I/jdwp    (28408): Ignoring second debugger -- accepting and dropping
D/test    ( 3898): registrationId=Ass0iWsKVgOAcuGUxdkpgYjV3x6fxAakVdjPAfmk7Zi4,oldVersion=1965776656,newVersion=1965776656
D/agoo.fsq( 3898): [a] onHandlerScreenOnOrUserPresent-->[connect successfully]
D/AndroidRuntime(29374): Calling main entry com.android.commands.am.Am
D/dalvikvm(29374): Note: class Landroid/app/ActivityManagerNative; has 157 unimplemented (abstract) methods
D/dalvikvm( 2653): GC_CONCURRENT freed 415K, 69% free 3529K/11200K, paused 2ms+1ms, total 20ms
D/dalvikvm( 2653): WAIT_FOR_CONCURRENT_GC blocked 3ms
D/AndroidRuntime(29374): Shutting down VM
D/dalvikvm(29374): GC_CONCURRENT freed 97K, 17% free 518K/620K, paused 2ms+0ms, total 3ms
D/jdwp    (29374): Got wake-up signal, bailing out of select
D/dalvikvm(29374): Debugger has detached; object registry had 1 entries
D/dalvikvm(27750): GC_CONCURRENT freed 484K, 65% free 3988K/11200K, paused 18ms+2ms, total 71ms
D/dalvikvm(27750): WAIT_FOR_CONCURRENT_GC blocked 30ms
I/jdwp    (28582): Ignoring second debugger -- accepting and dropping
I/jdwp    (28625): Ignoring second debugger -- accepting and dropping
W/beacon  (20940):  err BF 3R! num:1
W/beacon  (20940):  err BF 3R! num:2
D/dalvikvm(11991): GC_CONCURRENT freed 1137K, 58% free 4755K/11200K, paused 8ms+2ms, total 29ms
I/jdwp    (28408): Ignoring second debugger -- accepting and dropping
D/dalvikvm(11991): WAIT_FOR_CONCURRENT_GC blocked 18ms
W/beacon  (20940):  err BF 3R! num:1
E/SQLiteLog(20940): (1) no such table: background_scan
W/System.err(20940): android.database.sqlite.SQLiteException: no such table: background_scan (code 1): , while compiling: SELECT * FROM background_scan WHERE scan_type=?
I/ActivityThread(11991): Acquiring provider com.tencent.server.fore.ForePluginContentProvider for user 0: existing object's process dead
I/ActivityThread(11991): Acquiring provider com.tencent.server.fore.ForePluginContentProvider for user 0: existing object's process dead
W/ActivityThread(11991): Content provider com.tencent.server.fore.ForePiContentProvider already published as com.tencent.server.fore.ForePluginContentProvider
W/System.err(20940): 	at android.database.sqlite.SQLiteConnection.nativePrepareStatement(Native Method)
W/System.err(20940): 	at android.database.sqlite.SQLiteConnection.acquirePreparedStatement(SQLiteConnection.java:882)
W/System.err(20940): 	at android.database.sqlite.SQLiteConnection.prepare(SQLiteConnection.java:493)
W/System.err(20940): 	at android.database.sqlite.SQLiteSession.prepare(SQLiteSession.java:588)
W/System.err(20940): 	at android.database.sqlite.SQLiteProgram.<init>(SQLiteProgram.java:58)
W/System.err(20940): 	at android.database.sqlite.SQLiteQuery.<init>(SQLiteQuery.java:37)
W/System.err(20940): 	at android.database.sqlite.SQLiteDirectCursorDriver.query(SQLiteDirectCursorDriver.java:44)
W/System.err(20940): 	at android.database.sqlite.SQLiteDatabase.rawQueryWithFactory(SQLiteDatabase.java:1314)
W/System.err(20940): 	at android.database.sqlite.SQLiteDatabase.queryWithFactory(SQLiteDatabase.java:1161)
W/System.err(20940): 	at android.database.sqlite.SQLiteDatabase.query(SQLiteDatabase.java:1032)
W/System.err(20940): 	at android.database.sqlite.SQLiteDatabase.query(SQLiteDatabase.java:1200)
W/System.err(20940): 	at com.tencent.assistant.db.helper.SQLiteDatabaseWrapper.query(ProGuard:134)
W/System.err(20940): 	at com.tencent.assistant.db.table.f.a(ProGuard:132)
W/System.err(20940): 	at com.tencent.nucleus.manager.backgroundscan.BackgroundScanManager.a(ProGuard:191)
W/System.err(20940): 	at com.tencent.nucleus.manager.backgroundscan.k.a(ProGuard:568)
W/System.err(20940): 	at com.tencent.nucleus.manager.backgroundscan.k.a(ProGuard:560)
W/System.err(20940): 	at com.tencent.nucleus.manager.spaceclean.SpaceScanManager.a(ProGuard:353)
W/System.err(20940): 	at com.tencent.nucleus.manager.spaceclean.SpaceScanManager.a(ProGuard:63)
W/System.err(20940): 	at com.tencent.nucleus.manager.spaceclean.ao.run(ProGuard:634)
W/System.err(20940): 	at java.util.concurrent.Executors$RunnableAdapter.call(Executors.java:390)
W/System.err(20940): 	at java.util.concurrent.FutureTask.run(FutureTask.java:234)
W/System.err(20940): 	at java.util.concurrent.ThreadPoolExecutor.runWorker(ThreadPoolExecutor.java:1080)
W/System.err(20940): 	at java.util.concurrent.ThreadPoolExecutor$Worker.run(ThreadPoolExecutor.java:573)
W/System.err(20940): 	at java.lang.Thread.run(Thread.java:856)
E/SQLiteLog(20940): (1) no such table: background_scan
E/SQLiteDatabase(20940): Error inserting scan_result=-1 scan_type=4 last_push_time=0 weight=250.0 time_gap=21600000
E/SQLiteDatabase(20940): android.database.sqlite.SQLiteException: no such table: background_scan (code 1): , while compiling: INSERT INTO background_scan(scan_result,scan_type,last_push_time,weight,time_gap) VALUES (?,?,?,?,?)
E/SQLiteDatabase(20940): 	at android.database.sqlite.SQLiteConnection.nativePrepareStatement(Native Method)
E/SQLiteDatabase(20940): 	at android.database.sqlite.SQLiteConnection.acquirePreparedStatement(SQLiteConnection.java:882)
E/SQLiteDatabase(20940): 	at android.database.sqlite.SQLiteConnection.prepare(SQLiteConnection.java:493)
E/SQLiteDatabase(20940): 	at android.database.sqlite.SQLiteSession.prepare(SQLiteSession.java:588)
E/SQLiteDatabase(20940): 	at android.database.sqlite.SQLiteProgram.<init>(SQLiteProgram.java:58)
E/SQLiteDatabase(20940): 	at android.database.sqlite.SQLiteStatement.<init>(SQLiteStatement.java:31)
E/SQLiteDatabase(20940): 	at android.database.sqlite.SQLiteDatabase.insertWithOnConflict(SQLiteDatabase.java:1467)
E/SQLiteDatabase(20940): 	at android.database.sqlite.SQLiteDatabase.insert(SQLiteDatabase.java:1339)
E/SQLiteDatabase(20940): 	at com.tencent.assistant.db.helper.SQLiteDatabaseWrapper.insert(ProGuard:42)
E/SQLiteDatabase(20940): 	at com.tencent.assistant.db.table.f.a(ProGuard:91)
E/SQLiteDatabase(20940): 	at com.tencent.nucleus.manager.backgroundscan.BackgroundScanManager.a(ProGuard:195)
E/SQLiteDatabase(20940): 	at com.tencent.nucleus.manager.backgroundscan.k.a(ProGuard:568)
E/SQLiteDatabase(20940): 	at com.tencent.nucleus.manager.backgroundscan.k.a(ProGuard:560)
E/SQLiteDatabase(20940): 	at com.tencent.nucleus.manager.spaceclean.SpaceScanManager.a(ProGuard:353)
E/SQLiteDatabase(20940): 	at com.tencent.nucleus.manager.spaceclean.SpaceScanManager.a(ProGuard:63)
E/SQLiteDatabase(20940): 	at com.tencent.nucleus.manager.spaceclean.ao.run(ProGuard:634)
E/SQLiteDatabase(20940): 	at java.util.concurrent.Executors$RunnableAdapter.call(Executors.java:390)
E/SQLiteDatabase(20940): 	at java.util.concurrent.FutureTask.run(FutureTask.java:234)
E/SQLiteDatabase(20940): 	at java.util.concurrent.ThreadPoolExecutor.runWorker(ThreadPoolExecutor.java:1080)
E/SQLiteDatabase(20940): 	at java.util.concurrent.ThreadPoolExecutor$Worker.run(ThreadPoolExecutor.java:573)
E/SQLiteDatabase(20940): 	at java.lang.Thread.run(Thread.java:856)
E/SQLiteLog(20940): (1) no such table: background_scan
W/System.err(20940): android.database.sqlite.SQLiteException: no such table: background_scan (code 1): , while compiling: UPDATE background_scan SET scan_result=?,scan_type=?,last_push_time=?,weight=?,time_gap=? WHERE scan_type=?
W/System.err(20940): 	at android.database.sqlite.SQLiteConnection.nativePrepareStatement(Native Method)
W/System.err(20940): 	at android.database.sqlite.SQLiteConnection.acquirePreparedStatement(SQLiteConnection.java:882)
W/System.err(20940): 	at android.database.sqlite.SQLiteConnection.prepare(SQLiteConnection.java:493)
W/System.err(20940): 	at android.database.sqlite.SQLiteSession.prepare(SQLiteSession.java:588)
W/System.err(20940): 	at android.database.sqlite.SQLiteProgram.<init>(SQLiteProgram.java:58)
W/System.err(20940): 	at android.database.sqlite.SQLiteStatement.<init>(SQLiteStatement.java:31)
W/System.err(20940): 	at android.database.sqlite.SQLiteDatabase.updateWithOnConflict(SQLiteDatabase.java:1563)
W/System.err(20940): 	at android.database.sqlite.SQLiteDatabase.update(SQLiteDatabase.java:1514)
W/System.err(20940): 	at com.tencent.assistant.db.helper.SQLiteDatabaseWrapper.update(ProGuard:157)
W/System.err(20940): 	at com.tencent.assistant.db.table.f.b(ProGuard:103)
W/System.err(20940): 	at com.tencent.nucleus.manager.backgroundscan.k.a(ProGuard:570)
W/System.err(20940): 	at com.tencent.nucleus.manager.backgroundscan.k.a(ProGuard:560)
W/System.err(20940): 	at com.tencent.nucleus.manager.spaceclean.SpaceScanManager.a(ProGuard:353)
W/System.err(20940): 	at com.tencent.nucleus.manager.spaceclean.SpaceScanManager.a(ProGuard:63)
W/System.err(20940): 	at com.tencent.nucleus.manager.spaceclean.ao.run(ProGuard:634)
W/System.err(20940): 	at java.util.concurrent.Executors$RunnableAdapter.call(Executors.java:390)
W/System.err(20940): 	at java.util.concurrent.FutureTask.run(FutureTask.java:234)
W/System.err(20940): 	at java.util.concurrent.ThreadPoolExecutor.runWorker(ThreadPoolExecutor.java:1080)
W/System.err(20940): 	at java.util.concurrent.ThreadPoolExecutor$Worker.run(ThreadPoolExecutor.java:573)
W/System.err(20940): 	at java.lang.Thread.run(Thread.java:856)
W/beacon  (20940):  err BF 3R! num:2
W/beacon  (20940):  err BF 3R! num:1
D/dalvikvm(11991): GC_CONCURRENT freed 728K, 58% free 4757K/11200K, paused 4ms+2ms, total 24ms
D/dalvikvm(11991): WAIT_FOR_CONCURRENT_GC blocked 16ms
W/beacon  (20940):  err BF 3R! num:2
D/dalvikvm(11991): GC_CONCURRENT freed 717K, 58% free 4771K/11200K, paused 2ms+7ms, total 27ms
D/dalvikvm(11991): WAIT_FOR_CONCURRENT_GC blocked 12ms
I/ActivityThread(11991): Acquiring provider com.tencent.server.fore.ForePluginContentProvider for user 0: existing object's process dead
I/ActivityThread(11991): Acquiring provider com.tencent.server.fore.ForePluginContentProvider for user 0: existing object's process dead
W/ActivityThread(11991): Content provider com.tencent.server.fore.ForePiContentProvider already published as com.tencent.server.fore.ForePluginContentProvider
I/ActivityThread(11991): Acquiring provider com.tencent.server.fore.ForePluginContentProvider for user 0: existing object's process dead
I/ActivityThread(11991): Acquiring provider com.tencent.server.fore.ForePluginContentProvider for user 0: existing object's process dead
I/ActivityThread(11991): Acquiring provider com.tencent.server.fore.ForePluginContentProvider for user 0: existing object's process dead
I/ActivityThread(11991): Acquiring provider com.tencent.server.fore.ForePluginContentProvider for user 0: existing object's process dead
W/ActivityThread(11991): Content provider com.tencent.server.fore.ForePiContentProvider already published as com.tencent.server.fore.ForePluginContentProvider
I/ActivityThread(11991): Acquiring provider com.tencent.server.fore.ForePluginContentProvider for user 0: existing object's process dead
I/ActivityThread(11991): Acquiring provider com.tencent.server.fore.ForePluginContentProvider for user 0: existing object's process dead
I/ActivityThread(11991): Acquiring provider com.tencent.server.fore.ForePluginContentProvider for user 0: existing object's process dead
W/ActivityThread(11991): Content provider com.tencent.server.fore.ForePiContentProvider already published as com.tencent.server.fore.ForePluginContentProvider
W/ActivityThread(11991): Content provider com.tencent.server.fore.ForePiContentProvider already published as com.tencent.server.fore.ForePluginContentProvider
I/ActivityThread(11991): Acquiring provider com.tencent.server.fore.ForePluginContentProvider for user 0: existing object's process dead
I/ActivityThread(11991): Acquiring provider com.tencent.server.fore.ForePluginContentProvider for user 0: existing object's process dead
W/ActivityThread(11991): Content provider com.tencent.server.fore.ForePiContentProvider already published as com.tencent.server.fore.ForePluginContentProvider
I/ActivityThread(11991): Acquiring provider com.tencent.server.fore.ForePluginContentProvider for user 0: existing object's process dead
I/ActivityThread(11991): Acquiring provider com.tencent.server.fore.ForePluginContentProvider for user 0: existing object's process dead
I/ActivityThread(11991): Acquiring provider com.tencent.server.fore.ForePluginContentProvider for user 0: existing object's process dead
I/ActivityThread(11991): Acquiring provider com.tencent.server.fore.ForePluginContentProvider for user 0: existing object's process dead
I/ActivityThread(11991): Acquiring provider com.tencent.server.fore.ForePluginContentProvider for user 0: existing object's process dead
W/System.err(11991): java.lang.IllegalArgumentException: Receiver not registered: com.meri.service.k$a@4189d900
W/System.err(11991): 	at android.app.LoadedApk.forgetReceiverDispatcher(LoadedApk.java:669)
W/System.err(11991): 	at android.app.ContextImpl.unregisterReceiver(ContextImpl.java:1358)
W/System.err(11991): 	at android.content.ContextWrapper.unregisterReceiver(ContextWrapper.java:445)
W/System.err(11991): 	at com.meri.service.k$a.As(SourceFile:289)
W/System.err(11991): 	at com.meri.service.k$a.a(SourceFile:281)
W/System.err(11991): 	at com.meri.service.k.gX(SourceFile:199)
W/System.err(11991): 	at com.meri.service.k.b(SourceFile:30)
W/System.err(11991): 	at com.meri.service.k$2.a(SourceFile:166)
W/System.err(11991): 	at com.meri.service.m$5.run(SourceFile:397)
W/System.err(11991): 	at tcs.aet.d(SourceFile:364)
W/System.err(11991): 	at tcs.aet.c(SourceFile:349)
W/System.err(11991): 	at tcs.aet.TM(SourceFile:150)
W/System.err(11991): 	at tcs.aev.a(SourceFile:57)
W/System.err(11991): 	at tcs.aet$1.run(SourceFile:218)
I/ActivityThread(11991): Acquiring provider com.tencent.server.fore.ForePluginContentProvider for user 0: existing object's process dead
I/ActivityThread(11991): Acquiring provider com.tencent.server.fore.ForePluginContentProvider for user 0: existing object's process dead
I/ActivityThread(11991): Acquiring provider com.tencent.server.fore.ForePluginContentProvider for user 0: existing object's process dead
I/ActivityThread(11991): Acquiring provider com.tencent.server.fore.ForePluginContentProvider for user 0: existing object's process dead
I/ActivityThread(11991): Acquiring provider com.tencent.server.fore.ForePluginContentProvider for user 0: existing object's process dead
D/dalvikvm( 2653): GC_CONCURRENT freed 421K, 69% free 3526K/11200K, paused 3ms+2ms, total 20ms
I/ActivityThread(11991): Acquiring provider com.tencent.server.fore.ForePluginContentProvider for user 0: existing object's process dead
I/ActivityThread(11991): Acquiring provider com.tencent.server.fore.ForePluginContentProvider for user 0: existing object's process dead
W/ActivityThread(11991): Content provider com.tencent.server.fore.ForePiContentProvider already published as com.tencent.server.fore.ForePluginContentProvider
I/ActivityThread(11991): Acquiring provider com.tencent.server.fore.ForePluginContentProvider for user 0: existing object's process dead
I/ActivityThread(11991): Acquiring provider com.tencent.server.fore.ForePluginContentProvider for user 0: existing object's process dead
I/ActivityThread(11991): Acquiring provider com.tencent.server.fore.ForePluginContentProvider for user 0: existing object's process dead
I/ActivityThread(11991): Acquiring provider com.tencent.server.fore.ForePluginContentProvider for user 0: existing object's process dead
W/ActivityThread(11991): Content provider com.tencent.server.fore.ForePiContentProvider already published as com.tencent.server.fore.ForePluginContentProvider
D/dalvikvm(11991): GC_CONCURRENT freed 588K, 57% free 4918K/11200K, paused 2ms+3ms, total 27ms
D/dalvikvm(11991): WAIT_FOR_CONCURRENT_GC blocked 19ms
D/dalvikvm(11991): WAIT_FOR_CONCURRENT_GC blocked 19ms
I/ActivityThread(11991): Acquiring provider com.tencent.server.fore.ForePluginContentProvider for user 0: existing object's process dead
I/ActivityThread(11991): Acquiring provider com.tencent.server.fore.ForePluginContentProvider for user 0: existing object's process dead
W/ActivityThread(11991): Content provider com.tencent.server.fore.ForePiContentProvider already published as com.tencent.server.fore.ForePluginContentProvider
I/ActivityThread(11991): Acquiring provider com.tencent.server.fore.ForePluginContentProvider for user 0: existing object's process dead
I/ActivityThread(11991): Acquiring provider com.tencent.server.fore.ForePluginContentProvider for user 0: existing object's process dead
I/ActivityThread(11991): Acquiring provider com.tencent.server.fore.ForePluginContentProvider for user 0: existing object's process dead
D/dalvikvm( 2653): GC_CONCURRENT freed 394K, 69% free 3532K/11200K, paused 2ms+1ms, total 13ms
I/ActivityThread(11991): Acquiring provider com.tencent.server.fore.ForePluginContentProvider for user 0: existing object's process dead
I/ActivityThread(11991): Acquiring provider com.tencent.server.fore.ForePluginContentProvider for user 0: existing object's process dead
I/ActivityThread(11991): Acquiring provider com.tencent.server.fore.ForePluginContentProvider for user 0: existing object's process dead
I/ActivityThread(11991): Acquiring provider com.tencent.server.fore.ForePluginContentProvider for user 0: existing object's process dead
I/ActivityThread(11991): Acquiring provider com.tencent.server.fore.ForePluginContentProvider for user 0: existing object's process dead
I/ActivityThread(11991): Acquiring provider com.tencent.server.fore.ForePluginContentProvider for user 0: existing object's process dead
I/ActivityThread(11991): Acquiring provider com.tencent.server.fore.ForePluginContentProvider for user 0: existing object's process dead
I/ActivityThread(11991): Acquiring provider com.tencent.server.fore.ForePluginContentProvider for user 0: existing object's process dead
I/ActivityThread(11991): Acquiring provider com.tencent.server.fore.ForePluginContentProvider for user 0: existing object's process dead
I/ActivityThread(11991): Acquiring provider com.tencent.server.fore.ForePluginContentProvider for user 0: existing object's process dead
I/ActivityThread(11991): Acquiring provider com.tencent.server.fore.ForePluginContentProvider for user 0: existing object's process dead
I/ActivityThread(11991): Acquiring provider com.tencent.server.fore.ForePluginContentProvider for user 0: existing object's process dead
I/ActivityThread(11991): Acquiring provider com.tencent.server.fore.ForePluginContentProvider for user 0: existing object's process dead
I/ActivityThread(11991): Acquiring provider com.tencent.server.fore.ForePluginContentProvider for user 0: existing object's process dead
I/ActivityThread(11991): Acquiring provider com.tencent.server.fore.ForePluginContentProvider for user 0: existing object's process dead
I/ActivityThread(11991): Acquiring provider com.tencent.server.fore.ForePluginContentProvider for user 0: existing object's process dead
I/ActivityThread(11991): Acquiring provider com.tencent.server.fore.ForePluginContentProvider for user 0: existing object's process dead
W/ActivityThread(11991): Content provider com.tencent.server.fore.ForePiContentProvider already published as com.tencent.server.fore.ForePluginContentProvider
W/AlarmManager(  968):  result = 2
W/AlarmManager(  968):  Checking for alarms... rtc=1444613800000, elapsed=487779519  result = 2
W/AlarmManager(  968):  - AlarmHandler triggerAlarmsLocked 
V/AlarmManager(  968): Checking active alarm when=1444613800000 Alarm{4c75a8a0 type 1 myworkspace.mobile.clients.android}
V/AlarmManager(  968): Alarm triggering: Alarm{4c75a8a0 type 1 myworkspace.mobile.clients.android}
V/AlarmManager(  968): Checking active alarm when=1444613823347 Alarm{41b9a518 type 1 com.tmall.wireless}
V/AlarmManager(  968): Adding alarm Alarm{4c75a8a0 type 1 myworkspace.mobile.clients.android} at 0
V/AlarmManager(  968):  setLocked  mDescriptor : 88    alarm.type : 1
W/AlarmManager(  968):  AlarmThread sending alarm Alarm{4c75a8a0 type 1 myworkspace.mobile.clients.android}
I/PowerManager(  968):  acquire wake lock at time 2015-10-12 09:36:40 wakeLock  :flags = 1 tag= AlarmManager count = 1 refcounted= true mHeld= true
I/PowerManager(  968):  release wake lock at time 2015-10-12 09:36:40 wakeLock  :flags = 1 tag= AlarmManager count = 0 refcounted= true mHeld= false
E/qdlights(  968): /sys/class/leds/button-backlight/brightness on: 0
E/qdlights(  968): /sys/class/leds/button-backlight/brightness on: 65793
V/BreathinglightService(  968): setBrightness 1
E/BreathinglightService(  968): getBrightness getBrightness =  1
E/BreathinglightService(  968): getBrightness getBrightness =  1
D/dalvikvm(28625): GC_FOR_ALLOC freed 300K, 51% free 6708K/13520K, paused 17ms, total 18ms
D/dalvikvm(28625): GC_CONCURRENT freed 558K, 45% free 7493K/13520K, paused 3ms+1ms, total 17ms
D/dalvikvm(28625): WAIT_FOR_CONCURRENT_GC blocked 5ms
W/WindowManager(  968): -- getSystemDecorRectLw --
W/WindowManager(  968): -- getSystemDecorRectLw --
D/WifiNative-wlan0(  968): doString -------------- : SIGNAL_POLL
