D/wpa_supplicant(13840): RX ctrl_iface - hexdump(len=11): 53 49 47 4e 41 4c 5f 50 4f 4c 4c
D/wpa_supplicant(13840): wlan0: Control interface command 'SIGNAL_POLL'
D/wpa_supplicant(13840): nl80211: survey data missing!
I/PowerManager( 7274):  acquire wake lock at time 2015-10-12 09:36:42 wakeLock  :flags = 1 tag= PUSH count = 1 refcounted= true mHeld= true
I/PowerManager( 7274):  release wake lock at time 2015-10-12 09:36:42 wakeLock  :flags = 1 tag= PUSH count = 0 refcounted= true mHeld= false
E/qdlights(  968): /sys/class/leds/button-backlight/brightness on: 0
E/qdlights(  968): /sys/class/leds/button-backlight/brightness on: 65793
V/BreathinglightService(  968): setBrightness 1
E/BreathinglightService(  968): getBrightness getBrightness =  1
E/BreathinglightService(  968): getBrightness getBrightness =  1
W/WindowManager(  968): -- getSystemDecorRectLw --
W/ResourceType(28625): No package identifier when getting name for resource number 0x0000020e
D/dalvikvm( 1202): GC_FOR_ALLOC freed 348K, 81% free 7519K/39380K, paused 32ms, total 43ms
I/dalvikvm-heap( 1202): Grow heap (frag case) to 11.314MB for 3183856-byte allocation
W/WindowManager(  968): -- getSystemDecorRectLw --
D/dalvikvm( 1202): GC_CONCURRENT freed 4K, 74% free 10624K/39380K, paused 2ms+1ms, total 27ms
D/dalvikvm( 1202): WAIT_FOR_CONCURRENT_GC blocked 8ms
I/dalvikvm-heap( 1202): Grow heap (frag case) to 14.347MB for 3183856-byte allocation
W/WindowManager(  968): -- getSystemDecorRectLw --
D/dalvikvm( 1202): GC_CONCURRENT freed <1K, 66% free 13733K/39380K, paused 2ms+1ms, total 18ms
I/ActivityThread(11991): Acquiring provider com.tencent.server.fore.ForePluginContentProvider for user 0: existing object's process dead
I/ActivityThread(11991): Acquiring provider com.tencent.server.fore.ForePluginContentProvider for user 0: existing object's process dead
I/ActivityThread(11991): Acquiring provider com.tencent.server.fore.ForePluginContentProvider for user 0: existing object's process dead
W/ActivityThread(11991): Content provider com.tencent.server.fore.ForePiContentProvider already published as com.tencent.server.fore.ForePluginContentProvider
I/ActivityThread(11991): Acquiring provider com.tencent.server.fore.ForePluginContentProvider for user 0: existing object's process dead
D/dalvikvm( 1202): GC_FOR_ALLOC freed 1K, 66% free 13737K/39380K, paused 15ms, total 16ms
I/dalvikvm-heap( 1202): Grow heap (frag case) to 22.260MB for 8294416-byte allocation
D/dalvikvm( 1202): GC_CONCURRENT freed <1K, 45% free 21837K/39380K, paused 2ms+1ms, total 16ms
D/dalvikvm( 1202): WAIT_FOR_CONCURRENT_GC blocked 11ms
I/dalvikvm-heap( 1202): Grow heap (frag case) to 30.170MB for 8294416-byte allocation
D/dalvikvm( 1202): GC_CONCURRENT freed 2K, 24% free 29955K/39380K, paused 2ms+1ms, total 17ms
W/WindowManager(  968): -- getSystemDecorRectLw --
W/WindowManager(  968): -- getSystemDecorRectLw --
W/ResourceType(28625): No package identifier when getting name for resource number 0x0000020e
D/KeyguardUpdateMonitor(  968): handleNotificationDelete
W/WindowManager(  968): -- getSystemDecorRectLw --
W/WindowManager(  968): -- getSystemDecorRectLw --
W/WindowManager(  968): -- getSystemDecorRectLw --
W/WindowManager(  968): -- getSystemDecorRectLw --
D/LoginActivity(28625): [W]onSizeChange isOpen:true preH:1845 curH:972
D/LoginActivity(28625): [W]onSizeChange btnY:910 layoutY:75 paddingY:-5
W/WindowManager(  968): -- getSystemDecorRectLw --
W/ResourceType(28625): No package identifier when getting name for resource number 0x0000020e
W/ResourceType(28625): No package identifier when getting name for resource number 0x0000020e
W/ResourceType(28625): No package identifier when getting name for resource number 0x0000020e
W/ResourceType(28625): No package identifier when getting name for resource number 0x0000020e
W/ResourceType(28625): No package identifier when getting name for resource number 0x0000020e
W/ResourceType(28625): No package identifier when getting name for resource number 0x0000020e
W/ResourceType(28625): No package identifier when getting name for resource number 0x0000020e
W/ResourceType(28625): No package identifier when getting name for resource number 0x0000020e
W/ResourceType(28625): No package identifier when getting name for resource number 0x0000020e
W/ResourceType(28625): No package identifier when getting name for resource number 0x0000020e
W/ResourceType(28625): No package identifier when getting name for resource number 0x0000020e
W/ResourceType(28625): No package identifier when getting name for resource number 0x0000020e
W/ResourceType(28625): No package identifier when getting name for resource number 0x0000020e
W/ResourceType(28625): No package identifier when getting name for resource number 0x0000020e
W/ResourceType(28625): No package identifier when getting name for resource number 0x0000020e
W/ResourceType(28625): No package identifier when getting name for resource number 0x0000020e
W/ResourceType(28625): No package identifier when getting name for resource number 0x0000020e
W/ResourceType(28625): No package identifier when getting name for resource number 0x0000020e
W/ResourceType(28625): No package identifier when getting name for resource number 0x0000020e
W/ResourceType(28625): No package identifier when getting name for resource number 0x0000020e
W/ResourceType(28625): No package identifier when getting name for resource number 0x0000020e
W/ResourceType(28625): No package identifier when getting name for resource number 0x0000020e
D/StatusBar.NetworkController(22419): refreshViews: Data not connected!! Set no data type icon / Roaming
D/StatusBar.NetworkController(22419): refreshViews connected={ wifi } level=4 combinedSignalIconId=0x7f020119/com.android.systemui:drawable/stat_sys_wifi_signal_4 combinedActivityIconId=0x0 mobileLabel=CMCC wifiLabel="Tencent-StaffWiFi"xxxxXXXXxxxxXXXX emergencyOnly=false combinedLabel="Tencent-StaffWiFi"xxxxXXXXxxxxXXXX mAirplaneMode=false mDataActivity=0 mPhoneSignalIconId=0x7f020100 mQSPhoneSignalIconId=0x7f020058 mDataDirectionIconId=0x0 mDataSignalIconId=0x7f020100 mDataTypeIconId=0x0 mQSDataTypeIconId=0x0 mNoSimIconId=0x0 mWifiIconId=0x7f020119 mQSWifiIconId=0x7f020068 mBluetoothTetherIconId=0x1080667
D/StatusBar.NetworkController(22419): changing data overlay icon id to 0
D/CarrierLabel(22419): mNetworkName CMCC
E/SENSORS_QCOM_HAL(  968): hal_process_time_resp: Resetting rollover count from 0 to 3
V/BreathinglightService(  968): setBrightness 1
E/BreathinglightService(  968): getBrightness getBrightness =  1
E/BreathinglightService(  968): getBrightness getBrightness =  1
W/ResourceType(28625): No package identifier when getting name for resource number 0x0000020e
I/Q.qqhead.qaif(28625): [W]getFaceBitmap decodeFile fail, faceType=1, uin=27216639, result=2, facePath=/storage/sdcard0/Tencent/MobileQQ/head/_hd/DF997B9C45AFE27223C742F09D452A2B.png
I/AutoMonitor(28625): [D]FileLooper, cost=8, mqq.os.MqqHandler$NativeHandler|com.tencent.mobileqq.activity.LoginActivity$11|0
W/WindowManager(  968): -- getSystemDecorRectLw --
W/ResourceType(28625): No package identifier when getting name for resource number 0x0000020e
V/BreathinglightService(  968): setBrightness 1
E/BreathinglightService(  968): getBrightness getBrightness =  1
E/BreathinglightService(  968): getBrightness getBrightness =  1
W/ResourceType(28625): No package identifier when getting name for resource number 0x0000020e
I/Q.qqhead.qaif(28625): [W]getFaceBitmap decodeFile fail, faceType=1, uin=2721663, result=2, facePath=/storage/sdcard0/Tencent/MobileQQ/head/_hd/DBA4279A83314C4A29DCAF2CB95B5208.png
I/AutoMonitor(28625): [D]FileLooper, cost=3, mqq.os.MqqHandler$NativeHandler|com.tencent.mobileqq.activity.LoginActivity$11|0
W/ResourceType(28625): No package identifier when getting name for resource number 0x0000020e
I/Q.qqhead.qaif(28625): [W]getFaceBitmap decodeFile fail, faceType=1, uin=272166, result=2, facePath=/storage/sdcard0/Tencent/MobileQQ/head/_hd/27DF0BE26D1F31648C4798460CAA2B9C.png
I/AutoMonitor(28625): [D]FileLooper, cost=3, mqq.os.MqqHandler$NativeHandler|com.tencent.mobileqq.activity.LoginActivity$11|0
W/ResourceType(28625): No package identifier when getting name for resource number 0x0000020e
I/Q.qqhead.qaif(28625): [W]getFaceBitmap decodeFile fail, faceType=1, uin=27216, result=2, facePath=/storage/sdcard0/Tencent/MobileQQ/head/_hd/298322536DEBB2AEE5728CFFA0EFDBE6.png
I/AutoMonitor(28625): [D]FileLooper, cost=4, mqq.os.MqqHandler$NativeHandler|com.tencent.mobileqq.activity.LoginActivity$11|0
W/ResourceType(28625): No package identifier when getting name for resource number 0x0000020e
W/WindowManager(  968): -- getSystemDecorRectLw --
W/ResourceType(28625): No package identifier when getting name for resource number 0x0000020e
W/ResourceType(28625): No package identifier when getting name for resource number 0x0000020e
W/ResourceType(28625): No package identifier when getting name for resource number 0x0000020e
W/ResourceType(28625): No package identifier when getting name for resource number 0x0000020e
W/ResourceType(28625): No package identifier when getting name for resource number 0x0000020e
V/BreathinglightService(  968): setBrightness 1
E/BreathinglightService(  968): getBrightness getBrightness =  1
E/BreathinglightService(  968): getBrightness getBrightness =  1
W/System.err(11991): java.io.IOException: respond data is invalid
W/System.err(11991): 	at tcs.ue$c.i(SourceFile:552)
W/System.err(11991): 	at tcs.ue.a(SourceFile:479)
W/System.err(11991): 	at tcs.ue.c(SourceFile:389)
W/System.err(11991): 	at tcs.ue.a(SourceFile:410)
W/System.err(11991): 	at tcs.ue.KJ(SourceFile:234)
W/System.err(11991): 	at tcs.ue.Qw(SourceFile:191)
W/System.err(11991): 	at com.meri.service.w.AW(SourceFile:264)
W/System.err(11991): 	at com.meri.service.w.cr(SourceFile:246)
W/System.err(11991): 	at com.meri.service.x.lo(SourceFile:32)
W/System.err(11991): 	at tcs.ahy$a.run(SourceFile:165)
W/System.err(11991): 	at tcs.aet.d(SourceFile:364)
W/System.err(11991): 	at tcs.aet.c(SourceFile:349)
W/System.err(11991): 	at tcs.aet.TM(SourceFile:150)
W/System.err(11991): 	at tcs.aev.a(SourceFile:57)
W/System.err(11991): 	at tcs.aet$1.run(SourceFile:218)
I/ActivityThread(11991): Acquiring provider com.tencent.server.fore.ForePluginContentProvider for user 0: existing object's process dead
I/ActivityThread(11991): Acquiring provider com.tencent.server.fore.ForePluginContentProvider for user 0: existing object's process dead
I/ActivityThread(11991): Acquiring provider com.tencent.server.fore.ForePluginContentProvider for user 0: existing object's process dead
W/ActivityThread(11991): Content provider com.tencent.server.fore.ForePiContentProvider already published as com.tencent.server.fore.ForePluginContentProvider
I/ActivityThread(11991): Acquiring provider com.tencent.server.fore.ForePluginContentProvider for user 0: existing object's process dead
I/ActivityThread(11991): Acquiring provider com.tencent.server.fore.ForePluginContentProvider for user 0: existing object's process dead
I/ActivityThread(11991): Acquiring provider com.tencent.server.fore.ForePluginContentProvider for user 0: existing object's process dead
I/ActivityThread(11991): Acquiring provider com.tencent.server.fore.ForePluginContentProvider for user 0: existing object's process dead
I/ActivityThread(11991): Acquiring provider com.tencent.server.fore.ForePluginContentProvider for user 0: existing object's process dead
I/ActivityThread(11991): Acquiring provider com.tencent.server.fore.ForePluginContentProvider for user 0: existing object's process dead
W/ActivityThread(11991): Content provider com.tencent.server.fore.ForePiContentProvider already published as com.tencent.server.fore.ForePluginContentProvider
I/ActivityThread(11991): Acquiring provider com.tencent.server.fore.ForePluginContentProvider for user 0: existing object's process dead
I/ActivityThread(11991): Acquiring provider com.tencent.server.fore.ForePluginContentProvider for user 0: existing object's process dead
I/ActivityThread(11991): Acquiring provider com.tencent.server.fore.ForePluginContentProvider for user 0: existing object's process dead
I/ActivityThread(11991): Acquiring provider com.tencent.server.fore.ForePluginContentProvider for user 0: existing object's process dead
W/ActivityThread(11991): Content provider com.tencent.server.fore.ForePiContentProvider already published as com.tencent.server.fore.ForePluginContentProvider
I/ActivityThread(11991): Acquiring provider com.tencent.server.fore.ForePluginContentProvider for user 0: existing object's process dead
I/ActivityThread(11991): Acquiring provider com.tencent.server.fore.ForePluginContentProvider for user 0: existing object's process dead
I/ActivityThread(11991): Acquiring provider com.tencent.server.fore.ForePluginContentProvider for user 0: existing object's process dead
W/ActivityThread(11991): Content provider com.tencent.server.fore.ForePiContentProvider already published as com.tencent.server.fore.ForePluginContentProvider
I/ActivityThread(11991): Acquiring provider com.tencent.server.fore.ForePluginContentProvider for user 0: existing object's process dead
I/ActivityThread(11991): Acquiring provider com.tencent.server.fore.ForePluginContentProvider for user 0: existing object's process dead
I/ActivityThread(11991): Acquiring provider com.tencent.server.fore.ForePluginContentProvider for user 0: existing object's process dead
W/ActivityThread(11991): Content provider com.tencent.server.fore.ForePiContentProvider already published as com.tencent.server.fore.ForePluginContentProvider
W/ActivityThread(11991): Content provider com.tencent.server.fore.ForePiContentProvider already published as com.tencent.server.fore.ForePluginContentProvider
D/WifiNative-wlan0(  968): doBoolean: SCAN
D/wpa_supplicant(13840): RX ctrl_iface - hexdump(len=4): 53 43 41 4e
D/wpa_supplicant(13840): wlan0: Control interface command 'SCAN'
D/wpa_supplicant(13840): wlan0: Setting scan request: 0 sec 0 usec
D/wpa_supplicant(13840): wlan0: Starting AP scan for wildcard SSID
D/wpa_supplicant(13840): WPS: Building WPS IE for Probe Request
D/wpa_supplicant(13840): WPS:  * Version (hardcoded 0x10)
D/wpa_supplicant(13840): WPS:  * Request Type
D/wpa_supplicant(13840): WPS:  * Config Methods (4388)
D/wpa_supplicant(13840): WPS:  * UUID-E
D/wpa_supplicant(13840): WPS:  * Primary Device Type
D/wpa_supplicant(13840): WPS:  * RF Bands (3)
D/wpa_supplicant(13840): WPS:  * Association State
D/wpa_supplicant(13840): WPS:  * Configuration Error (0)
D/wpa_supplicant(13840): WPS:  * Device Password ID (0)
D/wpa_supplicant(13840): WPS:  * Manufacturer
D/wpa_supplicant(13840): WPS:  * Model Name
D/wpa_supplicant(13840): WPS:  * Model Number
D/wpa_supplicant(13840): WPS:  * Device Name
D/wpa_supplicant(13840): WPS:  * Version2 (0x20)
D/wpa_supplicant(13840): P2P: * P2P IE header
D/wpa_supplicant(13840): P2P: * Capability dev=24 group=00
D/wpa_supplicant(13840): P2P: * Listen Channel: Regulatory Class 81 Channel 1
D/wpa_supplicant(13840): nl80211: Scan SSID - hexdump(len=0): [NULL]
D/wpa_supplicant(13840): nl80211: Scan extra IEs - hexdump(len=160): dd 7c 00 50 f2 04 10 4a 00 01 10 10 3a 00 01 00 10 08 00 02 43 88 10 47 00 10 f3 fc 64 06 43 9c ...
D/wpa_supplicant(13840): Scan requested (ret=0) - scan timeout 30 seconds
D/wpa_supplicant(13840): nl80211: Event message available
D/wpa_supplicant(13840): nl80211: Scan trigger
I/LOWI-Scan(  498): In event monitor : captured a scan request issued by some entity, ignoring this event
I/LOWI-Scan(  498): got messages on Netlink. Cmd 0 Err -11
I/PowerManager(30333):  release wake lock at time 2015-10-12 09:36:44 wakeLock  :flags = 1 tag= QQMail.WakerLock count = 0 refcounted= false mHeld= false
W/ResourceType(28625): No package identifier when getting name for resource number 0x0000020e
D/WifiNative-wlan0(  968): doString -------------- : SIGNAL_POLL
D/wpa_supplicant(13840): RX ctrl_iface - hexdump(len=11): 53 49 47 4e 41 4c 5f 50 4f 4c 4c
D/wpa_supplicant(13840): wlan0: Control interface command 'SIGNAL_POLL'
D/wpa_supplicant(13840): nl80211: survey data missing!
W/System.err(11991): java.io.IOException: Connection reset by peer
W/System.err(11991): 	at android.net.LocalSocketImpl.readba_native(Native Method)
W/System.err(11991): 	at android.net.LocalSocketImpl.access$400(LocalSocketImpl.java:29)
W/System.err(11991): 	at android.net.LocalSocketImpl$SocketInputStream.read(LocalSocketImpl.java:92)
W/System.err(11991): 	at android.net.LocalSocketImpl$SocketInputStream.read(LocalSocketImpl.java:78)
W/System.err(11991): 	at tcs.ue$c.i(SourceFile:551)
W/System.err(11991): 	at tcs.ue.a(SourceFile:479)
W/System.err(11991): 	at tcs.ue.c(SourceFile:389)
W/System.err(11991): 	at tcs.ue.a(SourceFile:410)
W/System.err(11991): 	at com.meri.service.w.a(SourceFile:325)
W/System.err(11991): 	at com.meri.service.x.a(SourceFile:42)
W/System.err(11991): 	at com.tencent.qqpimsecure.service.q.gu(SourceFile:461)
W/System.err(11991): 	at tcs.aav$b.Rt(SourceFile:1219)
W/System.err(11991): 	at tcs.aav$9.run(SourceFile:1151)
W/System.err(11991): 	at tcs.np$a.run(SourceFile:975)
W/System.err(11991): 	at java.util.concurrent.ThreadPoolExecutor.runWorker(ThreadPoolExecutor.java:1080)
W/System.err(11991): 	at java.util.concurrent.ThreadPoolExecutor$Worker.run(ThreadPoolExecutor.java:573)
W/System.err(11991): 	at java.lang.Thread.run(Thread.java:856)
W/System.err(11991): java.io.IOException: Connection refused
W/System.err(11991): 	at android.net.LocalSocketImpl.connectLocal(Native Method)
W/System.err(11991): 	at android.net.LocalSocketImpl.connect(LocalSocketImpl.java:258)
W/System.err(11991): 	at android.net.LocalSocket.connect(LocalSocket.java:108)
W/System.err(11991): 	at tcs.ue.a(SourceFile:465)
W/System.err(11991): 	at tcs.ue.c(SourceFile:389)
W/System.err(11991): 	at tcs.ue.a(SourceFile:410)
W/System.err(11991): 	at com.meri.service.w.a(SourceFile:325)
W/System.err(11991): 	at com.meri.service.x.a(SourceFile:42)
W/System.err(11991): 	at com.tencent.qqpimsecure.service.q.gu(SourceFile:461)
W/System.err(11991): 	at tcs.aav$b.vr(SourceFile:1214)
W/System.err(11991): 	at tcs.aav$b.Rt(SourceFile:1221)
W/System.err(11991): 	at tcs.aav$9.run(SourceFile:1151)
W/System.err(11991): 	at tcs.np$a.run(SourceFile:975)
W/System.err(11991): 	at java.util.concurrent.ThreadPoolExecutor.runWorker(ThreadPoolExecutor.java:1080)
W/System.err(11991): 	at java.util.concurrent.ThreadPoolExecutor$Worker.run(ThreadPoolExecutor.java:573)
W/System.err(11991): 	at java.lang.Thread.run(Thread.java:856)
W/AlarmManager(  968):  result = 2
W/AlarmManager(  968):  Checking for alarms... rtc=1444613805000, elapsed=487784519  result = 2
W/AlarmManager(  968):  - AlarmHandler triggerAlarmsLocked 
V/AlarmManager(  968): Checking active alarm when=1444613805000 Alarm{4c75a8a0 type 1 myworkspace.mobile.clients.android}
V/AlarmManager(  968): Alarm triggering: Alarm{4c75a8a0 type 1 myworkspace.mobile.clients.android}
V/AlarmManager(  968): Checking active alarm when=1444613823347 Alarm{41b9a518 type 1 com.tmall.wireless}
V/AlarmManager(  968): Adding alarm Alarm{4c75a8a0 type 1 myworkspace.mobile.clients.android} at 0
V/AlarmManager(  968):  setLocked  mDescriptor : 88    alarm.type : 1
W/AlarmManager(  968):  AlarmThread sending alarm Alarm{4c75a8a0 type 1 myworkspace.mobile.clients.android}
V/BreathinglightService(  968): setBrightness 1
E/BreathinglightService(  968): getBrightness getBrightness =  1
E/BreathinglightService(  968): getBrightness getBrightness =  1
I/PowerManager(  968):  acquire wake lock at time 2015-10-12 09:36:45 wakeLock  :flags = 1 tag= AlarmManager count = 1 refcounted= true mHeld= true
I/PowerManager(  968):  release wake lock at time 2015-10-12 09:36:45 wakeLock  :flags = 1 tag= AlarmManager count = 0 refcounted= true mHeld= false
D/DeviceProfileManager(28625): [W]isFeatureSupported: disable_qzone_kill=DPCConfigInfo: featureValue=
I/AutoMonitor(28625): [D]FileLooper, cost=0, android.os.Handler|null|5
D/StatusBar.NetworkController(22419): refreshViews: Data not connected!! Set no data type icon / Roaming
D/StatusBar.NetworkController(22419): refreshViews connected={ wifi } level=4 combinedSignalIconId=0x7f020119/com.android.systemui:drawable/stat_sys_wifi_signal_4 combinedActivityIconId=0x7f020111 mobileLabel=CMCC wifiLabel="Tencent-StaffWiFi"xxxxXXXXxxxxXXXX emergencyOnly=false combinedLabel="Tencent-StaffWiFi"xxxxXXXXxxxxXXXX mAirplaneMode=false mDataActivity=0 mPhoneSignalIconId=0x7f020100 mQSPhoneSignalIconId=0x7f020058 mDataDirectionIconId=0x0 mDataSignalIconId=0x7f020100 mDataTypeIconId=0x0 mQSDataTypeIconId=0x0 mNoSimIconId=0x0 mWifiIconId=0x7f020119 mQSWifiIconId=0x7f020068 mBluetoothTetherIconId=0x1080667
D/StatusBar.NetworkController(22419): changing data overlay icon id to 2130837777
D/CarrierLabel(22419): mNetworkName CMCC
W/WindowManager(  968): -- getSystemDecorRectLw --
W/ResourceType(28625): No package identifier when getting name for resource number 0x0000020e
I/LOWI-Scan(  498): Wait done with Cmd 34
I/LOWI-Scan(  498): got messages on Netlink. Cmd 34 Err -11
D/LOWI-Scan(  498): Got Done. Send dump@ 1444613805(s).415034(us)
D/LOWI-Scan(  498):  -- associated
D/LOWI-Scan(  498): 
D/LOWI-Scan(  498): 	chan: 1
D/LOWI-Scan(  498): 	freq: 2412
D/LOWI-Scan(  498): 	beacon interval: 102
D/LOWI-Scan(  498): 	capability:
D/LOWI-Scan(  498):  ESS
D/LOWI-Scan(  498):  ShortPreamble
D/LOWI-Scan(  498):  ShortSlotTime
D/LOWI-Scan(  498):  (0x1421)
D/LOWI-Scan(  498): 	signal: -64.00 dBm
D/LOWI-Scan(  498): Age - AP associated
D/LOWI-Scan(  498): Age - adjust age. Age found is = -1
D/LOWI-Scan(  498): Age - Found AP in the store
D/LOWI-Scan(  498): Age - Adjust age for AP in the store
D/LOWI-Scan(  498): Age - Found AP, tsf has changed or is 0
D/LOWI-Scan(  498): Age - Adjust age for remaining cases
I/LOWI-Scan(  498): BSS f4:cf:e2:fb:fe:43 (wlan0) Ch 1(2412) TSF 5d, 15:29:44.946 RSSI -64.00 Age 0 MSAP 0 SSID Tencent-StaffWiFi
I/LOWI-Scan(  498): Dump Finish HandlerLength 320 Type 17 Flags 2 Seq 1444613805 Sender 498
D/LOWI-Scan(  498): 
D/LOWI-Scan(  498): 	chan: 11
D/LOWI-Scan(  498): 	freq: 2462
D/LOWI-Scan(  498): 	beacon interval: 102
D/LOWI-Scan(  498): 	capability:
D/LOWI-Scan(  498):  ESS
D/LOWI-Scan(  498):  ShortPreamble
D/LOWI-Scan(  498):  ShortSlotTime
D/LOWI-Scan(  498):  (0x1421)
D/LOWI-Scan(  498): 	signal: -87.00 dBm
D/LOWI-Scan(  498): Age - adjust age. Age found is = -1
D/LOWI-Scan(  498): Age - Found AP in the store
D/LOWI-Scan(  498): Age - Adjust age for AP in the store
D/LOWI-Scan(  498): Age - Found AP, tsf has changed or is 0
D/LOWI-Scan(  498): Age - Adjust age for remaining cases
I/LOWI-Scan(  498): BSS 88:1d:fc:0a:8c:92 (wlan0) Ch 11(2462) TSF 5d, 15:29:44.946 RSSI -87.00 Age 0 MSAP 0 SSID Tencent-StaffWiFi
I/LOWI-Scan(  498): Dump Finish HandlerLength 312 Type 17 Flags 2 Seq 1444613805 Sender 498
D/LOWI-Scan(  498): 
D/LOWI-Scan(  498): 	chan: 11
D/LOWI-Scan(  498): 	freq: 2462
D/LOWI-Scan(  498): 	beacon interval: 102
D/LOWI-Scan(  498): 	capability:
D/LOWI-Scan(  498):  ESS
D/LOWI-Scan(  498):  Privacy
D/LOWI-Scan(  498):  ShortPreamble
D/LOWI-Scan(  498):  ShortSlotTime
D/LOWI-Scan(  498):  (0x1431)
D/LOWI-Scan(  498): 	signal: -86.00 dBm
D/LOWI-Scan(  498): Age - adjust age. Age found is = -1
D/LOWI-Scan(  498): Age - Found AP in the store
D/LOWI-Scan(  498): Age - Adjust age for AP in the store
D/LOWI-Scan(  498): Age - Found AP, tsf has changed or is 0
D/LOWI-Scan(  498): Age - Adjust age for remaining cases
I/LOWI-Scan(  498): BSS 88:1d:fc:0a:8c:93 (wlan0) Ch 11(2462) TSF 5d, 15:29:44.946 RSSI -86.00 Age 0 MSAP 0 SSID Tencent-GuestWiFi
I/LOWI-Scan(  498): Dump Finish HandlerLength 360 Type 17 Flags 2 Seq 1444613805 Sender 498
D/LOWI-Scan(  498): 
D/LOWI-Scan(  498): 	chan: 11
D/LOWI-Scan(  498): 	freq: 2462
D/LOWI-Scan(  498): 	beacon interval: 102
D/LOWI-Scan(  498): 	capability:
D/LOWI-Scan(  498):  ESS
D/LOWI-Scan(  498):  Privacy
D/LOWI-Scan(  498):  ShortPreamble
D/LOWI-Scan(  498):  ShortSlotTime
D/LOWI-Scan(  498):  (0x1431)
D/LOWI-Scan(  498): 	signal: -66.00 dBm
D/LOWI-Scan(  498): Age - adjust age. Age found is = -1
D/LOWI-Scan(  498): Age - Found AP in the store
D/LOWI-Scan(  498): Age - Adjust age for AP in the store
D/LOWI-Scan(  498): Age - Found AP, tsf has changed or is 0
D/LOWI-Scan(  498): Age - Adjust age for remaining cases
I/LOWI-Scan(  498): BSS 64:f6:9d:10:f2:34 (wlan0) Ch 11(2462) TSF 5d, 15:29:44.946 RSSI -66.00 Age 0 MSAP 0 SSID Tencent-GuestWiFi
I/LOWI-Scan(  498): Dump Finish HandlerLength 360 Type 17 Flags 2 Seq 1444613805 Sender 498
D/LOWI-Scan(  498): 
D/LOWI-Scan(  498): 	chan: 11
D/LOWI-Scan(  498): 	freq: 2462
D/LOWI-Scan(  498): 	beacon interval: 102
D/LOWI-Scan(  498): 	capability:
D/LOWI-Scan(  498):  ESS
D/LOWI-Scan(  498):  ShortPreamble
D/LOWI-Scan(  498):  ShortSlotTime
D/LOWI-Scan(  498):  (0x1421)
D/LOWI-Scan(  498): 	signal: -66.00 dBm
D/LOWI-Scan(  498): Age - adjust age. Age found is = -1
D/LOWI-Scan(  498): Age - Found AP in the store
D/LOWI-Scan(  498): Age - Adjust age for AP in the store
D/LOWI-Scan(  498): Age - Found AP, tsf has changed or is 0
D/LOWI-Scan(  498): Age - Adjust age for remaining cases
I/LOWI-Scan(  498): BSS 64:f6:9d:10:f2:33 (wlan0) Ch 11(2462) TSF 5d, 15:29:44.946 RSSI -66.00 Age 0 MSAP 0 SSID Tencent-StaffWiFi
I/LOWI-Scan(  498): Dump Finish HandlerLength 312 Type 17 Flags 2 Seq 1444613805 Sender 498
D/LOWI-Scan(  498): 
D/LOWI-Scan(  498): 	chan: 1
D/LOWI-Scan(  498): 	freq: 2412
D/LOWI-Scan(  498): 	beacon interval: 102
D/LOWI-Scan(  498): 	capability:
D/LOWI-Scan(  498):  ESS
D/LOWI-Scan(  498):  Privacy
D/LOWI-Scan(  498):  ShortPreamble
D/LOWI-Scan(  498):  ShortSlotTime
D/LOWI-Scan(  498):  (0x1431)
D/LOWI-Scan(  498): 	signal: -63.00 dBm
D/LOWI-Scan(  498): Age - adjust age. Age found is = -1
D/LOWI-Scan(  498): Age - Found AP in the store
D/LOWI-Scan(  498): Age - Adjust age for AP in the store
D/LOWI-Scan(  498): Age - Found AP, tsf has changed or is 0
D/LOWI-Scan(  498): Age - Adjust age for remaining cases
I/LOWI-Scan(  498): BSS f4:cf:e2:fb:fe:44 (wlan0) Ch 1(2412) TSF 5d, 15:29:44.946 RSSI -63.00 Age 0 MSAP 0 SSID Tencent-GuestWiFi
I/LOWI-Scan(  498): Dump Finish HandlerLength 360 Type 17 Flags 2 Seq 1444613805 Sender 498
D/LOWI-Scan(  498): 
D/LOWI-Scan(  498): 	chan: 1
D/LOWI-Scan(  498): 	freq: 2412
D/LOWI-Scan(  498): 	beacon interval: 102
D/LOWI-Scan(  498): 	capability:
D/LOWI-Scan(  498):  ESS
D/LOWI-Scan(  498):  Privacy
D/LOWI-Scan(  498):  ShortPreamble
D/LOWI-Scan(  498):  ShortSlotTime
D/LOWI-Scan(  498):  (0x1431)
D/LOWI-Scan(  498): 	signal: -64.00 dBm
D/LOWI-Scan(  498): Age - adjust age. Age found is = -1
D/LOWI-Scan(  498): Age - AP not found in the store
D/LOWI-Scan(  498): Age - Adjust age for remaining cases
I/LOWI-Scan(  498): BSS f4:cf:e2:fb:fe:45 (wlan0) Ch 1(2412) TSF 5d, 15:29:44.946 RSSI -64.00 Age 0 MSAP 0 SSID Tencent-DevNetWiFi
I/LOWI-Scan(  498): Dump Finish HandlerLength 368 Type 17 Flags 2 Seq 1444613805 Sender 498
D/LOWI-Scan(  498): 
D/LOWI-Scan(  498): 	chan: 6
D/LOWI-Scan(  498): 	freq: 2437
D/LOWI-Scan(  498): 	beacon interval: 100
D/LOWI-Scan(  498): 	capability:
D/LOWI-Scan(  498):  ESS
D/LOWI-Scan(  498):  Privacy
D/LOWI-Scan(  498):  ShortPreamble
D/LOWI-Scan(  498):  ShortSlotTime
D/LOWI-Scan(  498):  (0x0431)
D/LOWI-Scan(  498): 	signal: -92.00 dBm
D/LOWI-Scan(  498): Age - adjust age. Age found is = -1
D/LOWI-Scan(  498): Age - AP not found in the store
D/LOWI-Scan(  498): Age - Adjust age for remaining cases
I/LOWI-Scan(  498): BSS 14:cf:92:7f:85:30 (wlan0) Ch 6(2437) TSF 5d, 15:29:44.946 RSSI -92.00 Age 0 MSAP 0 SSID nearby
I/LOWI-Scan(  498): Dump Finish HandlerLength 280 Type 17 Flags 2 Seq 1444613805 Sender 498
D/LOWI-Scan(  498): bss info missing! Msg Size 4
I/LOWI-Scan(  498): Dump Finish HandlerLength 20 Type 3 Flags 2 Seq 1444613805 Sender 498
I/LOWI-Scan(  498): Marking msg to be Finished
I/LOWI-Scan(  498): ********* Reporting 8 PASSIVE SCAN Results *********
I/LOWI-Scan(  498): iwss_bss_close_record, BSSID[0]: MacId: f4:cf:e2:fb:fe:43, RSSI = -128, age = 0 ms, channel = 1, Freq = 2412
I/LOWI-Scan(  498): iwss_bss_close_record, BSSID[1]: MacId: 88:1d:fc:a:8c:92, RSSI = -174, age = 0 ms, channel = 11, Freq = 2462
I/LOWI-Scan(  498): iwss_bss_close_record, BSSID[2]: MacId: 88:1d:fc:a:8c:93, RSSI = -172, age = 0 ms, channel = 11, Freq = 2462
I/LOWI-Scan(  498): iwss_bss_close_record, BSSID[3]: MacId: 64:f6:9d:10:f2:34, RSSI = -132, age = 0 ms, channel = 11, Freq = 2462
I/LOWI-Scan(  498): iwss_bss_close_record, BSSID[4]: MacId: 64:f6:9d:10:f2:33, RSSI = -132, age = 0 ms, channel = 11, Freq = 2462
I/LOWI-Scan(  498): iwss_bss_close_record, BSSID[5]: MacId: f4:cf:e2:fb:fe:44, RSSI = -126, age = 0 ms, channel = 1, Freq = 2412
I/LOWI-Scan(  498): iwss_bss_close_record, BSSID[6]: MacId: f4:cf:e2:fb:fe:45, RSSI = -128, age = 0 ms, channel = 1, Freq = 2412
I/LOWI-Scan(  498): iwss_bss_close_record, BSSID[7]: MacId: 14:cf:92:7f:85:30, RSSI = -184, age = 0 ms, channel = 6, Freq = 2437
D/LOWI-Scan(  498): Closing Record
D/LOWI-Scan(  498): Cleanup
I/LOWI-Scan(  498): WIPSIW: passive scan cached 0, takes 26392 ms, err = 34
D/LOWI-SERVER(  498): [LOWIRivaWifiDriver] getMeasurements () - injecting the results in vector
D/LOWI-SERVER(  498): [LOWIWifiDriverUtils] Timestamp = 0
D/LOWI-SERVER(  498): [LOWIWifiDriverUtils] Total AP's = 8
I/LOWI-SERVER(  498): [LOWIScanResultReceiver] result received
D/LOWI-Scan(  498): Closing the pipe
D/wpa_supplicant(13840): nl80211: Event message available
D/wpa_supplicant(13840): nl80211: New scan results available
D/wpa_supplicant(13840): wlan0: Event SCAN_RESULTS (3) received
D/wpa_supplicant(13840): nl80211: Associated on 2412 MHz
D/wpa_supplicant(13840): nl80211: Associated with f4:cf:e2:fb:fe:43
D/wpa_supplicant(13840): nl80211: Received scan results (8 BSSes)
D/wpa_supplicant(13840): nl80211: Survey data missing
D/wpa_supplicant(13840): nl80211: Scan results indicate BSS status with f4:cf:e2:fb:fe:43 as associated
D/wpa_supplicant(13840): Sorted scan results
D/wpa_supplicant(13840): f4:cf:e2:fb:fe:44 freq=2412 qual=0 noise=0 level=-63 flags=0xb
D/wpa_supplicant(13840): IEs - hexdump(len=251): 00 11 54 65 6e 63 65 6e 74 2d 47 75 65 73 74 57 69 46 69 01 06 98 24 30 48 60 6c 03 01 01 07 06 ...
D/wpa_supplicant(13840): f4:cf:e2:fb:fe:45 freq=2412 qual=0 noise=0 level=-64 flags=0xb
D/wpa_supplicant(13840): IEs - hexdump(len=258): 00 12 54 65 6e 63 65 6e 74 2d 44 65 76 4e 65 74 57 69 46 69 01 06 98 24 30 48 60 6c 03 01 01 05 ...
D/wpa_supplicant(13840): 64:f6:9d:10:f2:34 freq=2462 qual=0 noise=0 level=-66 flags=0xb
D/wpa_supplicant(13840): IEs - hexdump(len=251): 00 11 54 65 6e 63 65 6e 74 2d 47 75 65 73 74 57 69 46 69 01 06 98 24 30 48 60 6c 03 01 0b 07 06 ...
D/wpa_supplicant(13840): 88:1d:fc:0a:8c:93 freq=2462 qual=0 noise=0 level=-86 flags=0xb
D/wpa_supplicant(13840): IEs - hexdump(len=251): 00 11 54 65 6e 63 65 6e 74 2d 47 75 65 73 74 57 69 46 69 01 06 98 24 30 48 60 6c 03 01 0b 07 06 ...
D/wpa_supplicant(13840): 14:cf:92:7f:85:30 freq=2437 qual=0 noise=0 level=-92 flags=0xb
D/wpa_supplicant(13840): IEs - hexdump(len=171): 00 06 6e 65 61 72 62 79 01 08 82 84 8b 96 0c 12 18 24 03 01 06 05 04 00 01 00 00 2a 01 00 30 14 ...
D/wpa_supplicant(13840): f4:cf:e2:fb:fe:43 freq=2412 qual=0 noise=0 level=-64 flags=0x2b
D/wpa_supplicant(13840): IEs - hexdump(len=203): 00 11 54 65 6e 63 65 6e 74 2d 53 74 61 66 66 57 69 46 69 01 06 98 24 30 48 60 6c 03 01 01 07 06 ...
D/wpa_supplicant(13840): 64:f6:9d:10:f2:33 freq=2462 qual=0 noise=0 level=-66 flags=0xb
D/wpa_supplicant(13840): IEs - hexdump(len=203): 00 11 54 65 6e 63 65 6e 74 2d 53 74 61 66 66 57 69 46 69 01 06 98 24 30 48 60 6c 03 01 0b 07 06 ...
D/wpa_supplicant(13840): 88:1d:fc:0a:8c:92 freq=2462 qual=0 noise=0 level=-87 flags=0xb
D/wpa_supplicant(13840): IEs - hexdump(len=203): 00 11 54 65 6e 63 65 6e 74 2d 53 74 61 66 66 57 69 46 69 01 06 98 24 30 48 60 6c 03 01 0b 07 06 ...
D/wpa_supplicant(13840): wlan0: BSS: Start scan result update 690
D/wpa_supplicant(13840): wlan0: BSS: Add new id 2378 BSSID f4:cf:e2:fb:fe:45 SSID 'Tencent-DevNetWiFi'
D/wpa_supplicant(13840): CTRL_IFACE monitor send - hexdump(len=39): 2f 64 61 74 61 2f 6d 69 73 63 2f 77 69 66 69 2f 73 6f 63 6b 65 74 73 2f 77 70 61 5f 63 74 72 6c ...
D/wpa_supplicant(13840): wlan0: BSS: Add new id 2379 BSSID 14:cf:92:7f:85:30 SSID 'nearby'
D/wpa_supplicant(13840): CTRL_IFACE monitor send - hexdump(len=39): 2f 64 61 74 61 2f 6d 69 73 63 2f 77 69 66 69 2f 73 6f 63 6b 65 74 73 2f 77 70 61 5f 63 74 72 6c ...
D/wpa_supplicant(13840): BSS: last_scan_res_used=8/64 last_scan_full=0
D/wpa_supplicant(13840): wlan0: New scan results available
D/wpa_supplicant(13840): CTRL_IFACE monitor send - hexdump(len=39): 2f 64 61 74 61 2f 6d 69 73 63 2f 77 69 66 69 2f 73 6f 63 6b 65 74 73 2f 77 70 61 5f 63 74 72 6c ...
D/wpa_supplicant(13840): WPS: AP[0] 78:6a:89:4c:c9:64 type=0 tries=0 last_attempt=-1 sec ago blacklist=0
D/wpa_supplicant(13840): WPS: AP[1] c8:e7:d8:1b:1e:2a type=0 tries=0 last_attempt=-1 sec ago blacklist=0
D/wpa_supplicant(13840): WPS: AP[2] d8:15:0d:f8:19:a2 type=0 tries=0 last_attempt=-1 sec ago blacklist=0
D/wpa_supplicant(13840): WPS: AP[3] 0c:72:2c:97:e2:68 type=0 tries=0 last_attempt=-1 sec ago blacklist=0
D/wpa_supplicant(13840): WPS: AP[4] 5c:63:bf:b4:74:46 type=0 tries=0 last_attempt=-1 sec ago blacklist=0
D/wpa_supplicant(13840): WPS: AP[5] 14:75:90:1a:95:68 type=0 tries=0 last_attempt=-1 sec ago blacklist=0
D/wpa_supplicant(13840): WPS: AP[6] 28:c6:8e:23:96:54 type=0 tries=0 last_attempt=-1 sec ago blacklist=0
D/wpa_supplicant(13840): WPS: AP[7] 1c:fa:68:d3:72:3e type=0 tries=0 last_attempt=-1 sec ago blacklist=0
D/wpa_supplicant(13840): WPS: AP[8] a4:29:40:c9:32:c8 type=0 tries=0 last_attempt=-1 sec ago blacklist=0
D/wpa_supplicant(13840): WPS: AP[9] a8:15:4d:b7:45:34 type=0 tries=0 last_attempt=-1 sec ago blacklist=0
D/wpa_supplicant(13840): WPS: AP[10] 14:75:90:91:72:fb type=0 tries=0 last_attempt=-1 sec ago blacklist=0
D/wpa_supplicant(13840): WPS: AP[11] ec:26:ca:f0:0b:2b type=0 tries=0 last_attempt=-1 sec ago blacklist=0
D/wpa_supplicant(13840): WPS: AP[12] bc:d1:77:a0:06:ee type=0 tries=0 last_attempt=-1 sec ago blacklist=0
D/wpa_supplicant(13840): WPS: AP[13] a8:57:4e:d7:2f:58 type=0 tries=0 last_attempt=-1 sec ago blacklist=0
D/wpa_supplicant(13840): WPS: AP[14] d8:15:0d:1d:a1:26 type=0 tries=0 last_attempt=-1 sec ago blacklist=0
D/wpa_supplicant(13840): WPS: AP[15] c0:61:18:7a:e8:4c type=0 tries=0 last_attempt=-1 sec ago blacklist=0
D/wpa_supplicant(13840): WPS: AP[16] 1c:fa:68:27:16:5c type=0 tries=0 last_attempt=-1 sec ago blacklist=0
D/wpa_supplicant(13840): WPS: AP[17] c0:3f:0e:19:52:7a type=0 tries=0 last_attempt=-1 sec ago blacklist=0
D/wpa_supplicant(13840): WPS: AP[18] 8c:be:be:26:37:30 type=0 tries=0 last_attempt=-1 sec ago blacklist=0
D/wpa_supplicant(13840): WPS: AP[19] 84:db:ac:cc:9b:ac type=0 tries=0 last_attempt=-1 sec ago blacklist=0
D/wpa_supplicant(13840): WPS: AP[20] 8c:34:fd:f7:af:80 type=0 tries=0 last_attempt=-1 sec ago blacklist=0
D/wpa_supplicant(13840): WPS: AP[21] ec:88:8f:b3:2e:ec type=0 tries=0 last_attempt=-1 sec ago blacklist=0
D/wpa_supplicant(13840): WPS: AP[22] 64:09:80:17:83:78 type=0 tries=0 last_attempt=-1 sec ago blacklist=0
D/wpa_supplicant(13840): WPS: AP[23] 8c:34:fd:fe:8f:10 type=0 tries=0 last_attempt=-1 sec ago blacklist=0
D/wpa_supplicant(13840): WPS: AP[24] d0:c7:c0:ec:df:fa type=0 tries=0 last_attempt=-1 sec ago blacklist=0
D/wpa_supplicant(13840): WPS: AP[25] 20:f4:1b:2e:69:34 type=0 tries=0 last_attempt=-1 sec ago blacklist=0
D/wpa_supplicant(13840): WPS: AP[26] ec:17:2f:80:bd:ca type=0 tries=0 last_attempt=-1 sec ago blacklist=0
D/wpa_supplicant(13840): WPS: AP[27] 9c:21:6a:32:7f:e6 type=0 tries=0 last_attempt=-1 sec ago blacklist=0
D/wpa_supplicant(13840): WPS: AP[28] ac:a2:13:05:26:6c type=0 tries=0 last_attempt=-1 sec ago blacklist=0
D/wpa_supplicant(13840): WPS: AP[29] ec:17:2f:61:19:ae type=0 tries=0 last_attempt=-1 sec ago blacklist=0
D/wpa_supplicant(13840): WPS: AP[30] ec:17:2f:c3:2d:22 type=0 tries=0 last_attempt=-1 sec ago blacklist=0
D/wpa_supplicant(13840): WPS: AP[31] 14:75:90:91:76:db type=0 tries=0 last_attempt=-1 sec ago blacklist=0
D/wpa_supplicant(13840): WPS: AP[32] f4:ee:14:20:38:ca type=0 tries=0 last_attempt=-1 sec ago blacklist=0
D/wpa_supplicant(13840): WPS: AP[33] b0:c5:54:81:f4:28 type=0 tries=0 last_attempt=-1 sec ago blacklist=0
D/wpa_supplicant(13840): WPS: AP[34] 6c:59:40:50:1f:88 type=0 tries=0 last_attempt=-1 sec ago blacklist=0
I/LOWI-SERVER(  498): [LOWIController] _process: LOWI version = 3.0.1
I/LOWI-SERVER(  498): [LOWIEventReceiver] FROM: NA, TO:   NA, REQ:  NA, REQ_ID:   0, RESP:   NA, INFO:   NA
I/LOWI-SERVER(  498): [LOWIController] Event received
I/LOWI-SERVER(  498): [LOWIController] Measurements received
I/LOWI-SERVER(  498): [LOWIController] No current Request. Cache the measurements!
I/LOWI-SERVER(  498): [LOWIController] starting passive listening
D/LOWI-SERVER(  498): [LOWIController] Issue a request to perform passive listening
I/LOWI-SERVER(  498): [LOWIScanResultReceiver] terminate ()
I/LOWI-SERVER(  498): [LOWIScanResultReceiver] After join complete
D/LOWI-SERVER(  498): [LOWIScanResultReceiver] execute ()
D/WifiNative-wlan0(  968): doString -------------- : BSS RANGE=ALL MASK=0x1986
D/LOWI-Scan(  498): Creating the pipe
I/LOWI-SERVER(  498): [LOWIScanResultReceiver] LOWIScanResultReceiver::run ()
I/LOWI-SERVER(  498): [LOWIRivaWifiDriver] getMeasurements - Passive listening mode
I/LOWI-Scan(  498): NL80211 Init Done.
D/LOWI-Scan(  498): Preparing to wait for netlink message
D/LOWI-Scan(  498): wait for netlink message
D/wpa_supplicant(13840): WPS: AP[35] ec:88:8f:4c:a5:d4 type=0 tries=0 last_attempt=-1 sec ago blacklist=0
D/wpa_supplicant(13840): WPS: AP[36] cc:34:29:a3:4f:27 type=0 tries=0 last_attempt=-1 sec ago blacklist=0
D/wpa_supplicant(13840): WPS: AP[37] d8:15:0d:c9:f2:62 type=0 tries=0 last_attempt=-1 sec ago blacklist=0
D/wpa_supplicant(13840): WPS: AP[38] 40:16:9f:d0:88:8e type=0 tries=0 last_attempt=-1 sec ago blacklist=0
D/wpa_supplicant(13840): WPS: AP[39] e4:d3:32:16:69:90 type=0 tries=0 last_attempt=-1 sec ago blacklist=0
D/wpa_supplicant(13840): WPS: AP[40] 58:6d:8f:28:14:3a type=0 tries=0 last_attempt=-1 sec ago blacklist=0
D/wpa_supplicant(13840): WPS: AP[41] 28:2c:b2:34:2d:24 type=0 tries=0 last_attempt=-1 sec ago blacklist=0
D/wpa_supplicant(13840): WPS: AP[42] 14:75:90:10:dc:6e type=0 tries=0 last_attempt=-1 sec ago blacklist=0
D/wpa_supplicant(13840): WPS: AP[43] 14:e6:e4:89:69:9a type=0 tries=0 last_attempt=-1 sec ago blacklist=0
D/wpa_supplicant(13840): WPS: AP[44] e4:d3:32:76:bd:0c type=0 tries=0 last_attempt=-1 sec ago blacklist=0
D/wpa_supplicant(13840): WPS: AP[45] d8:15:0d:74:38:2c type=0 tries=0 last_attempt=-1 sec ago blacklist=0
D/wpa_supplicant(13840): WPS: AP[46] a8:ad:3d:91:5c:30 type=0 tries=0 last_attempt=-1 sec ago blacklist=0
D/wpa_supplicant(13840): WPS: AP[47] b4:30:52:4d:d8:14 type=0 tries=0 last_attempt=-1 sec ago blacklist=0
D/wpa_supplicant(13840): WPS: AP[48] 00:66:4b:a1:61:c0 type=0 tries=0 last_attempt=-1 sec ago blacklist=0
D/wpa_supplicant(13840): WPS: AP[49] 4c:bb:58:d4:5c:3f type=0 tries=0 last_attempt=-1 sec ago blacklist=0
D/wpa_supplicant(13840): WPS: AP[50] 4c:bb:58:d4:20:90 type=0 tries=0 last_attempt=-1 sec ago blacklist=0
D/wpa_supplicant(13840): WPS: AP[51] cc:34:29:9c:81:54 type=0 tries=0 last_attempt=-1 sec ago blacklist=0
D/wpa_supplicant(13840): WPS: AP[52] 4c:bb:58:d3:ff:a5 type=0 tries=0 last_attempt=-1 sec ago blacklist=0
D/wpa_supplicant(13840): WPS: AP[53] 14:e6:e4:fc:fc:9a type=0 tries=0 last_attempt=-1 sec ago blacklist=0
D/wpa_supplicant(13840): WPS: AP[54] 28:2c:b2:81:2a:02 type=0 tries=0 last_attempt=-1 sec ago blacklist=0
D/wpa_supplicant(13840): WPS: AP[55] d0:c7:c0:18:0e:14 type=0 tries=0 last_attempt=-1 sec ago blacklist=0
D/wpa_supplicant(13840): WPS: AP[56] 3c:1e:04:0f:d3:f4 type=0 tries=0 last_attempt=-1 sec ago blacklist=0
D/wpa_supplicant(13840): WPS: AP[57] 6a:3e:34:03:ed:ff type=0 tries=0 last_attempt=-1 sec ago blacklist=0
D/wpa_supplicant(13840): WPS: AP[58] e8:cd:2d:2d:c6:f0 type=0 tries=0 last_attempt=-1 sec ago blacklist=0
D/wpa_supplicant(13840): WPS: AP[59] cc:34:29:8e:39:ba type=0 tries=0 last_attempt=-1 sec ago blacklist=0
D/wpa_supplicant(13840): WPS: AP[60] 28:2c:b2:f4:8b:d0 type=0 tries=0 last_attempt=-1 sec ago blacklist=0
D/wpa_supplicant(13840): WPS: AP[61] bc:d1:77:27:7c:5e type=0 tries=0 last_attempt=-1 sec ago blacklist=0
D/wpa_supplicant(13840): WPS: AP[62] 44:33:4c:f2:c1:18 type=0 tries=0 last_attempt=-1 sec ago blacklist=0
D/wpa_supplicant(13840): WPS: AP[63] ac:e2:15:3a:60:dc type=0 tries=0 last_attempt=-1 sec ago blacklist=0
D/wpa_supplicant(13840): WPS: AP[64] e4:d3:32:13:65:de type=0 tries=0 last_attempt=-1 sec ago blacklist=0
D/wpa_supplicant(13840): WPS: AP[65] bc:d1:77:cc:75:88 type=0 tries=0 last_attempt=-1 sec ago blacklist=0
D/wpa_supplicant(13840): WPS: AP[66] 84:c9:b2:06:8f:2c type=0 tries=0 last_attempt=-1 sec ago blacklist=0
D/wpa_supplicant(13840): WPS: AP[67] d8:15:0d:db:1c:64 type=0 tries=0 last_attempt=-1 sec ago blacklist=0
D/wpa_supplicant(13840): WPS: AP[68] c4:05:28:b4:a4:60 type=0 tries=0 last_attempt=-1 sec ago blacklist=0
D/wpa_supplicant(13840): WPS: AP[69] 4c:09:b4:5d:d2:ef type=0 tries=0 last_attempt=-1 sec ago blacklist=0
D/wpa_supplicant(13840): WPS: AP[70] b0:c5:54:df:36:f2 type=0 tries=0 last_attempt=-1 sec ago blacklist=0
D/wpa_supplicant(13840): WPS: AP[71] a4:29:40:62:67:67 type=0 tries=0 last_attempt=-1 sec ago blacklist=0
D/wpa_supplicant(13840): WPS: AP[72] 78:a1:06:7f:2d:86 type=0 tries=0 last_attempt=-1 sec ago blacklist=0
D/wpa_supplicant(13840): WPS: AP[73] a4:29:40:cc:95:f2 type=0 tries=0 last_attempt=-1 sec ago blacklist=0
D/wpa_supplicant(13840): WPS: AP[74] f8:e9:03:b8:f7:ec type=0 tries=0 last_attempt=-1 sec ago blacklist=0
D/wpa_supplicant(13840): WPS: AP[75] a8:57:4e:2e:3a:d4 type=0 tries=0 last_attempt=-1 sec ago blacklist=0
D/wpa_supplicant(13840): WPS: AP[76] 4c:bb:58:d3:4d:d4 type=0 tries=0 last_attempt=-1 sec ago blacklist=0
D/wpa_supplicant(13840): WPS: AP[77] 64:09:80:1f:27:e7 type=0 tries=0 last_attempt=-1 sec ago blacklist=0
D/wpa_supplicant(13840): WPS: AP[78] 00:1f:7a:b9:35:48 type=0 tries=0 last_attempt=-1 sec ago blacklist=0
D/wpa_supplicant(13840): WPS: AP[79] 6c:fa:a7:dc:a1:0e type=0 tries=0 last_attempt=-1 sec ago blacklist=0
D/wpa_supplicant(13840): WPS: AP[80] 8c:21:0a:e9:b3:74 type=0 tries=0 last_attempt=-1 sec ago blacklist=0
D/wpa_supplicant(13840): WPS: AP[81] 8c:be:be:26:ad:ec type=0 tries=0 last_attempt=-1 sec ago blacklist=0
D/wpa_supplicant(13840): wlan0: Selecting BSS from priority group 117
D/wpa_supplicant(13840):  * wpa_supplicant_select_bss
D/wpa_supplicant(13840):  * Try to find WAPI-enabled AP
D/wpa_supplicant(13840): 0: f4:cf:e2:fb:fe:44 ssid='Tencent-GuestWiFi' wapi_ie_len=0 caps=0x1431
D/wpa_supplicant(13840):  * skip - no WAPI IE
D/wpa_supplicant(13840): 1: f4:cf:e2:fb:fe:45 ssid='Tencent-DevNetWiFi' wapi_ie_len=0 caps=0x1431
D/wpa_supplicant(13840):  * skip - no WAPI IE
D/wpa_supplicant(13840): 2: 64:f6:9d:10:f2:34 ssid='Tencent-GuestWiFi' wapi_ie_len=0 caps=0x1431
D/wpa_supplicant(13840):  * skip - no WAPI IE
D/wpa_supplicant(13840): 3: 88:1d:fc:0a:8c:93 ssid='Tencent-GuestWiFi' wapi_ie_len=0 caps=0x1431
D/wpa_supplicant(13840):  * skip - no WAPI IE
D/wpa_supplicant(13840): 4: 14:cf:92:7f:85:30 ssid='nearby' wapi_ie_len=0 caps=0x431
D/wpa_supplicant(13840):  * skip - no WAPI IE
D/wpa_supplicant(13840): 5: f4:cf:e2:fb:fe:43 ssid='Tencent-StaffWiFi' wapi_ie_len=0 caps=0x1421
D/wpa_supplicant(13840):  * skip - no WAPI IE
D/wpa_supplicant(13840): 6: 64:f6:9d:10:f2:33 ssid='Tencent-StaffWiFi' wapi_ie_len=0 caps=0x1421
D/wpa_supplicant(13840):  * skip - no WAPI IE
D/wpa_supplicant(13840): 7: 88:1d:fc:0a:8c:92 ssid='Tencent-StaffWiFi' wapi_ie_len=0 caps=0x1421
D/wpa_supplicant(13840):  * skip - no WAPI IE
D/wpa_supplicant(13840): wlan0: 0: f4:cf:e2:fb:fe:44 ssid='Tencent-GuestWiFi' wpa_ie_len=24 rsn_ie_len=20 caps=0x1431 level=-63
D/wpa_supplicant(13840): wlan0:    skip - SSID mismatch
D/wpa_supplicant(13840): wlan0: 1: f4:cf:e2:fb:fe:45 ssid='Tencent-DevNetWiFi' wpa_ie_len=24 rsn_ie_len=20 caps=0x1431 level=-64
D/wpa_supplicant(13840): wlan0:    skip - SSID mismatch
D/wpa_supplicant(13840): wlan0: 2: 64:f6:9d:10:f2:34 ssid='Tencent-GuestWiFi' wpa_ie_len=24 rsn_ie_len=20 caps=0x1431 level=-66
D/wpa_supplicant(13840): wlan0:    skip - SSID mismatch
D/wpa_supplicant(13840): wlan0: 3: 88:1d:fc:0a:8c:93 ssid='Tencent-GuestWiFi' wpa_ie_len=24 rsn_ie_len=20 caps=0x1431 level=-86
D/wpa_supplicant(13840): wlan0:    skip - SSID mismatch
D/wpa_supplicant(13840): wlan0: 4: 14:cf:92:7f:85:30 ssid='nearby' wpa_ie_len=22 rsn_ie_len=20 caps=0x431 level=-92
D/wpa_supplicant(13840): wlan0:    skip - SSID mismatch
D/wpa_supplicant(13840): wlan0: 5: f4:cf:e2:fb:fe:43 ssid='Tencent-StaffWiFi' wpa_ie_len=0 rsn_ie_len=0 caps=0x1421 level=-64
D/wpa_supplicant(13840): wlan0:    skip - SSID mismatch
D/wpa_supplicant(13840): wlan0: 6: 64:f6:9d:10:f2:33 ssid='Tencent-StaffWiFi' wpa_ie_len=0 rsn_ie_len=0 caps=0x1421 level=-66
D/wpa_supplicant(13840): wlan0:    skip - SSID mismatch
D/wpa_supplicant(13840): wlan0: 7: 88:1d:fc:0a:8c:92 ssid='Tencent-StaffWiFi' wpa_ie_len=0 rsn_ie_len=0 caps=0x1421 level=-87
D/wpa_supplicant(13840): wlan0:    skip - SSID mismatch
D/wpa_supplicant(13840): wlan0: Selecting BSS from priority group 116
D/wpa_supplicant(13840):  * wpa_supplicant_select_bss
D/wpa_supplicant(13840):  * Try to find WAPI-enabled AP
D/wpa_supplicant(13840): 0: f4:cf:e2:fb:fe:44 ssid='Tencent-GuestWiFi' wapi_ie_len=0 caps=0x1431
D/wpa_supplicant(13840):  * skip - no WAPI IE
D/wpa_supplicant(13840): 1: f4:cf:e2:fb:fe:45 ssid='Tencent-DevNetWiFi' wapi_ie_len=0 caps=0x1431
D/wpa_supplicant(13840):  * skip - no WAPI IE
D/wpa_supplicant(13840): 2: 64:f6:9d:10:f2:34 ssid='Tencent-GuestWiFi' wapi_ie_len=0 caps=0x1431
D/wpa_supplicant(13840):  * skip - no WAPI IE
D/wpa_supplicant(13840): 3: 88:1d:fc:0a:8c:93 ssid='Tencent-GuestWiFi' wapi_ie_len=0 caps=0x1431
D/wpa_supplicant(13840):  * skip - no WAPI IE
D/wpa_supplicant(13840): 4: 14:cf:92:7f:85:30 ssid='nearby' wapi_ie_len=0 caps=0x431
D/wpa_supplicant(13840):  * skip - no WAPI IE
D/wpa_supplicant(13840): 5: f4:cf:e2:fb:fe:43 ssid='Tencent-StaffWiFi' wapi_ie_len=0 caps=0x1421
D/wpa_supplicant(13840):  * skip - no WAPI IE
D/wpa_supplicant(13840): 6: 64:f6:9d:10:f2:33 ssid='Tencent-StaffWiFi' wapi_ie_len=0 caps=0x1421
D/wpa_supplicant(13840):  * skip - no WAPI IE
D/wpa_supplicant(13840): 7: 88:1d:fc:0a:8c:92 ssid='Tencent-StaffWiFi' wapi_ie_len=0 caps=0x1421
D/wpa_supplicant(13840):  * skip - no WAPI IE
D/wpa_supplicant(13840): wlan0: 0: f4:cf:e2:fb:fe:44 ssid='Tencent-GuestWiFi' wpa_ie_len=24 rsn_ie_len=20 caps=0x1431 level=-63
D/wpa_supplicant(13840): wlan0:    skip - SSID mismatch
D/wpa_supplicant(13840): wlan0: 1: f4:cf:e2:fb:fe:45 ssid='Tencent-DevNetWiFi' wpa_ie_len=24 rsn_ie_len=20 caps=0x1431 level=-64
D/wpa_supplicant(13840): wlan0:    skip - SSID mismatch
D/wpa_supplicant(13840): wlan0: 2: 64:f6:9d:10:f2:34 ssid='Tencent-GuestWiFi' wpa_ie_len=24 rsn_ie_len=20 caps=0x1431 level=-66
D/wpa_supplicant(13840): wlan0:    skip - SSID mismatch
D/wpa_supplicant(13840): wlan0: 3: 88:1d:fc:0a:8c:93 ssid='Tencent-GuestWiFi' wpa_ie_len=24 rsn_ie_len=20 caps=0x1431 level=-86
D/wpa_supplicant(13840): wlan0:    skip - SSID mismatch
D/wpa_supplicant(13840): wlan0: 4: 14:cf:92:7f:85:30 ssid='nearby' wpa_ie_len=22 rsn_ie_len=20 caps=0x431 level=-92
D/wpa_supplicant(13840): wlan0:    skip - SSID mismatch
D/wpa_supplicant(13840): wlan0: 5: f4:cf:e2:fb:fe:43 ssid='Tencent-StaffWiFi' wpa_ie_len=0 rsn_ie_len=0 caps=0x1421 level=-64
D/wpa_supplicant(13840): wlan0:    skip - SSID mismatch
D/wpa_supplicant(13840): wlan0: 6: 64:f6:9d:10:f2:33 ssid='Tencent-StaffWiFi' wpa_ie_len=0 rsn_ie_len=0 caps=0x1421 level=-66
D/wpa_supplicant(13840): wlan0:    skip - SSID mismatch
D/wpa_supplicant(13840): wlan0: 7: 88:1d:fc:0a:8c:92 ssid='Tencent-StaffWiFi' wpa_ie_len=0 rsn_ie_len=0 caps=0x1421 level=-87
D/wpa_supplicant(13840): wlan0:    skip - SSID mismatch
D/wpa_supplicant(13840): wlan0: Selecting BSS from priority group 115
D/wpa_supplicant(13840):  * wpa_supplicant_select_bss
D/wpa_supplicant(13840):  * Try to find WAPI-enabled AP
D/wpa_supplicant(13840): 0: f4:cf:e2:fb:fe:44 ssid='Tencent-GuestWiFi' wapi_ie_len=0 caps=0x1431
D/wpa_supplicant(13840):  * skip - no WAPI IE
D/wpa_supplicant(13840): 1: f4:cf:e2:fb:fe:45 ssid='Tencent-DevNetWiFi' wapi_ie_len=0 caps=0x1431
D/wpa_supplicant(13840):  * skip - no WAPI IE
D/wpa_supplicant(13840): 2: 64:f6:9d:10:f2:34 ssid='Tencent-GuestWiFi' wapi_ie_len=0 caps=0x1431
D/wpa_supplicant(13840):  * skip - no WAPI IE
D/wpa_supplicant(13840): 3: 88:1d:fc:0a:8c:93 ssid='Tencent-GuestWiFi' wapi_ie_len=0 caps=0x1431
D/wpa_supplicant(13840):  * skip - no WAPI IE
D/wpa_supplicant(13840): 4: 14:cf:92:7f:85:30 ssid='nearby' wapi_ie_len=0 caps=0x431
D/wpa_supplicant(13840):  * skip - no WAPI IE
D/wpa_supplicant(13840): 5: f4:cf:e2:fb:fe:43 ssid='Tencent-StaffWiFi' wapi_ie_len=0 caps=0x1421
D/wpa_supplicant(13840):  * skip - no WAPI IE
D/wpa_supplicant(13840): 6: 64:f6:9d:10:f2:33 ssid='Tencent-StaffWiFi' wapi_ie_len=0 caps=0x1421
D/wpa_supplicant(13840):  * skip - no WAPI IE
