D/MSF.D.MonitorSocket(29988): [W]BaseApplication initialization used 2ms
I/TM.global(29988): [W]ThreadExcutor singleton construct
D/mqq     (28625): [W][MSF Send]push.cmdRegister appSeq:16 from BuiltInServlet
D/qzone_launch(29988): [W]STEP_OLD_ONCREATE stop ,cost:8
I/Perf.Qzone(29988): STEP_OLD_ONCREATE, cost=8
D/Q.contacts.(28625): [W]BuiltInServlet.ACTION_REGIST_MESSAGE_PUSH online, 0, 1444613821
I/AutoMonitor(29988): STEP_OLD_ONCREATE, cost=8 results: false
I/AutoMonitor(29988): [1, 8, 7, 14], cost=23 results: false
D/MSF.D.Proxy(28625): [W] send req to msfService:ToServiceMsg msName:registerPush ssoSeq:-1 appId:537042986 appSeq:17 sName:com.tencent.mobileqq.msf.service.MsfService uin:1397608307 sCmd:push.register t:30000 needResp:true
D/qzone_launch(29988): [W]STEP_UPDATE start
D/qzone_launch(29988): [W]STEP_UPDATE stop ,cost:0
I/Perf.Qzone(29988): STEP_UPDATE, cost=0
D/qzone_launch(29988): [W]STEP_QZONE_PERFORMANCE_TRACER start
D/MSF.S.ReqHandler(28582): [W]recv com.tencent.mobileqq req:ToServiceMsg msName:registerPush ssoSeq:57708 appId:537042986 appSeq:17 sName:com.tencent.mobileqq.msf.service.MsfService uin:1397608307 sCmd:push.register t:30000 needResp:true
D/mqq     (28582): [W]setMainAccount: failed *8307
D/MSF.C.PushManager(28582): [W]recv processName:com.tencent.mobileqq recv regPush 
E/MSF.C.PushManager(28582): [W]handlerPush not found the same register Push CE67035B01124631564ED5C1371490DC iStatus:11
D/qzone_launch(29988): [W]STEP_INIT_SKIN start
D/QzonePerformanceTracer(29988): [W]QzonePerformanceTracer getIsTracing:false
D/QzonePerformanceTracer(29988): [W]InitQzoneTracer isTrace:false
D/qzone_launch(29988): [W]STEP_QZONE_PERFORMANCE_TRACER stop ,cost:15
I/Perf.Qzone(29988): STEP_QZONE_PERFORMANCE_TRACER, cost=15
D/qzone_launch(29988): [W]STEP_NEW_RUNTIME start
D/mqq     (29988): [E]doInit begin withcom.tencent.mobileqq:qzone
I/TbsInstaller(29944): [W]TBS:TbsInstaller-constructor!
D/MSF.C.PushManager:PushCoder(28582): [W]ConfigManager.isAutoStarting():false
E/QbSdk   (29944): [W]TBS:svn version is 317162
D/MSF.C.NetConnTag(28582): [E]pa ok: 57709
D/MSF.D.MonitorSocket(28582): [W]|:0_1105503480 |write|236|2|MSF Signal|1
D/MSF.C.NetConnTag(28582): [E]netSend appid:537042986 appSeq:17 ssoSeq:57709 uin:*8307 cmd:StatSvc.register len:236
D/MSF.C.NetworkTraffic(28582): [W]write|236|2|StatSvc.register
D/MSF.C.NetConnTag(28582): [D]add ToServiceMsg msName:_msf_RegPush ssoSeq:57709 appId:537042986 appSeq:17 sName: uin:1397608307 sCmd:StatSvc.register t:30000 needResp:true to sendQueue
D/MSF.C.PushManager:PushCoder(28582): [E]handlerPush send CE67035B01124631564ED5C1371490DC register push id 7 pushStatus:11 bRegType:0 timeStamp:0
D/msfCore (28582): [E]stopPCActivePolling by regPush
W/QQWiFiScanManager(28582): [W]setQuited = false
D/MSF.D.Proxy(29988): [E]start service finish
D/MSF.S.MsfService(28582): [E]serivce onStart
D/MSF.D.Proxy(29988): [E]threadID:10281 bind com.tencent.mobileqq.msf.service.MsfService service finished true
D/mqq     (29988): [W]a1.getUin() = 1397608307;key.time = 1444613816749
D/mqq     (29988): [W]a2.getUin() = 272166398;key.time = 1444573019403
D/MobileQQ(29988): [E]createNewRuntimefalsefalse5null
D/SkinEngine(29988): int DrawablePreloadIntercepter cost: 28
W/ResourceType(29988): getEntry failing because entryIndex 769 is beyond type entryCount 769
W/ResourceType(29988): Failure getting entry for 0x7f0b0301 (t=10 e=769) in package 0 (error -2147483647)
D/SkinEngine(29988): int ColorStateListPreloadIntercepter cost: 10
D/SkinEngine(29988): [W]qzone skin ignore skinEngine accered.
D/SkinEngine(29988): [W]qzone skin init skin engine cost: 49
D/qzone_launch(29988): [W]STEP_INIT_SKIN stop ,cost:51
I/Perf.Qzone(29988): STEP_INIT_SKIN, cost=51
D/qzone_launch(29988): [W]STEP_RDM start
D/Rdm     (29988): [E]doStep...process: com.tencent.mobileqq:qzone
D/mqq     (29988): [W]a1.getUin() = 272166398;key.time = 1444573019403
D/mqq     (29988): [W]a2.getUin() = 1397608307;key.time = 1444613816749
D/qzone_launch(29988): [W]Runtime_load_runtime start
D/StatisticCollector(29988): [E]initCrashReport ... process:com.tencent.mobileqq:qzone pid=29988
D/plugin_tag(29988): [W]path:/data/user/0/com.tencent.mobileqq/app_installed_plugin/qzone_plugin.apk-> [/data/data/com.tencent.mobileqq/app_installed_plugin, /data/data/com.tencent.mobileqq/app_installed_plugin]
I/dalvikvm(29988): DexOpt: source file mod time mismatch (474a6f54 vs 474aa745)
D/dalvikvm(29988): ODEX file is stale or bad; removing and retrying (/data/data/com.tencent.mobileqq/app_odex/qzone_plugin.dex)
D/PCActiveEchoManager(28582): [E]stopEcho succ
E/loaderror(29944): [W]TBS:403
D/mqq     (28625): [W][MSF Send]push.register appSeq:17 from BuiltInServlet
D/QQInitHandler(28625): [W]REGISTER_PUSH_LOGIN setResult 2, when 1, true
E/loaderror(29944): [W]TBS:315
D/MSF.D.MonitorSocket(28582): [W]|:0_1105503480 |read|240|2|MSF Signal|1
E/SDKEngine(29944): [W]TBS:SDKEngine--init canLoadTbs=false
E/SDKEngine(29944): [W]TBS:SDKEngine--init can_load_x5=false
D/MSF.C.NetworkTraffic(28582): [W]read|240|2|StatSvc.register
D/MSF.C.NetConnTag(28582): [E]netRecv ssoSeq:57709 uin:*8307 cmd:StatSvc.register len:240 costTime:60 SignalStrengths wifi:28 gsm:27 cdma:-120 net:2
E/SDKEngine(29944): [W]TBS:SDKEngine--init is_compatible=true
E/SDKEngine(29944): [W]TBS:SDKEngine--init isTbsCoreLegaL=true
E/SDKEngine(29944): [W]TBS:useSystemWebView by !canLoadTbs
D/MSF.C.NetConnInfoCenter(28582): [D]handleGetServerTimeResp servertime is 1444613823
E/loaderror(29944): [W]TBS:324
E/QbSdk   (29944): [W]TBS:sys WebView: SysWebViewForcedInner
D/MSF.C.NetConnInfoCenter(28582): [W]set serverTime is 15-10-12 09:37:03
D/StatisticCollector(29988): [E]initNativeCrashReport ... process:com.tencent.mobileqq:qzone pid=29988
D/dalvikvm(29988): Trying to load lib /data/app-lib/com.tencent.mobileqq-2/libNativeRQD.so 0x41821be0
D/MSF.S.AppProcessManager(28582): [W]send push com.tencent.mobileqq from:FromServiceMsg msName:pushSetConfig ssoSeq:-1 failCode:1000 errorMsg: uin:0 serviceCmd:cmd_pushSetConfig appId:537042986 appSeq:-1
D/MSF.S.AppProcessManager(28582): [W]com.tencent.mobileqq:qqwifi's callBack is null; cmd_pushSetConfig is cared: false
D/dalvikvm(29988): Added shared lib /data/app-lib/com.tencent.mobileqq-2/libNativeRQD.so 0x41821be0
D/dalvikvm(29988): No JNI_OnLoad found in /data/app-lib/com.tencent.mobileqq-2/libNativeRQD.so 0x41821be0, skipping init
D/MSF.S.AppProcessInfo(28582): [W]com.tencent.mobileqq:web setAppDisConnected, isAppConnected false
D/MSF.S.AppProcessManager(28582): [W]DeadObjectException
D/MSF.S.AppProcessManager(28582): [W]need boot false com.tencent.mobileqq:web from:FromServiceMsg msName:pushSetConfig ssoSeq:-1 failCode:1000 errorMsg: uin:0 serviceCmd:cmd_pushSetConfig appId:537042986 appSeq:-1
D/MSF.S.AppProcessManager(28582): [W]com.tencent.mobileqq:qqfav's callBack is null; cmd_pushSetConfig is cared: false
D/MSF.S.AppProcessManager(28582): [W]com.tencent.mobileqq:TMAssistantDownloadSDKService's callBack is null; cmd_pushSetConfig is cared: false
D/MSF.S.AppProcessManager(28582): [W]com.tencent.mobileqq:video's callBack is null; cmd_pushSetConfig is cared: false
D/MSF.S.AppProcessManager(28582): [W]com.tencent.mobileqq:picture's callBack is null; cmd_pushSetConfig is cared: false
D/MSF.S.AppProcessManager(28582): [W]com.tencent.mobileqq:peak's callBack is null; cmd_pushSetConfig is cared: false
D/MSF.D.Proxy(28625): [W] onRecvPushResp FromServiceMsg msName:pushSetConfig ssoSeq:-1 failCode:1000 errorMsg: uin:0 serviceCmd:cmd_pushSetConfig appId:537042986 appSeq:-1
D/MSF.D.QLogImpl(28625): [E]set UIN_REPORTLOG_LEVEL 4
D/MSF.C.PushManager:PushCoder(28582): [D]pushresp servertime is 144461382315-10-12 09:37:03
I/native_eup(29988): Java_com_tencent_feedback_eup_jni_NativeExceptionUpload_registNativeExceptionHandler2 start
I/native_eup(29988): JARJNIVERSION:1
I/native_eup(29988): found native exception handler!
I/native_eup(29988): is arm process armeabi-v7a
I/native_eup(29988): run in arm so
I/native_eup(29988): registSignal start
I/native_eup(29988): registSignal end
I/native_eup(29988): set signal stack
W/native_eup(29988): empty
I/native_eup(29988): Java_com_tencent_feedback_eup_jni_NativeExceptionUpload_registNativeExceptionHandler end
I/native_eup(29988): NativeRQDVersion:nativeRqd.1.8.3
I/native_eup(29988): Java_com_tencent_feedback_eup_jni_NativeExceptionUpload_enableHandler start
I/native_eup(29988): Java_com_tencent_feedback_eup_jni_NativeExceptionUpload_enableHandler end
I/native_eup(29988): setLogMode 3 current 4
D/MSF.C.PushManager:PushCoder(28582): [E]handlerPush register push succ CE67035B01124631564ED5C1371490DC bUpdateFlag:0 timeStamp:190 cReplyCode:0
D/MSF.C.PushManager:PushCoder(28582): [W]com.tencent.mobileqq is running, no need send SvcRequestPullUnreadMsgCountReq
D/qzone_launch(29988): [W]STEP_RDM stop ,cost:40
I/Perf.Qzone(29988): STEP_RDM, cost=40
D/qzone_launch(29988): [W]App_onCreate stop ,cost:123
D/MSF.C.PushManager:PushCoder(28582): [W]recv register push resp.iInterval=300, queryIntervTime=300000, next query time is 12 09:42:02
I/Perf.Qzone(29988): App_onCreate, cost=123
D/plugin_tag(29988): [W]PluginProxyService.onCreate
D/plugin_tag(29988): [W]PluginProxyService.onStart Intent:Intent { act=com.qzone.intent.action.PRELOAD_FRIEND_FEEDS cmp=com.tencent.mobileqq/cooperation.qzone.QzonePluginProxyService (has extras) }
D/plugin_tag(29988): [W]PluginProxyService.startPluginIfNeccessary Intent:Intent { act=com.qzone.intent.action.PRELOAD_FRIEND_FEEDS cmp=com.tencent.mobileqq/cooperation.qzone.QzonePluginProxyService (has extras) }
D/plugin_tag(29988): [W]path:/data/user/0/com.tencent.mobileqq/app_installed_plugin/qzone_plugin.apk-> [/data/data/com.tencent.mobileqq/app_installed_plugin, /data/data/com.tencent.mobileqq/app_installed_plugin]
D/plugin_tag(29988): [W]PluginProxyService.startPluginIfNeccessary Params:qzone_plugin.apk, com.qzone.preview.service.PictureService
I/AlarmManager(  968): [timer]  setRepeating: 
I/AlarmManager(  968): [timer]   !!!take care!!!, it is a wakeup timer(type=0/2).
I/AlarmManager(  968): [timer]   --type = 0
I/AlarmManager(  968): [timer]   --current time = 2015-10-12 09:37:02
I/AlarmManager(  968): [timer]   --trigger time = 2015-10-12 09:42:02
I/AlarmManager(  968): [timer]   --trigger after 299999ms from now.
I/AlarmManager(  968): [timer]   --interval = 0
I/AlarmManager(  968): [timer]   --operation = PendingIntent{4313b1b8: PendingIntentRecord{43270148 com.tencent.mobileqq broadcastIntent}}
I/AlarmManager(  968): [timer]   --target package = com.tencent.mobileqq
W/AlarmManager(  968): set: Alarm{4293fd68 type 0 com.tencent.mobileqq}
V/AlarmManager(  968): Adding alarm Alarm{4293fd68 type 0 com.tencent.mobileqq} at 13
D/MSF.C.PushManager(28582): [W]register com.tencent.mobileqq:MSF_1104285512 alarm alive send at 12 09:42:02
D/MSF.S.RespHandler(28582): [W]com.tencent.mobileqq add resp to queue:57709 from:FromServiceMsg msName:registerPush ssoSeq:57709 failCode:1000 errorMsg: uin:1397608307 serviceCmd:push.register appId:537042986 appSeq:17
D/MSF.S.AppProcessManager(28582): [W]send resp com.tencent.mobileqq to:ToServiceMsg msName:_msf_RegPush ssoSeq:57709 appId:537042986 appSeq:17 sName: uin:1397608307 sCmd:push.register t:30000 needResp:true from:FromServiceMsg msName:registerPush ssoSeq:57709 failCode:1000 errorMsg: uin:1397608307 serviceCmd:push.register appId:537042986 appSeq:17
D/MSF.D.Proxy(28625): [W] onResponse 57709 FromServiceMsg msName:registerPush ssoSeq:57709 failCode:1000 errorMsg: uin:1397608307 serviceCmd:push.register appId:537042986 appSeq:17
D/MSF.D.Proxy(28625): [W]add queue req:ToServiceMsg msName:_msf_RegPush ssoSeq:57709 appId:537042986 appSeq:17 sName: uin:1397608307 sCmd:push.register t:30000 needResp:true from:FromServiceMsg msName:registerPush ssoSeq:57709 failCode:1000 errorMsg: uin:1397608307 serviceCmd:push.register appId:537042986 appSeq:17
D/dalvikvm(28582): GC_CONCURRENT freed 403K, 70% free 3430K/11200K, paused 2ms+1ms, total 14ms
I/WebView (29944): [W]TBS:SystemWebView Created Success! #2
D/MSF.D.RemoteServiceProxy(29944): [W]threadID:1 onServiceConnected service:ComponentInfo{com.tencent.mobileqq/com.tencent.mobileqq.msf.service.MsfService}
D/MSF.D.RemoteServiceProxy(29944): [E]Property get avail memory:358436864
D/webcoreglue(29944): netstack: Memory Cache feature is ON
D/MSF.D.RemoteServiceProxy(29944): [E]Property get low memory feature:false
D/MSF.D.RemoteServiceProxy(29944): [E]isMsfAlive:true, cur service process count:78
D/MSF.D.RemoteServiceProxy(29944): [E]succ to pull msf service.
D/MSF.D.Proxy(29944): [W] send req to msfService:ToServiceMsg msName:registerMsfService ssoSeq:-1 appId:537042986 appSeq:48562 sName:com.tencent.mobileqq.msf.service.MsfService uin:0 sCmd:cmd_RegisterMsfService t:30000 needResp:false
D/MSF.S.ReqHandler(28582): [W]recv com.tencent.mobileqq:web req:ToServiceMsg msName:registerMsfService ssoSeq:57710 appId:537042986 appSeq:48562 sName:com.tencent.mobileqq.msf.service.MsfService uin:0 sCmd:cmd_RegisterMsfService t:30000 needResp:false
D/MSF.S.AppProcessInfo(28582): [W]com.tencent.mobileqq:web onAppBind, isAppConnected true
D/JSENGINE(29944): qualcomm.jsengine.version:C.2-patch35-git:7b7ad6f
D/MSF.C.NetConnTag(28582): [D]delayWaitSendList size is 1, 1 sso package should be merged.
D/MSF.C.NetConnTag(28582): [E]pa ok: 57706
D/MSF.C.NetConnTag(28582): [D]add ToServiceMsg msName:unknown ssoSeq:57706 appId:537042986 appSeq:15 sName:com.tencent.mobileqq.msf.service.MsfService uin:1397608307 sCmd:OidbSvc.0x7a2_0 t:30000 needResp:true to sendQueue
D/MSF.D.MonitorSocket(28582): [W]|:0_1105503480 |write|92|2|MSF Signal|1
D/MSF.C.NetConnTag(28582): [E]netSend appid:537042986 appSeq:15 ssoSeq:57706 uin:*8307 cmd:OidbSvc.0x7a2_0 len:92
D/MSF.C.NetworkTraffic(28582): [W]write|92|2|OidbSvc.0x7a2_0
V/BreathinglightService(  968): setBrightness 1
E/BreathinglightService(  968): getBrightness getBrightness =  1
D/Drag    (28625): [W]Host.dispatchTouchEvent: Down At<556.0, 303.0>
E/BreathinglightService(  968): getBrightness getBrightness =  1
D/PortalManager(28625): [W]handleMessage 1, null
D/WifiNative-wlan0(  968): doString -------------- : SIGNAL_POLL
D/wpa_supplicant(13840): RX ctrl_iface - hexdump(len=11): 53 49 47 4e 41 4c 5f 50 4f 4c 4c
D/wpa_supplicant(13840): wlan0: Control interface command 'SIGNAL_POLL'
D/wpa_supplicant(13840): nl80211: survey data missing!
D/FileUtils(28625): [W]return null. File length=0
D/RedPointManage(28625): [W]Can not translate BusinessInfoCheckUpdateItem pb file to byte
D/RedPointManage(28625): [W]TimeRspBody is Empty or msgAppInfo is Empty
D/FileUtils(28625): [W]return null. File length=0
D/RedPointManage(28625): [W]Can not translate BusinessInfoCheckUpdateItem pb file to byte
D/RedPointManage(28625): [W]TimeRspBody is Empty or msgAppInfo is Empty
D/FileUtils(28625): [W]return null. File length=0
D/RedPointManage(28625): [W]Can not translate BusinessInfoCheckUpdateItem pb file to byte
D/RedPointManage(28625): [W]TimeRspBody is Empty or msgAppInfo is Empty
D/MobileQQService(28625): [W]req cmd: RedTouchSvc.ClientReport
D/MobileQQService(28625): [W]PB cmd: req cmd: RedTouchSvc.ClientReport
D/MSF.D.Proxy(28625): [W] send req to msfService:ToServiceMsg msName:unknown ssoSeq:-1 appId:537042986 appSeq:18 sName:com.tencent.mobileqq.msf.service.MsfService uin:1397608307 sCmd:RedTouchSvc.ClientReport t:30000 needResp:true
D/MSF.S.ReqHandler(28582): [W]recv com.tencent.mobileqq req:ToServiceMsg msName:unknown ssoSeq:57711 appId:537042986 appSeq:18 sName:com.tencent.mobileqq.msf.service.MsfService uin:1397608307 sCmd:RedTouchSvc.ClientReport t:30000 needResp:true
D/MSF.C.NetConnTag(28582): [W]add 57711 scmd: RedTouchSvc.ClientReport uin: 1397608307 len: 34 msg to SSO.LoginMerge delayWaitSendList
D/mqq     (28625): [W][MSF Send]RedTouchSvc.ClientReport appSeq:18 from TempServlet
I/AutoMonitor(28625): [D]globalBgTask, cost=3, com.tencent.mobileqq.service.MobileQQService$2|pool-1|t-id=10305|priority=10|wait=0
D/BusinessInfoCheckUpdateItem(28625): [W]setNewStatusByID,path=100510
D/FileUtils(28625): [W]return null. File length=0
D/RedPointManage(28625): [W]Can not translate BusinessInfoCheckUpdateItem pb file to byte
D/BusinessInfoCheckUpdateItem(28625): [W]BusinessInfoCheckUpdateItem pb file does not exist
D/FileUtils(28625): [W]return null. File length=0
D/RedPointManage(28625): [W]Can not translate BusinessInfoCheckUpdateItem pb file to byte
D/RedPointManage(28625): [W]TimeRspBody is Empty or msgAppInfo is Empty
I/toplist_rank(28625): [W]god buffer: 
D/FileUtils(28625): [W]return null. File length=0
D/RedPointManage(28625): [W]Can not translate BusinessInfoCheckUpdateItem pb file to byte
D/RedPointManage(28625): [W]TimeRspBody is Empty or msgAppInfo is Empty
D/FileUtils(28625): [W]return null. File length=0
D/RedPointManage(28625): [W]Can not translate BusinessInfoCheckUpdateItem pb file to byte
D/RedPointManage(28625): [W]TimeRspBody is Empty or msgAppInfo is Empty
D/MobileQQService(28625): [W]req cmd: RedTouchSvc.ClientReport
D/MobileQQService(28625): [W]PB cmd: req cmd: RedTouchSvc.ClientReport
D/MSF.D.Proxy(28625): [W] send req to msfService:ToServiceMsg msName:unknown ssoSeq:-1 appId:537042986 appSeq:19 sName:com.tencent.mobileqq.msf.service.MsfService uin:1397608307 sCmd:RedTouchSvc.ClientReport t:30000 needResp:true
D/BusinessInfoCheckUpdateItem(28625): [W]setNewStatusByID,path=100510.100517
D/FileUtils(28625): [W]return null. File length=0
D/RedPointManage(28625): [W]Can not translate BusinessInfoCheckUpdateItem pb file to byte
D/BusinessInfoCheckUpdateItem(28625): [W]BusinessInfoCheckUpdateItem pb file does not exist
D/MSF.S.ReqHandler(28582): [W]recv com.tencent.mobileqq req:ToServiceMsg msName:unknown ssoSeq:57712 appId:537042986 appSeq:19 sName:com.tencent.mobileqq.msf.service.MsfService uin:1397608307 sCmd:RedTouchSvc.ClientReport t:30000 needResp:true
D/MSF.C.NetConnTag(28582): [W]add 57712 scmd: RedTouchSvc.ClientReport uin: 1397608307 len: 34 msg to SSO.LoginMerge delayWaitSendList
D/mqq     (28625): [W][MSF Send]RedTouchSvc.ClientReport appSeq:19 from TempServlet
I/AutoMonitor(28625): [D]globalBgTask, cost=7, com.tencent.mobileqq.service.MobileQQService$2|pool-1|t-id=10284|priority=10|wait=0
I/ActivityManager(  968): START u0 {flg=0x40000 cmp=com.tencent.mobileqq/.nearby.guide.NearbyGuideActivity (has extras)} from pid 28625
I/jdwp    (29988): Ignoring second debugger -- accepting and dropping
I/PowerManager(  968):  acquire wake lock at time 2015-10-12 09:37:03 wakeLock  :flags = 1 tag= ActivityManager-Launch count = 0 refcounted= false mHeld= true
D/SplashActivity(28625): [W]doOnPause
D/qqBaseActivity(28625): [W][1099197072]SplashActivity onPause
D/UnifiedMonitor(28625): [E]addEvent, num=5389, extra=[revision=0, build_type=dbg, not_reported=-1, event=com.tencent.mobileqq.activity.SplashActivity, family=8]
D/StatisticCollector(28625): [W]event report: unifiedMonitor true time:5389 size:0
W/ContextImpl(  968): Calling a method in the system process without a qualified user: android.app.ContextImpl.sendBroadcast:1051 com.android.server.am.ActivityStack.activityPaused:1087 com.android.server.am.ActivityManagerService.activityPaused:4488 android.app.ActivityManagerNative.onTransact:418 com.android.server.am.ActivityManagerService.onTransact:1686 
D/MSF.D.Proxy(28625): [W] send req to msfService:ToServiceMsg msName:reportRdm ssoSeq:-1 appId:537042986 appSeq:67093 sName:com.tencent.mobileqq.msf.service.MsfService uin:0 sCmd:App_reportRDM t:30000 needResp:false
D/MSF.S.ReqHandler(28582): [W]recv com.tencent.mobileqq req:ToServiceMsg msName:reportRdm ssoSeq:57713 appId:537042986 appSeq:67093 sName:com.tencent.mobileqq.msf.service.MsfService uin:0 sCmd:App_reportRDM t:30000 needResp:false
W/ActivityManager(  968): THREE_FINGER_SLIDE ActivityStack realStartActivityLocked call sendApkLanuchIntent rId = 147
W/ActivityManager(  968): THREE_FINGER_SLIDE ActivityStack realStartActivityLocked call sendApkLanuchIntent LastPausedId = 147
W/ContextImpl(  968): Calling a method in the system process without a qualified user: android.app.ContextImpl.sendBroadcast:1051 com.android.server.am.ActivityStack.realStartActivityLocked:764 com.android.server.am.ActivityStack.startSpecificActivityLocked:831 com.android.server.am.ActivityStack.resumeTopActivityLocked:1842 com.android.server.am.ActivityStack.resumeTopActivityLocked:1447 
D/UnifiedMonitor(28625): [E]addEvent, num=1532, extra=[revision=0, build_type=dbg, not_reported=-1, event=com.tencent.mobileqq.activity.Leba, family=8]
D/StatisticCollector(28625): [W]event report: unifiedMonitor true time:1532 size:0
D/MSF.D.Proxy(28625): [W] send req to msfService:ToServiceMsg msName:reportRdm ssoSeq:-1 appId:537042986 appSeq:67094 sName:com.tencent.mobileqq.msf.service.MsfService uin:0 sCmd:App_reportRDM t:30000 needResp:false
D/MSF.S.ReqHandler(28582): [W]recv com.tencent.mobileqq req:ToServiceMsg msName:reportRdm ssoSeq:57714 appId:537042986 appSeq:67094 sName:com.tencent.mobileqq.msf.service.MsfService uin:0 sCmd:App_reportRDM t:30000 needResp:false
W/System.err(11991): java.lang.IllegalArgumentException: Receiver not registered: com.meri.service.k$a@4189d900
W/System.err(11991): 	at android.app.LoadedApk.forgetReceiverDispatcher(LoadedApk.java:669)
W/System.err(11991): 	at android.app.ContextImpl.unregisterReceiver(ContextImpl.java:1358)
W/System.err(11991): 	at android.content.ContextWrapper.unregisterReceiver(ContextWrapper.java:445)
W/System.err(11991): 	at com.meri.service.k$a.As(SourceFile:289)
W/System.err(11991): 	at com.meri.service.k$a.a(SourceFile:281)
W/System.err(11991): 	at com.meri.service.k.gX(SourceFile:199)
W/System.err(11991): 	at com.meri.service.k.b(SourceFile:30)
W/System.err(11991): 	at com.meri.service.k$2.a(SourceFile:166)
W/System.err(11991): 	at com.meri.service.m$5.run(SourceFile:397)
W/System.err(11991): 	at tcs.aet.d(SourceFile:364)
W/System.err(11991): 	at tcs.aet.c(SourceFile:349)
W/System.err(11991): 	at tcs.aet.TM(SourceFile:150)
W/System.err(11991): 	at tcs.aev.a(SourceFile:57)
W/System.err(11991): 	at tcs.aet$1.run(SourceFile:218)
I/qqBaseActivity(28625): [W][1099083624]NearbyGuideActivity process id =28625 onCreate task : 147
I/AutoMonitor(28625): [W]Main_base_create, cost=47
D/HostStatisticManager(29944): netstack: DNS Host Prioritization is: ON, Version: 5.0.2
I/        (29944): netstack: LIB_MGR - Lib loaded: libdnshostprio.so
I/        (29944): netstack: STAT_HUB - Succeeded to load plugin: libdnshostprio.so
I/        (29944): netstack: LIB_MGR - Lib loaded: spl_proc_plugin.so
I/        (29944): netstack: STAT_HUB - Succeeded to load plugin: spl_proc_plugin.so
I/        (29944): netstack: LIB_MGR - Lib loaded: pp_proc_plugin.so
I/        (29944): netstack: STAT_HUB - Succeeded to load plugin: pp_proc_plugin.so
E/        (29944): netstack:  STAT_HUB - App com.tencent.mobileqq:web isn't supported
D/dalvikvm(28625): GC_FOR_ALLOC freed 1592K, 28% free 9817K/13520K, paused 27ms, total 27ms
I/dalvikvm-heap(28625): Grow heap (frag case) to 11.000MB for 501136-byte allocation
D/dalvikvm(28625): GC_FOR_ALLOC freed 85K, 28% free 10221K/14012K, paused 26ms, total 26ms
I/dalvikvm-heap(28625): Grow heap (frag case) to 11.993MB for 1127536-byte allocation
D/MSF.D.MonitorSocket(28582): [W]|:0_1105503480 |read|136|2|MSF Signal|1
D/MSF.C.NetConnTag(28582): [E]netRecv Delay FromServiceMsg ssoSeq:-1691855963 scmd: SSO.LoginMerge len: 56 uncompressed len: 48
D/MSF.C.NetworkTraffic(28582): [W]read|21|2|OidbSvc.0x7a2_0
D/MSF.C.NetConnTag(28582): [E]netRecv ssoSeq:57706 uin:*8307 cmd:OidbSvc.0x7a2_0 len:21 costTime:644 SignalStrengths wifi:28 gsm:27 cdma:-120 net:2
D/MSF.S.RespHandler(28582): [W]com.tencent.mobileqq add resp to queue:57706 from:FromServiceMsg msName:unknown ssoSeq:57706 failCode:1000 errorMsg: uin:1397608307 serviceCmd:OidbSvc.0x7a2_0 appId:537042986 appSeq:15
D/MSF.S.AppProcessManager(28582): [W]send resp com.tencent.mobileqq to:ToServiceMsg msName:unknown ssoSeq:57706 appId:537042986 appSeq:15 sName:com.tencent.mobileqq.msf.service.MsfService uin:1397608307 sCmd:OidbSvc.0x7a2_0 t:30000 needResp:true from:FromServiceMsg msName:unknown ssoSeq:57706 failCode:1000 errorMsg: uin:1397608307 serviceCmd:OidbSvc.0x7a2_0 appId:537042986 appSeq:15
D/dalvikvm(28625): GC_FOR_ALLOC freed 499K, 29% free 10835K/15116K, paused 28ms, total 28ms
D/MSF.D.Proxy(28625): [W] onResponse 57706 FromServiceMsg msName:unknown ssoSeq:57706 failCode:1000 errorMsg: uin:1397608307 serviceCmd:OidbSvc.0x7a2_0 appId:537042986 appSeq:15
D/MSF.D.Proxy(28625): [W]add queue req:ToServiceMsg msName:unknown ssoSeq:57706 appId:537042986 appSeq:15 sName:com.tencent.mobileqq.msf.service.MsfService uin:1397608307 sCmd:OidbSvc.0x7a2_0 t:30000 needResp:true from:FromServiceMsg msName:unknown ssoSeq:57706 failCode:1000 errorMsg: uin:1397608307 serviceCmd:OidbSvc.0x7a2_0 appId:537042986 appSeq:15
D/MSF.S.AppProcessManager(28582): [W]add process :com.tencent.mobileqq:web
D/MSF.S.AppProcessManager(28582): [W]send push com.tencent.mobileqq from:FromServiceMsg msName:pushSetConfig ssoSeq:-1 failCode:1000 errorMsg: uin:0 serviceCmd:cmd_pushSetConfig appId:537042986 appSeq:-1
D/MSF.S.AppProcessManager(28582): [W]com.tencent.mobileqq:qqwifi's callBack is null; cmd_pushSetConfig is cared: false
D/MSF.S.AppProcessManager(28582): [W]send push com.tencent.mobileqq:web from:FromServiceMsg msName:pushSetConfig ssoSeq:-1 failCode:1000 errorMsg: uin:0 serviceCmd:cmd_pushSetConfig appId:537042986 appSeq:-1
D/MSF.S.AppProcessManager(28582): [W]com.tencent.mobileqq:qqfav's callBack is null; cmd_pushSetConfig is cared: false
D/MSF.S.AppProcessManager(28582): [W]com.tencent.mobileqq:TMAssistantDownloadSDKService's callBack is null; cmd_pushSetConfig is cared: false
D/MSF.S.AppProcessManager(28582): [W]com.tencent.mobileqq:video's callBack is null; cmd_pushSetConfig is cared: false
D/MSF.S.AppProcessManager(28582): [W]com.tencent.mobileqq:picture's callBack is null; cmd_pushSetConfig is cared: false
D/MSF.S.AppProcessManager(28582): [W]com.tencent.mobileqq:peak's callBack is null; cmd_pushSetConfig is cared: false
D/MSF.D.Proxy(29944): [W] onRecvPushResp FromServiceMsg msName:pushSetConfig ssoSeq:-1 failCode:1000 errorMsg: uin:0 serviceCmd:cmd_pushSetConfig appId:537042986 appSeq:-1
D/MSF.D.QLogImpl(29944): [E]set UIN_REPORTLOG_LEVEL 4
D/MSF.D.Proxy(29944): [W] registerMsfService result:57710
D/MSF.D.Proxy(29944): [W] send req to msfService:ToServiceMsg msName:registerMsfService ssoSeq:-1 appId:537042986 appSeq:48561 sName:com.tencent.mobileqq.msf.service.MsfService uin:0 sCmd:cmd_RegisterMsfService t:30000 needResp:false
D/PreloadService(29944): [W]onHandleIntent
I/AutoMonitor(29944): [E]onActivityCreate when 201, com.tencent.mobileqq.webprocess.WebProcessReceiver@41c9fd58
D/WebProcessReceiver(29944): [W]action=com.tencent.mobileqq.webprocess.preload_web_process
D/WebProcessReceiver(29944): [W]preload web process!
D/MSF.S.ReqHandler(28582): [W]recv com.tencent.mobileqq:web req:ToServiceMsg msName:registerMsfService ssoSeq:57715 appId:537042986 appSeq:48561 sName:com.tencent.mobileqq.msf.service.MsfService uin:0 sCmd:cmd_RegisterMsfService t:30000 needResp:false
D/MSF.S.AppProcessInfo(28582): [W]com.tencent.mobileqq:web onAppBind, isAppConnected true
D/MSF.S.AppProcessManager(28582): [W]add process :com.tencent.mobileqq:web
D/MSF.S.AppProcessManager(28582): [W]send push com.tencent.mobileqq from:FromServiceMsg msName:pushSetConfig ssoSeq:-1 failCode:1000 errorMsg: uin:0 serviceCmd:cmd_pushSetConfig appId:537042986 appSeq:-1
D/MSF.S.AppProcessManager(28582): [W]com.tencent.mobileqq:qqwifi's callBack is null; cmd_pushSetConfig is cared: false
D/MSF.S.AppProcessManager(28582): [W]send push com.tencent.mobileqq:web from:FromServiceMsg msName:pushSetConfig ssoSeq:-1 failCode:1000 errorMsg: uin:0 serviceCmd:cmd_pushSetConfig appId:537042986 appSeq:-1
D/MSF.D.Proxy(29944): [W] onRecvPushResp FromServiceMsg msName:pushSetConfig ssoSeq:-1 failCode:1000 errorMsg: uin:0 serviceCmd:cmd_pushSetConfig appId:537042986 appSeq:-1
D/MSF.D.QLogImpl(29944): [E]set UIN_REPORTLOG_LEVEL 4
D/MSF.S.AppProcessManager(28582): [W]com.tencent.mobileqq:qqfav's callBack is null; cmd_pushSetConfig is cared: false
D/MSF.S.AppProcessManager(28582): [W]com.tencent.mobileqq:TMAssistantDownloadSDKService's callBack is null; cmd_pushSetConfig is cared: false
D/MSF.S.AppProcessManager(28582): [W]com.tencent.mobileqq:video's callBack is null; cmd_pushSetConfig is cared: false
D/MSF.S.AppProcessManager(28582): [W]com.tencent.mobileqq:picture's callBack is null; cmd_pushSetConfig is cared: false
D/MSF.S.AppProcessManager(28582): [W]com.tencent.mobileqq:peak's callBack is null; cmd_pushSetConfig is cared: false
D/MSF.D.Proxy(29944): [W] send req to msfService:ToServiceMsg msName:getAlterTickets ssoSeq:-1 appId:537042986 appSeq:1 sName:com.tencent.mobileqq.msf.service.MsfService uin:1397608307 sCmd: t:30000 needResp:true
D/AuthorizeConfig(29944): [W]AuthorizeConfig init
D/MSF.S.ReqHandler(28582): [W]recv com.tencent.mobileqq:web req:ToServiceMsg msName:getAlterTickets ssoSeq:57716 appId:537042986 appSeq:1 sName:com.tencent.mobileqq.msf.service.MsfService uin:1397608307 sCmd: t:30000 needResp:true
D/dalvikvm(28625): GC_FOR_ALLOC freed 9K, 26% free 11272K/15116K, paused 53ms, total 53ms
I/dalvikvm-heap(28625): Grow heap (frag case) to 12.891MB for 993184-byte allocation
D/MSF.D.Proxy(28625): [W] onRecvPushResp FromServiceMsg msName:pushSetConfig ssoSeq:-1 failCode:1000 errorMsg: uin:0 serviceCmd:cmd_pushSetConfig appId:537042986 appSeq:-1
D/MSF.D.QLogImpl(28625): [E]set UIN_REPORTLOG_LEVEL 4
D/MSF.D.Proxy(28625): [W] onRecvPushResp FromServiceMsg msName:pushSetConfig ssoSeq:-1 failCode:1000 errorMsg: uin:0 serviceCmd:cmd_pushSetConfig appId:537042986 appSeq:-1
D/MSF.D.QLogImpl(28625): [E]set UIN_REPORTLOG_LEVEL 4
D/dalvikvm(28582): GC_CONCURRENT freed 498K, 70% free 3442K/11200K, paused 2ms+1ms, total 18ms
D/dalvikvm(28582): WAIT_FOR_CONCURRENT_GC blocked 12ms
D/qqBaseActivity(28625): [W][1099083624]NearbyGuideActivity onStart 2
D/MSF.S.AppProcessManager(28582): [W]send resp com.tencent.mobileqq:web to:ToServiceMsg msName:getAlterTickets ssoSeq:57716 appId:537042986 appSeq:1 sName:com.tencent.mobileqq.msf.service.MsfService uin:1397608307 sCmd: t:30000 needResp:true from:FromServiceMsg msName:getAlterTickets ssoSeq:57716 failCode:1000 errorMsg: uin:1397608307 serviceCmd: appId:537042986 appSeq:1
D/MSF.D.Proxy(29944): [W] onResponse 57716 FromServiceMsg msName:getAlterTickets ssoSeq:57716 failCode:1000 errorMsg: uin:1397608307 serviceCmd: appId:537042986 appSeq:1
D/Q.gesturelock.util(28625): [W]getAppForground.uin=,isAppFroground=true
D/qqBaseActivity(28625): [W][1099083624]NearbyGuideActivity onResume.mAppForground = true,mCanLock=true
D/Q.gesturelock.util(28625): [W]getJumpLock.uin=1397608307,isjumplock=false
D/GuardManager(28625): [W]FG_MAIN onEvent RESUME, null, 0, 0
D/MSF.D.Proxy(29944): [W]add queue req:ToServiceMsg msName:getAlterTickets ssoSeq:57716 appId:537042986 appSeq:1 sName:com.tencent.mobileqq.msf.service.MsfService uin:1397608307 sCmd: t:30000 needResp:true from:FromServiceMsg msName:getAlterTickets ssoSeq:57716 failCode:1000 errorMsg: uin:1397608307 serviceCmd: appId:537042986 appSeq:1
I/AutoMonitor(28625): [D]FileLooper, cost=1, android.os.Handler|null|4
I/AutoMonitor(28625): [D]globalBgTask, cost=9, com.tencent.mobileqq.nearby.guide.NearbyGuideActivity$2|pool-2|t-id=10359|priority=5|wait=5
D/VerifyDevLockManagerImpl(29944): [W]checkVerifyDevLockSmsResp ssoSeq:57716 msfCmd:getAlterTickets ret:1001 busCode:1000
D/MSF.D.RespHandleUtil(29944): [W]handle fmsg:FromServiceMsg msName:getAlterTickets ssoSeq:57716 failCode:1000 errorMsg: uin:1397608307 serviceCmd: appId:537042986 appSeq:1
D/mqq     (29944): [W][MSF Receive] appSeq:1,cost=1430ms.
D/SplashActivity(28625): [W]doOnWindowFocusChanged
D/dalvikvm(28582): GC_CONCURRENT freed 534K, 70% free 3419K/11200K, paused 2ms+1ms, total 25ms
W/AlarmManager(  968):  result = 2
W/AlarmManager(  968):  Checking for alarms... rtc=1444613823347, elapsed=487802866  result = 2
W/AlarmManager(  968):  - AlarmHandler triggerAlarmsLocked 
V/AlarmManager(  968): Checking active alarm when=1444613823347 Alarm{41b9a518 type 1 com.tmall.wireless}
V/AlarmManager(  968): Alarm triggering: Alarm{41b9a518 type 1 com.tmall.wireless}
V/AlarmManager(  968): Checking active alarm when=1444613825000 Alarm{4c75a8a0 type 1 myworkspace.mobile.clients.android}
V/AlarmManager(  968): Adding alarm Alarm{41b9a518 type 1 com.tmall.wireless} at 2
V/AlarmManager(  968):  setLocked  mDescriptor : 88    alarm.type : 1
W/AlarmManager(  968):  AlarmThread sending alarm Alarm{41b9a518 type 1 com.tmall.wireless}
I/PowerManager(  968):  acquire wake lock at time 2015-10-12 09:37:03 wakeLock  :flags = 1 tag= AlarmManager count = 1 refcounted= true mHeld= true
D/agoo.fsq( 3898): [b] onHandlerHeart-->[currentTime1444613823358][mLastSendDataTime:-1][checkHeartInterval:210000]
D/agoo.fsq( 3898): [b] onHandlerHeart-->[check heart]
I/PowerManager(  968):  release wake lock at time 2015-10-12 09:37:03 wakeLock  :flags = 1 tag= AlarmManager count = 0 refcounted= true mHeld= false
D/MSF.C.NetConnTag(28582): [D]delayWaitSendList size is 2, 2 sso package should be merged.
D/MSF.C.NetworkTraffic(28582): [W]write|34|2|RedTouchSvc.ClientReport
D/MSF.C.NetworkTraffic(28582): [W]write|34|2|RedTouchSvc.ClientReport
D/MSF.C.NetConnTag(28582): [D]Delay ToServiceMsg ssoseq: 57717 delayWaitSendList buffer size is 136, zip size is 91
D/MSF.C.NetConnTag(28582): [E]pa ok: 57717
D/MSF.C.NetConnTag(28582): [D]add ToServiceMsg msName:unknown ssoSeq:57717 appId:537042986 appSeq:-1 sName:MSF SSOPackageMerge uin:1397608307 sCmd:SSO.LoginMerge t:30000 needResp:false to sendQueue
D/MSF.D.MonitorSocket(28582): [W]|:0_1105503480 |write|164|2|MSF Signal|1
D/MSF.C.NetConnTag(28582): [E]netSend appid:537042986 appSeq:-1 ssoSeq:57717 uin:*8307 cmd:SSO.LoginMerge len:164
D/dalvikvm(29988): DexOpt: --- BEGIN 'qzone_plugin.apk' (bootstrap=0) ---
W/WindowManager(  968): -- getSystemDecorRectLw --
V/PhoneStatusBar(22419): setLightsOn(true)
D/MobileQQService(28625): [W]req cmd: CMD_STOP_NOTIFIYCATION
D/SUB_ACCOUNT(28625): [W]clearAllUnNotifySenderNum()
I/AutoMonitor(28625): [D]globalBgTask, cost=1, com.tencent.mobileqq.service.MobileQQService$2|pool-1|t-id=10305|priority=10|wait=0
D/MSF.D.MonitorSocket(28582): [W]|:0_1105503480 |read|136|2|MSF Signal|1
D/MSF.C.NetConnTag(28582): [E]netRecv Delay FromServiceMsg ssoSeq:-1691855695 scmd: SSO.LoginMerge len: 56 uncompressed len: 80
D/MSF.C.NetworkTraffic(28582): [W]read|6|2|RedTouchSvc.ClientReport
D/MSF.C.NetConnTag(28582): [E]netRecv ssoSeq:57712 uin:*8307 cmd:RedTouchSvc.ClientReport len:6 costTime:0
D/MSF.S.RespHandler(28582): [W]com.tencent.mobileqq add resp to queue:57712 from:FromServiceMsg msName:unknown ssoSeq:57712 failCode:1000 errorMsg: uin:1397608307 serviceCmd:RedTouchSvc.ClientReport appId:537042986 appSeq:19
D/MSF.C.NetworkTraffic(28582): [W]read|6|2|RedTouchSvc.ClientReport
D/MSF.S.AppProcessManager(28582): [W]send resp com.tencent.mobileqq to:ToServiceMsg msName:unknown ssoSeq:57712 appId:537042986 appSeq:19 sName:com.tencent.mobileqq.msf.service.MsfService uin:1397608307 sCmd:RedTouchSvc.ClientReport t:30000 needResp:true from:FromServiceMsg msName:unknown ssoSeq:57712 failCode:1000 errorMsg: uin:1397608307 serviceCmd:RedTouchSvc.ClientReport appId:537042986 appSeq:19
D/MSF.C.NetConnTag(28582): [E]netRecv ssoSeq:57711 uin:*8307 cmd:RedTouchSvc.ClientReport len:6 costTime:0
D/MSF.S.RespHandler(28582): [W]com.tencent.mobileqq add resp to queue:57711 from:FromServiceMsg msName:unknown ssoSeq:57711 failCode:1000 errorMsg: uin:1397608307 serviceCmd:RedTouchSvc.ClientReport appId:537042986 appSeq:18
D/MSF.D.Proxy(28625): [W] onResponse 57712 FromServiceMsg msName:unknown ssoSeq:57712 failCode:1000 errorMsg: uin:1397608307 serviceCmd:RedTouchSvc.ClientReport appId:537042986 appSeq:19
D/MSF.D.Proxy(28625): [W]add queue req:ToServiceMsg msName:unknown ssoSeq:57712 appId:537042986 appSeq:19 sName:com.tencent.mobileqq.msf.service.MsfService uin:1397608307 sCmd:RedTouchSvc.ClientReport t:30000 needResp:true from:FromServiceMsg msName:unknown ssoSeq:57712 failCode:1000 errorMsg: uin:1397608307 serviceCmd:RedTouchSvc.ClientReport appId:537042986 appSeq:19
D/MSF.S.AppProcessManager(28582): [W]send resp com.tencent.mobileqq to:ToServiceMsg msName:unknown ssoSeq:57711 appId:537042986 appSeq:18 sName:com.tencent.mobileqq.msf.service.MsfService uin:1397608307 sCmd:RedTouchSvc.ClientReport t:30000 needResp:true from:FromServiceMsg msName:unknown ssoSeq:57711 failCode:1000 errorMsg: uin:1397608307 serviceCmd:RedTouchSvc.ClientReport appId:537042986 appSeq:18
D/MSF.D.Proxy(28625): [W] onResponse 57711 FromServiceMsg msName:unknown ssoSeq:57711 failCode:1000 errorMsg: uin:1397608307 serviceCmd:RedTouchSvc.ClientReport appId:537042986 appSeq:18
D/MSF.D.Proxy(28625): [W]add queue req:ToServiceMsg msName:unknown ssoSeq:57711 appId:537042986 appSeq:18 sName:com.tencent.mobileqq.msf.service.MsfService uin:1397608307 sCmd:RedTouchSvc.ClientReport t:30000 needResp:true from:FromServiceMsg msName:unknown ssoSeq:57711 failCode:1000 errorMsg: uin:1397608307 serviceCmd:RedTouchSvc.ClientReport appId:537042986 appSeq:18
D/TicketManager(29944): [E]set alter tickets for *8307
D/mqq     (29944): [W][MSF End][notifyMSFServlet],ssoseq=57716,cost=399ms.
D/dalvikvm(28625): GC_FOR_ALLOC freed 1974K, 34% free 10766K/16088K, paused 27ms, total 27ms
D/Q.qqhead.dih(28625): [W]refreshDisIcon: 29717445
W/WindowManager(  968): -- getSystemDecorRectLw --
D/EntityManager(28625): [W] TABLECACHE tabbleIsExist : tableName:DiscussionMemberInfo isExist:true
D/UnifiedMonitor(28625): [E]addEvent, num=1695, extra=[revision=0, build_type=dbg, not_reported=-1, event=QQServiceDiscussSvc.ReqGetDiscussInfo, family=7]
D/StatisticCollector(28625): [W]event report: unifiedMonitor true time:1695 size:0
I/ActivityManager(  968): Displayed com.tencent.mobileqq/.nearby.guide.NearbyGuideActivity: +704ms
D/mqq     (28625): [W][MSF End][notifyMSFServlet]QQServiceDiscussSvc.ReqGetDiscussInfo,ssoseq=57695,cost=1695ms.
D/VerifyDevLockManagerImpl(28625): [W]checkVerifyDevLockSmsResp ssoSeq:57705 msfCmd:proxyRegisterPush ret:1001 busCode:1000
W/WindowManager(  968): -- getSystemDecorRectLw --
D/MSF.D.RespHandleUtil(28625): [W]handle fmsg:FromServiceMsg msName:proxyRegisterPush ssoSeq:57705 failCode:1000 errorMsg: uin:1397608307 serviceCmd:push.proxyRegister appId:537042986 appSeq:14
D/mqq     (28625): [W][MSF Receive]push.proxyRegister appSeq:14,cost=1703ms.
D/mqq     (28625): [W][MSF End][notifyMSFServlet]push.proxyRegister,ssoseq=57705,cost=0ms.
D/VerifyDevLockManagerImpl(28625): [W]checkVerifyDevLockSmsResp ssoSeq:57707 msfCmd:registerCmdCallback ret:1001 busCode:1000
D/MSF.D.RespHandleUtil(28625): [W]handle fmsg:FromServiceMsg msName:registerCmdCallback ssoSeq:57707 failCode:1000 errorMsg: uin:1397608307 serviceCmd:push.cmdRegister appId:537042986 appSeq:16
D/mqq     (28625): [W][MSF Receive]push.cmdRegister appSeq:16,cost=1684ms.
D/MSF.D.Proxy(28625): [W] send req to msfService:ToServiceMsg msName:reportRdm ssoSeq:-1 appId:537042986 appSeq:67095 sName:com.tencent.mobileqq.msf.service.MsfService uin:0 sCmd:App_reportRDM t:30000 needResp:false
D/mqq     (28625): [W][MSF End][notifyMSFServlet]push.cmdRegister,ssoseq=57707,cost=0ms.
D/VerifyDevLockManagerImpl(28625): [W]checkVerifyDevLockSmsResp ssoSeq:57709 msfCmd:registerPush ret:1001 busCode:1000
D/MSF.D.RespHandleUtil(28625): [W]handle fmsg:FromServiceMsg msName:registerPush ssoSeq:57709 failCode:1000 errorMsg: uin:1397608307 serviceCmd:push.register appId:537042986 appSeq:17
D/mqq     (28625): [W][MSF Receive]push.register appSeq:17,cost=1444613823748ms.
D/MSF.S.ReqHandler(28582): [W]recv com.tencent.mobileqq req:ToServiceMsg msName:reportRdm ssoSeq:57718 appId:537042986 appSeq:67095 sName:com.tencent.mobileqq.msf.service.MsfService uin:0 sCmd:App_reportRDM t:30000 needResp:false
I/mqq     (28625): [E]1397608307, online, 190, false, false
I/HotChatManager(28625): [W]buildClassifyInfos, key = 1,value=
D/mqq     (28625): [W][MSF End][notifyMSFServlet]push.register,ssoseq=57709,cost=6ms.
D/Q.qqhead.dih(28625): [W]discussionUin=29717445 memberUinList is:1009;2721;2278;
I/HotChatManager(28625): [W]buildClassifyInfos, key = 2,value=K
D/Q.contacttab.dscs(28625): [W]findDiscussionInfoByID 29717445
D/Q.qqhead.dih(28625): [W]getDiscussionIconInfo. disUin=29717445, isChanged=true, name=ju., faceUinSet=null, newFaceUinSet=272166398;1009457262;2278924068;
D/Q.qqhead.dih(28625): [W]refreshDisIcon: 29717445, isChanged=true, isCreated=false
I/AutoMonitor(28625): [D]FileLooper, cost=25, mqq.os.MqqHandler$NativeHandler|com.tencent.mobileqq.app.DiscussionIconHelper$GenerateIconRunner|0
D/VerifyDevLockManagerImpl(28625): [W]checkVerifyDevLockSmsResp ssoSeq:57706 msfCmd:unknown ret:1001 busCode:1000
D/MSF.D.RespHandleUtil(28625): [W]handle fmsg:FromServiceMsg msName:unknown ssoSeq:57706 failCode:1000 errorMsg: uin:1397608307 serviceCmd:OidbSvc.0x7a2_0 appId:537042986 appSeq:15
D/mqq     (28625): [W][MSF Receive]OidbSvc.0x7a2_0 appSeq:15,cost=1724ms.
D/MobileQQService(28625): [W][RES]cmd=OidbSvc.0x7a2_0 app seq:15 during 1.71sec.
D/Troop   (28625): [D]bPbResp:true
D/MobileQQService(28625): [W]PB cmd: recv cmd: OidbSvc.0x7a2_0
D/LoadingStateManager(28625): [W]notifyIsNotIllegalNetWork mShowIllegalNetworkBar=false
D/LoadingStateManager(28625): [W]changeConversationLoadingState mShowErrorNetworkBar=false
D/SUB_ACCOUNT(28625): [W]handlerGetBindSubAccount:
D/StatisticCollector(28625): [W]event report: actSBGetbindProtol true time:0 size:0
I/HotChatManager(28625): [W]buildClassifyInfos, key = 3,value=
W/WindowManager(  968): -- getSystemDecorRectLw --
I/HotChatManager(28625): [W]buildClassifyInfos, key = 4,value=
D/MSF.D.Proxy(28625): [W] send req to msfService:ToServiceMsg msName:reportRdm ssoSeq:-1 appId:537042986 appSeq:67096 sName:com.tencent.mobileqq.msf.service.MsfService uin:0 sCmd:App_reportRDM t:30000 needResp:false
D/Q.contacttab.friend(28625): [W]onlineStatusChanged isSuccess=true,curStatus=online,isFriendListChang=false,timeStamp=190,isGatherListChange=true
I/HotChatManager(28625): [W]buildClassifyInfos, key = 5,value=
I/HotChatManager(28625): [W]buildClassifyInfos, key = 6,value=
I/HotChatManager(28625): [W]buildClassifyInfos, key = 7,value=
I/HotChatManager(28625): [W]buildClassifyInfos, key = 8,value=
D/MSF.S.ReqHandler(28582): [W]recv com.tencent.mobileqq req:ToServiceMsg msName:reportRdm ssoSeq:57719 appId:537042986 appSeq:67096 sName:com.tencent.mobileqq.msf.service.MsfService uin:0 sCmd:App_reportRDM t:30000 needResp:false
I/Q.msg.BaseMsgProxyContainer(28625): [W]init
D/Q.msg.BaseMsgProxyContainer(28625): [W]init listRecent=3
D/QQInitHandler(28625): [W]refreshAllList isListChanged=false,timeStamp=190,accInfoPref!=null true
D/Q.msg.MsgProxy(28625): [W]getMsgListFromQueue uin=9975, type=7210, size=0
D/QQInitHandler(28625): [W]start {8}
D/QQInitHandler(28625): [W]addWaitingMode_Locked {8} true
D/SUB_ACCOUNT(28625): [W]getAllSubUin() return:[]
E/SQLiteLog(28625): (1) no such table: mr_friend_0197FCD95060131D9BC5E564F842ED53_New
D/SUB_ACCOUNT(28625): [W]SubAccountBackProtocData.parseUins() figure new subUins. localSubUins is null. new SubUins=[2784277128] overdue SubUins=[]
D/SUB_ACCOUNT(28625): [W]addAllSubAccountInfo() data.mMainAccount=1397608307 data.mSubUin=2784277128
I/PowerManager(  968):  release wake lock at time 2015-10-12 09:37:03 wakeLock  :flags = 1 tag= ActivityManager-Launch count = 0 refcounted= false mHeld= false
D/SUB_ACCOUNT(28625): [W]addAllSubAccountInfo() allSubUin:[2784277128]
E/SQLiteDatabase(28625): [W]no such table: mr_friend_0197FCD95060131D9BC5E564F842ED53_New (code 1): , while compiling: select * from mr_friend_0197FCD95060131D9BC5E564F842ED53_New order by _id desc limit 40
D/Q.msg.MsgProxy(28625): [W]init from db, uin=9975, isSaveToDatabase=false, cost=7 sqlStr = select * from mr_friend_0197FCD95060131D9BC5E564F842ED53_New order by _id desc limit 40 size =0
D/SUB_ACCOUNT(28625): [W]removeOverdueSubAccountInfo() overdueUin:[]
D/SUB_ACCOUNT(28625): [W]addSubAccountInfo() change subUin=2784277128 hintIsNew=true lasttime=1444613823
D/Q.msg.MsgProxy(28625): [W]getMsgListFromQueue uin=9994, type=5000, size=0
E/SQLiteLog(28625): (1) no such table: mr_friend_966BC24F56AB8397AB2303E8E4CDB4C7_New
E/SQLiteDatabase(28625): [W]no such table: mr_friend_966BC24F56AB8397AB2303E8E4CDB4C7_New (code 1): , while compiling: select * from mr_friend_966BC24F56AB8397AB2303E8E4CDB4C7_New order by _id desc limit 40
D/Q.msg.MsgProxy(28625): [W]init from db, uin=9994, isSaveToDatabase=false, cost=7 sqlStr = select * from mr_friend_966BC24F56AB8397AB2303E8E4CDB4C7_New order by _id desc limit 40 size =0
D/Q.msg