open /proc/kmsg failed: Permission denied
--------- beginning of /dev/log/system
I/AlarmManager(  968): [timer]   --trigger time = 2015-10-12 09:36:07
I/AlarmManager(  968): [timer]   --trigger after 999ms from now.
I/AlarmManager(  968): [timer]   --interval = 240000
I/AlarmManager(  968): [timer]   --operation = PendingIntent{41872fa8: PendingIntentRecord{41a18180 com.tencent.news broadcastIntent}}
I/AlarmManager(  968): [timer]   --target package = com.tencent.news
W/AlarmManager(  968): set: Alarm{4c615598 type 0 com.tencent.news}
V/AlarmManager(  968): Adding alarm Alarm{4c615598 type 0 com.tencent.news} at 0
V/AlarmManager(  968):  setLocked  mDescriptor : 88    alarm.type : 0
W/ActivityThread(11991): Content provider com.tencent.server.fore.ForePiContentProvider already published as com.tencent.server.fore.ForePluginContentProvider
W/ActivityThread(11991): Content provider com.tencent.server.fore.ForePiContentProvider already published as com.tencent.server.fore.ForePluginContentProvider
W/ActivityThread(11991): Content provider com.tencent.server.fore.ForePiContentProvider already published as com.tencent.server.fore.ForePluginContentProvider
I/PowerManager(27750):  acquire wake lock at time 2015-10-12 09:36:07 wakeLock  :flags = 1 tag= PushService count = 0 refcounted= false mHeld= true
W/ActivityThread(11991): Content provider com.tencent.server.fore.ForePiContentProvider already published as com.tencent.server.fore.ForePluginContentProvider
W/ActivityThread(11991): Content provider com.tencent.server.fore.ForePiContentProvider already published as com.tencent.server.fore.ForePluginContentProvider
W/ActivityThread(11991): Content provider com.tencent.server.fore.ForePiContentProvider already published as com.tencent.server.fore.ForePluginContentProvider
W/ActivityThread(11991): Content provider com.tencent.server.fore.ForePiContentProvider already published as com.tencent.server.fore.ForePluginContentProvider
W/ActivityThread(11991): Content provider com.tencent.server.fore.ForePiContentProvider already published as com.tencent.server.fore.ForePluginContentProvider
I/PowerManager(20940):  acquire wake lock at time 2015-10-12 09:36:07 wakeLock  :flags = 1 tag= h count = 0 refcounted= false mHeld= true
I/PowerManager(27750):  release wake lock at time 2015-10-12 09:36:07 wakeLock  :flags = 1 tag= PushService count = 0 refcounted= false mHeld= false
W/ActivityThread(11991): Content provider com.tencent.server.fore.ForePiContentProvider already published as com.tencent.server.fore.ForePluginContentProvider
W/ActivityThread(11991): Content provider com.tencent.server.fore.ForePiContentProvider already published as com.tencent.server.fore.ForePluginContentProvider
W/ActivityThread(11991): Content provider com.tencent.server.fore.ForePiContentProvider already published as com.tencent.server.fore.ForePluginContentProvider
W/ActivityThread(11991): Content provider com.tencent.server.fore.ForePiContentProvider already published as com.tencent.server.fore.ForePluginContentProvider
W/ActivityThread(11991): Content provider com.tencent.server.fore.ForePiContentProvider already published as com.tencent.server.fore.ForePluginContentProvider
W/ActivityThread(11991): Content provider com.tencent.server.fore.ForePiContentProvider already published as com.tencent.server.fore.ForePluginContentProvider
W/ActivityThread(11991): Content provider com.tencent.server.fore.ForePiContentProvider already published as com.tencent.server.fore.ForePluginContentProvider
W/ActivityThread(11991): Content provider com.tencent.server.fore.ForePiContentProvider already published as com.tencent.server.fore.ForePluginContentProvider
W/ActivityThread(11991): Content provider com.tencent.server.fore.ForePiContentProvider already published as com.tencent.server.fore.ForePluginContentProvider
W/ActivityThread(11991): Content provider com.tencent.server.fore.ForePiContentProvider already published as com.tencent.server.fore.ForePluginContentProvider
W/ActivityThread(11991): Content provider com.tencent.server.fore.ForePiContentProvider already published as com.tencent.server.fore.ForePluginContentProvider
I/AlarmManager(  968): [timer]  remove: 
I/AlarmManager(  968): [timer]   --operation = PendingIntent{41cc5de0: PendingIntentRecord{4c80a740 com.tencent.qqpimsecure broadcastIntent}}
I/AlarmManager(  968): [timer]   --target package = com.tencent.qqpimsecure
I/AlarmManager(  968): [timer]  setRepeating: 
I/AlarmManager(  968): [timer]   !!!take care!!!, it is a wakeup timer(type=0/2).
I/AlarmManager(  968): [timer]   --type = 0
I/AlarmManager(  968): [timer]   --current time = 2015-10-12 09:36:07
I/AlarmManager(  968): [timer]   --trigger time = 2015-10-12 09:40:37
I/AlarmManager(  968): [timer]   --trigger after 269999ms from now.
I/AlarmManager(  968): [timer]   --interval = 0
I/AlarmManager(  968): [timer]   --operation = PendingIntent{41cc6608: PendingIntentRecord{4c80a740 com.tencent.qqpimsecure broadcastIntent}}
I/AlarmManager(  968): [timer]   --target package = com.tencent.qqpimsecure
W/AlarmManager(  968): set: Alarm{41b53ef8 type 0 com.tencent.qqpimsecure}
V/AlarmManager(  968): Adding alarm Alarm{41b53ef8 type 0 com.tencent.qqpimsecure} at 10
I/AlarmManager(  968): [timer]  remove: 
I/AlarmManager(  968): [timer]   --operation = PendingIntent{41cceb60: PendingIntentRecord{4190a908 com.tencent.qqpimsecure broadcastIntent}}
I/AlarmManager(  968): [timer]   --target package = com.tencent.qqpimsecure
I/AlarmManager(  968): [timer]  setRepeating: 
I/AlarmManager(  968): [timer]   !!!take care!!!, it is a wakeup timer(type=0/2).
I/AlarmManager(  968): [timer]   --type = 0
I/AlarmManager(  968): [timer]   --current time = 2015-10-12 09:36:07
I/AlarmManager(  968): [timer]   --trigger time = 2015-10-12 09:41:07
I/AlarmManager(  968): [timer]   --trigger after 299999ms from now.
I/AlarmManager(  968): [timer]   --interval = 0
I/AlarmManager(  968): [timer]   --operation = PendingIntent{41894d58: PendingIntentRecord{430c8b70 com.tencent.qqpimsecure broadcastIntent}}
I/AlarmManager(  968): [timer]   --target package = com.tencent.qqpimsecure
W/AlarmManager(  968): set: Alarm{4adbbe08 type 0 com.tencent.qqpimsecure}
V/AlarmManager(  968): Adding alarm Alarm{4adbbe08 type 0 com.tencent.qqpimsecure} at 12
W/ActivityThread(11991): Content provider com.tencent.server.fore.ForePiContentProvider already published as com.tencent.server.fore.ForePluginContentProvider
I/PowerManager(20940):  acquire wake lock at time 2015-10-12 09:36:07 wakeLock  :flags = 1 tag= h count = 0 refcounted= false mHeld= true
I/PowerManager(20940):  acquire wake lock at time 2015-10-12 09:36:07 wakeLock  :flags = 1 tag= h count = 0 refcounted= false mHeld= true
I/ActivityManager(  968): Start proc com.tencent.mobileqq:web for broadcast com.tencent.mobileqq/com.tencent.open.business.base.appreport.AppReportReceiver: pid=28408 uid=10071 gids={50071, 3003, 3002, 3001, 1015, 1028}
W/ActivityThread(11991): Content provider com.tencent.server.fore.ForePiContentProvider already published as com.tencent.server.fore.ForePluginContentProvider
W/ActivityThread(11991): Content provider com.tencent.server.fore.ForePiContentProvider already published as com.tencent.server.fore.ForePluginContentProvider
I/PowerManager(20940):  release wake lock at time 2015-10-12 09:36:07 wakeLock  :flags = 1 tag= h count = 0 refcounted= false mHeld= false
W/ActivityThread(11991): Content provider com.tencent.server.fore.ForePiContentProvider already published as com.tencent.server.fore.ForePluginContentProvider
W/ActivityThread(11991): Content provider com.tencent.server.fore.ForePiContentProvider already published as com.tencent.server.fore.ForePluginContentProvider
W/ActivityThread(11991): Content provider com.tencent.server.fore.ForePiContentProvider already published as com.tencent.server.fore.ForePluginContentProvider
W/ActivityThread(11991): Content provider com.tencent.server.fore.ForePiContentProvider already published as com.tencent.server.fore.ForePluginContentProvider
I/PowerManager(20940):  release wake lock at time 2015-10-12 09:36:07 wakeLock  :flags = 1 tag= h count = 0 refcounted= false mHeld= false
W/ActivityThread(11991): Content provider com.tencent.server.fore.ForePiContentProvider already published as com.tencent.server.fore.ForePluginContentProvider
W/AlarmManager(  968):  result = 1
W/AlarmManager(  968):  Checking for alarms... rtc=1444613767919, elapsed=487747438  result = 1
W/AlarmManager(  968):  - AlarmHandler triggerAlarmsLocked 
V/AlarmManager(  968): Checking active alarm when=1444613767919 Alarm{4c615598 type 0 com.tencent.news}
V/AlarmManager(  968): Alarm triggering: Alarm{4c615598 type 0 com.tencent.news}
V/AlarmManager(  968): Checking active alarm when=1444613852584 Alarm{43418f70 type 0 com.tencent.qqlive}
V/AlarmManager(  968): Adding alarm Alarm{4c615598 type 0 com.tencent.news} at 9
V/AlarmManager(  968):  setLocked  mDescriptor : 88    alarm.type : 0
W/AlarmManager(  968):  AlarmThread sending alarm Alarm{4c615598 type 0 com.tencent.news}
I/PowerManager(  968):  acquire wake lock at time 2015-10-12 09:36:07 wakeLock  :flags = 1 tag= AlarmManager count = 1 refcounted= true mHeld= true
I/ActivityManager(  968): Start proc com.jingdong.app.mall:jdpush_cloud for service com.jingdong.app.mall/com.jingdong.cloud.jdpush.JDPushConnectService_Cloud: pid=28442 uid=10078 gids={50078, 3003, 1015, 3002, 3001, 1028}
I/PowerManager(20940):  release wake lock at time 2015-10-12 09:36:09 wakeLock  :flags = 1 tag= h count = 0 refcounted= false mHeld= false
W/AlarmManager(  968):  result = 2
W/AlarmManager(  968):  Checking for alarms... rtc=1444613770000, elapsed=487749519  result = 2
W/AlarmManager(  968):  - AlarmHandler triggerAlarmsLocked 
V/AlarmManager(  968): Checking active alarm when=1444613770000 Alarm{4c75a8a0 type 1 myworkspace.mobile.clients.android}
V/AlarmManager(  968): Alarm triggering: Alarm{4c75a8a0 type 1 myworkspace.mobile.clients.android}
V/AlarmManager(  968): Checking active alarm when=1444613823347 Alarm{41b9a518 type 1 com.tmall.wireless}
V/AlarmManager(  968): Adding alarm Alarm{4c75a8a0 type 1 myworkspace.mobile.clients.android} at 0
V/AlarmManager(  968):  setLocked  mDescriptor : 88    alarm.type : 1
W/AlarmManager(  968):  AlarmThread sending alarm Alarm{4c75a8a0 type 1 myworkspace.mobile.clients.android}
I/PowerManager(20940):  acquire wake lock at time 2015-10-12 09:36:11 wakeLock  :flags = 1 tag= h count = 0 refcounted= false mHeld= true
I/PowerManager(20940):  release wake lock at time 2015-10-12 09:36:11 wakeLock  :flags = 1 tag= h count = 0 refcounted= false mHeld= false
I/PowerManager(20940):  acquire wake lock at time 2015-10-12 09:36:11 wakeLock  :flags = 1 tag= h count = 0 refcounted= false mHeld= true
I/PowerManager(20940):  release wake lock at time 2015-10-12 09:36:11 wakeLock  :flags = 1 tag= h count = 0 refcounted= false mHeld= false
I/PowerManager(30333):  release wake lock at time 2015-10-12 09:36:11 wakeLock  :flags = 1 tag= QQMail.WakerLock count = 0 refcounted= false mHeld= false
W/AlarmManager(  968):  result = 4
W/AlarmManager(  968):  Checking for alarms... rtc=1444613772080, elapsed=487751600  result = 4
W/AlarmManager(  968):  - AlarmHandler triggerAlarmsLocked 
V/AlarmManager(  968): Checking active alarm when=487751600 Alarm{4c7bc050 type 2 com.tencent.android.qqdownloader}
V/AlarmManager(  968): Alarm triggering: Alarm{4c7bc050 type 2 com.tencent.android.qqdownloader}
V/AlarmManager(  968): Checking active alarm when=487771535 Alarm{4cb95200 type 2 com.tencent.android.qqdownloader}
V/AlarmManager(  968):  setLocked  mDescriptor : 88    alarm.type : 2
W/AlarmManager(  968):  AlarmThread sending alarm Alarm{4c7bc050 type 2 com.tencent.android.qqdownloader}
I/PowerManagerService(  968): Waking up from sleep...
D/qtang   (  968): enableSingleUI
I/WindowManager(  968): No lock screen!
E/WindowManager(  968): Anti-misoperation finishScreenTurningOn
W/ContextImpl(  968): Calling a method in the system process without a qualified user: android.app.ContextImpl.sendBroadcast:1051 com.android.server.am.ActivityStack.resumeTopActivityLocked:1776 com.android.server.am.ActivityStack.resumeTopActivityLocked:1447 com.android.server.am.ActivityManagerService.comeOutOfSleepIfNeededLocked:7209 com.android.server.am.ActivityManagerService.wakingUp:7224 
W/ActivityThread(11991): Content provider com.tencent.server.fore.ForePiContentProvider already published as com.tencent.server.fore.ForePluginContentProvider
W/ActivityThread(11991): Content provider com.tencent.server.fore.ForePiContentProvider already published as com.tencent.server.fore.ForePluginContentProvider
I/AlarmManager(  968): [timer]  remove: 
I/AlarmManager(  968): [timer]   --operation = PendingIntent{419ee418: PendingIntentRecord{41a44dc8 com.tencent.androidqqmail broadcastIntent}}
I/AlarmManager(  968): [timer]   --target package = com.tencent.androidqqmail
I/AlarmManager(  968): [timer]  setRepeating: 
I/AlarmManager(  968): [timer]   !!!take care!!!, it is a wakeup timer(type=0/2).
I/AlarmManager(  968): [timer]   --type = 2
I/AlarmManager(  968): [timer]   --current time = 2015-10-12 09:36:12
I/AlarmManager(  968): [timer]   --trigger time = 2015-10-12 09:46:12
I/AlarmManager(  968): [timer]   --trigger after 600000ms from now.
I/AlarmManager(  968): [timer]   --interval = 600000
I/AlarmManager(  968): [timer]   --operation = PendingIntent{4181ac78: PendingIntentRecord{41a44dc8 com.tencent.androidqqmail broadcastIntent}}
I/AlarmManager(  968): [timer]   --target package = com.tencent.androidqqmail
W/AlarmManager(  968): set: Alarm{4c5ec858 type 2 com.tencent.androidqqmail}
V/AlarmManager(  968): Adding alarm Alarm{4c5ec858 type 2 com.tencent.androidqqmail} at 10
I/PowerManager(30333):  acquire wake lock at time 2015-10-12 09:36:12 wakeLock  :flags = 1 tag= QQMail.WakerLock count = 0 refcounted= false mHeld= true
I/PowerManager(13110):  acquire wake lock at time 2015-10-12 09:36:12 wakeLock  :flags = 1 tag= RILJ count = 0 refcounted= false mHeld= true
I/PowerManager(13110):  release wake lock at time 2015-10-12 09:36:12 wakeLock  :flags = 1 tag= RILJ count = 0 refcounted= false mHeld= false
I/AlarmManager(  968): [timer]  remove: 
I/AlarmManager(  968): [timer]   --operation = PendingIntent{41d75cf0: PendingIntentRecord{41d123c0 android broadcastIntent}}
I/AlarmManager(  968): [timer]   --target package = android
D/StatusBar.NetworkController(22419): refreshViews: Data not connected!! Set no data type icon / Roaming
D/StatusBar.NetworkController(22419): refreshViews connected={ wifi } level=4 combinedSignalIconId=0x7f020119/com.android.systemui:drawable/stat_sys_wifi_signal_4 combinedActivityIconId=0x7f020110 mobileLabel=CMCC wifiLabel="Tencent-StaffWiFi"xxxxXXXXxxxxXXXX emergencyOnly=false combinedLabel="Tencent-StaffWiFi"xxxxXXXXxxxxXXXX mAirplaneMode=false mDataActivity=0 mPhoneSignalIconId=0x7f020100 mQSPhoneSignalIconId=0x7f020058 mDataDirectionIconId=0x0 mDataSignalIconId=0x7f020100 mDataTypeIconId=0x0 mQSDataTypeIconId=0x0 mNoSimIconId=0x0 mWifiIconId=0x7f020119 mQSWifiIconId=0x7f020068 mBluetoothTetherIconId=0x1080667
D/StatusBar.NetworkController(22419): changing data overlay icon id to 2130837776
D/CarrierLabel(22419): mNetworkName CMCC
I/PowerManager(13110):  acquire wake lock at time 2015-10-12 09:36:12 wakeLock  :flags = 1 tag= RILJ count = 0 refcounted= false mHeld= true
I/PowerManager(13110):  acquire wake lock at time 2015-10-12 09:36:12 wakeLock  :flags = 1 tag= RILJ count = 0 refcounted= false mHeld= true
I/PowerManager(13110):  acquire wake lock at time 2015-10-12 09:36:12 wakeLock  :flags = 1 tag= RILJ count = 0 refcounted= false mHeld= true
I/PowerManager(13110):  acquire wake lock at time 2015-10-12 09:36:12 wakeLock  :flags = 1 tag= RILJ count = 0 refcounted= false mHeld= true
I/AlarmManager(  968): [timer]  remove: 
I/AlarmManager(  968): [timer]   --operation = PendingIntent{433fa8f0: PendingIntentRecord{4227fd30 com.tencent.android.qqdownloader broadcastIntent}}
I/AlarmManager(  968): [timer]   --target package = com.tencent.android.qqdownloader
I/PowerManager(13110):  acquire wake lock at time 2015-10-12 09:36:12 wakeLock  :flags = 1 tag= RILJ count = 0 refcounted= false mHeld= true
I/PowerManager(13110):  acquire wake lock at time 2015-10-12 09:36:12 wakeLock  :flags = 1 tag= RILJ count = 0 refcounted= false mHeld= true
I/PowerManager(13110):  acquire wake lock at time 2015-10-12 09:36:12 wakeLock  :flags = 1 tag= RILJ count = 0 refcounted= false mHeld= true
I/PowerManager(13110):  acquire wake lock at time 2015-10-12 09:36:12 wakeLock  :flags = 1 tag= RILJ count = 0 refcounted= false mHeld= true
I/PowerManager(13110):  release wake lock at time 2015-10-12 09:36:12 wakeLock  :flags = 1 tag= RILJ count = 0 refcounted= false mHeld= false
W/ActivityThread(11991): Content provider com.tencent.server.fore.ForePiContentProvider already published as com.tencent.server.fore.ForePluginContentProvider
W/ActivityThread(11991): Content provider com.tencent.server.fore.ForePiContentProvider already published as com.tencent.server.fore.ForePluginContentProvider
W/ActivityThread(11991): Content provider com.tencent.server.fore.ForePiContentProvider already published as com.tencent.server.fore.ForePluginContentProvider
D/StatusBar.NetworkController(22419): onSignalStrengthsChanged signalStrength=SignalStrength: 27 0 -120 -160 -120 -1 -1 99 2147483647 2147483647 2147483647 2147483647 2147483647 gsm|lte level=4
D/StatusBar.NetworkController(22419): refreshViews: Data not connected!! Set no data type icon / Roaming
D/StatusBar.NetworkController(22419): refreshViews connected={ wifi } level=4 combinedSignalIconId=0x7f020119/com.android.systemui:drawable/stat_sys_wifi_signal_4 combinedActivityIconId=0x7f020110 mobileLabel=CMCC wifiLabel="Tencent-StaffWiFi"xxxxXXXXxxxxXXXX emergencyOnly=false combinedLabel="Tencent-StaffWiFi"xxxxXXXXxxxxXXXX mAirplaneMode=false mDataActivity=0 mPhoneSignalIconId=0x7f020100 mQSPhoneSignalIconId=0x7f020058 mDataDirectionIconId=0x0 mDataSignalIconId=0x7f020100 mDataTypeIconId=0x0 mQSDataTypeIconId=0x0 mNoSimIconId=0x0 mWifiIconId=0x7f020119 mQSWifiIconId=0x7f020068 mBluetoothTetherIconId=0x1080667
D/CarrierLabel(22419): mNetworkName CMCC
W/ActivityThread(11991): Content provider com.tencent.server.fore.ForePiContentProvider already published as com.tencent.server.fore.ForePluginContentProvider
W/ActivityThread(11991): Content provider com.tencent.server.fore.ForePiContentProvider already published as com.tencent.server.fore.ForePluginContentProvider
W/ActivityThread(11991): Content provider com.tencent.server.fore.ForePiContentProvider already published as com.tencent.server.fore.ForePluginContentProvider
D/DisplayPowerController(  968): [LIGHT]: [GetAutoBrightnessValue] lcd_auto_brightness_level = -1
W/ActivityThread(11991): Content provider com.tencent.server.fore.ForePiContentProvider already published as com.tencent.server.fore.ForePluginContentProvider
W/ActivityThread(11991): Content provider com.tencent.server.fore.ForePiContentProvider already published as com.tencent.server.fore.ForePluginContentProvider
W/ActivityThread(11991): Content provider com.tencent.server.fore.ForePiContentProvider already published as com.tencent.server.fore.ForePluginContentProvider
W/ActivityThread(11991): Content provider com.tencent.server.fore.ForePiContentProvider already published as com.tencent.server.fore.ForePluginContentProvider
W/ActivityThread(11991): Content provider com.tencent.server.fore.ForePiContentProvider already published as com.tencent.server.fore.ForePluginContentProvider
W/ActivityThread(11991): Content provider com.tencent.server.fore.ForePiContentProvider already published as com.tencent.server.fore.ForePluginContentProvider
W/ActivityThread(11991): Content provider com.tencent.server.fore.ForePiContentProvider already published as com.tencent.server.fore.ForePluginContentProvider
W/ActivityThread(11991): Content provider com.tencent.server.fore.ForePiContentProvider already published as com.tencent.server.fore.ForePluginContentProvider
W/ActivityThread(11991): Content provider com.tencent.server.fore.ForePiContentProvider already published as com.tencent.server.fore.ForePluginContentProvider
W/ActivityThread(11991): Content provider com.tencent.server.fore.ForePiContentProvider already published as com.tencent.server.fore.ForePluginContentProvider
W/ActivityThread(11991): Content provider com.tencent.server.fore.ForePiContentProvider already published as com.tencent.server.fore.ForePluginContentProvider
W/ActivityThread(11991): Content provider com.tencent.server.fore.ForePiContentProvider already published as com.tencent.server.fore.ForePluginContentProvider
W/ActivityThread(11991): Content provider com.tencent.server.fore.ForePiContentProvider already published as com.tencent.server.fore.ForePluginContentProvider
W/ActivityThread(11991): Content provider com.tencent.server.fore.ForePiContentProvider already published as com.tencent.server.fore.ForePluginContentProvider
W/ActivityThread(11991): Content provider com.tencent.server.fore.ForePiContentProvider already published as com.tencent.server.fore.ForePluginContentProvider
W/ActivityThread(11991): Content provider com.tencent.server.fore.ForePiContentProvider already published as com.tencent.server.fore.ForePluginContentProvider
I/ActivityManager(  968): Start proc com.tencent.mobileqq:MSF for service com.tencent.mobileqq/.msf.service.MsfService: pid=28582 uid=10071 gids={50071, 3003, 3002, 3001, 1015, 1028}
W/ActivityThread(11991): Content provider com.tencent.server.fore.ForePiContentProvider already published as com.tencent.server.fore.ForePluginContentProvider
W/ActivityThread(11991): Content provider com.tencent.server.fore.ForePiContentProvider already published as com.tencent.server.fore.ForePluginContentProvider
W/ActivityThread(11991): Content provider com.tencent.server.fore.ForePiContentProvider already published as com.tencent.server.fore.ForePluginContentProvider
I/ActivityManager(  968): START u0 {flg=0x10000000 cmp=com.kingroot.kinguser/.activitys.SuNotifyActivity} from pid 28577
W/ActivityThread(11991): Content provider com.tencent.server.fore.ForePiContentProvider already published as com.tencent.server.fore.ForePluginContentProvider
W/ActivityThread(11991): Content provider com.tencent.server.fore.ForePiContentProvider already published as com.tencent.server.fore.ForePluginContentProvider
I/ActivityManager(  968): Start proc com.tencent.mobileqq for content provider com.tencent.mobileqq/com.tencent.mqq.shared_file_accessor.ContentProviderImpl: pid=28625 uid=10071 gids={50071, 3003, 3002, 3001, 1015, 1028}
W/ActivityThread(28625): Application com.tencent.mobileqq can be debugged on port 8100...
W/AlarmManager(  968):  result = 2
W/AlarmManager(  968):  Checking for alarms... rtc=1444613775000, elapsed=487754519  result = 2
W/AlarmManager(  968):  - AlarmHandler triggerAlarmsLocked 
V/AlarmManager(  968): Checking active alarm when=1444613775000 Alarm{4c75a8a0 type 1 myworkspace.mobile.clients.android}
V/AlarmManager(  968): Alarm triggering: Alarm{4c75a8a0 type 1 myworkspace.mobile.clients.android}
V/AlarmManager(  968): Checking active alarm when=1444613823347 Alarm{41b9a518 type 1 com.tmall.wireless}
V/AlarmManager(  968): Adding alarm Alarm{4c75a8a0 type 1 myworkspace.mobile.clients.android} at 0
V/AlarmManager(  968):  setLocked  mDescriptor : 88    alarm.type : 1
W/AlarmManager(  968):  AlarmThread sending alarm Alarm{4c75a8a0 type 1 myworkspace.mobile.clients.android}
W/ActivityThread(11991): Content provider com.tencent.server.fore.ForePiContentProvider already published as com.tencent.server.fore.ForePluginContentProvider
W/ActivityThread(11991): Content provider com.tencent.server.fore.ForePiContentProvider already published as com.tencent.server.fore.ForePluginContentProvider
I/PowerManager( 7274):  acquire wake lock at time 2015-10-12 09:36:15 wakeLock  :flags = 1 tag= PUSH count = 1 refcounted= true mHeld= true
I/PowerManager( 7274):  release wake lock at time 2015-10-12 09:36:15 wakeLock  :flags = 1 tag= PUSH count = 0 refcounted= true mHeld= false
I/ActivityManager(  968): No longer want android.process.media (pid 15542): empty #17
E/NotificationService(  968): Ignoring notification with icon==0: Notification(pri=0 contentView=null vibrate=null sound=null defaults=0x0 flags=0x62 kind=[null])
I/ActivityManager(  968): No longer want com.google.android.partnersetup (pid 27888): empty #17
I/ActivityManager(  968): Start proc com.google.android.partnersetup for broadcast com.google.android.partnersetup/.RlzPingBroadcastReceiver: pid=28695 uid=10019 gids={50019, 3003, 1028}
I/PowerManager( 3113):  acquire wake lock at time 2015-10-12 09:36:15 wakeLock  :flags = 1 tag= com.tencent.pushServiceWakelock count = 0 refcounted= false mHeld= true
I/PowerManager( 3113):  release wake lock at time 2015-10-12 09:36:15 wakeLock  :flags = 1 tag= com.tencent.pushServiceWakelock count = 0 refcounted= false mHeld= false
I/ActivityManager(  968): No longer want com.nubia.zquicksearchbox (pid 27975): empty #17
E/NotificationService(  968): Ignoring notification with icon==0: Notification(pri=0 contentView=com.tencent.news/0x109009d vibrate=null sound=null defaults=0x0 flags=0x72 kind=[null])
I/AlarmManager(  968): [timer]  remove: 
I/AlarmManager(  968): [timer]   --operation = PendingIntent{4c54a518: PendingIntentRecord{41a18180 com.tencent.news broadcastIntent}}
I/AlarmManager(  968): [timer]   --target package = com.tencent.news
I/AlarmManager(  968): [timer]  setRepeating: 
I/AlarmManager(  968): [timer]   !!!take care!!!, it is a wakeup timer(type=0/2).
I/AlarmManager(  968): [timer]   --type = 0
I/AlarmManager(  968): [timer]   --current time = 2015-10-12 09:36:15
I/AlarmManager(  968): [timer]   --trigger time = 2015-10-12 09:36:16
I/AlarmManager(  968): [timer]   --trigger after 999ms from now.
I/AlarmManager(  968): [timer]   --interval = 240000
I/AlarmManager(  968): [timer]   --operation = PendingIntent{4a993630: PendingIntentRecord{41a18180 com.tencent.news broadcastIntent}}
I/AlarmManager(  968): [timer]   --target package = com.tencent.news
W/AlarmManager(  968): set: Alarm{41a0b458 type 0 com.tencent.news}
V/AlarmManager(  968): Adding alarm Alarm{41a0b458 type 0 com.tencent.news} at 0
V/AlarmManager(  968):  setLocked  mDescriptor : 88    alarm.type : 0
I/ActivityManager(  968): Killing proc 28442:com.jingdong.app.mall:jdpush_cloud/u0a10078: kill background
W/ActivityManager(  968): Scheduling restart of crashed service com.jingdong.app.mall/com.jingdong.cloud.jdpush.JDPushConnectService_Cloud in 80000ms
I/ActivityManager(  968): Killing proc 28163:com.jingdong.app.mall/u0a10078: kill background
I/ActivityManager(  968): Killing proc 28180:com.jingdong.app.mall:maprocess/u0a10078: kill background
W/ActivityThread(11991): Content provider com.tencent.server.fore.ForePiContentProvider already published as com.tencent.server.fore.ForePluginContentProvider
I/ActivityManager(  968): Start proc com.nubia.zquicksearchbox for broadcast com.nubia.zquicksearchbox/.CorporaUpdateReceiver: pid=28719 uid=10000 gids={50000, 3003, 1015, 1028, 1023}
D/BatteryService(  968): Sending ACTION_BATTERY_CHANGED.  level:17, scale:100, status:2, health:2, present:true, voltage: 3546, temperature: 353, technology: Li-ion, AC powered:false, USB powered:false, Wireless powered:false, icon:17303088, invalid charger:0
D/BatteryService(  968): Sending ACTION_BATTERY_CHANGED.  level:17, scale:100, status:2, health:2, present:true, voltage: 3585, temperature: 353, technology: Li-ion, AC powered:false, USB powered:false, Wireless powered:false, icon:17303088, invalid charger:0
I/PowerManager( 2937):  acquire wake lock at time 2015-10-12 09:36:16 wakeLock  :flags = 1 tag= com.tencent.pushServiceWakelock count = 0 refcounted= false mHeld= true
I/PowerManager(  968):  release wake lock at time 2015-10-12 09:36:16 wakeLock  :flags = 1 tag= AlarmManager count = 0 refcounted= true mHeld= false
E/NotificationService(  968): Ignoring notification with icon==0: Notification(pri=0 contentView=com.tencent.news/0x109009d vibrate=null sound=null defaults=0x0 flags=0x72 kind=[null])
I/PowerManager( 2937):  acquire wake lock at time 2015-10-12 09:36:16 wakeLock  :flags = 1 tag= com.tencent.networkWakelock count = 0 refcounted= false mHeld= true
I/PowerManager( 2937):  release wake lock at time 2015-10-12 09:36:16 wakeLock  :flags = 1 tag= com.tencent.pushServiceWakelock count = 0 refcounted= false mHeld= false
I/PowerManager( 2937):  release wake lock at time 2015-10-12 09:36:16 wakeLock  :flags = 1 tag= com.tencent.networkWakelock count = 0 refcounted= false mHeld= false
I/PowerManager( 2937):  acquire wake lock at time 2015-10-12 09:36:16 wakeLock  :flags = 1 tag= com.tencent.networkWakelock count = 0 refcounted= false mHeld= true
I/PowerManager( 2937):  release wake lock at time 2015-10-12 09:36:16 wakeLock  :flags = 1 tag= com.tencent.networkWakelock count = 0 refcounted= false mHeld= false
I/ActivityManager(  968): Start proc com.jingdong.app.mall for broadcast com.jingdong.app.mall/com.jingdong.cloud.jdpush.JDPushReceiver: pid=28751 uid=10078 gids={50078, 3003, 1015, 3002, 3001, 1028}
I/ActivityManager(  968): Start proc com.jingdong.app.mall:maprocess for service com.jingdong.app.mall/com.jingdong.jdma.service.JDMAService: pid=28779 uid=10078 gids={50078, 3003, 1015, 3002, 3001, 1028}
W/AlarmManager(  968):  result = 1
W/AlarmManager(  968):  Checking for alarms... rtc=1444613776886, elapsed=487756405  result = 1
W/AlarmManager(  968):  - AlarmHandler triggerAlarmsLocked 
V/AlarmManager(  968): Checking active alarm when=1444613776886 Alarm{41a0b458 type 0 com.tencent.news}
V/AlarmManager(  968): Alarm triggering: Alarm{41a0b458 type 0 com.tencent.news}
V/AlarmManager(  968): Checking active alarm when=1444613852584 Alarm{43418f70 type 0 com.tencent.qqlive}
V/AlarmManager(  968): Adding alarm Alarm{41a0b458 type 0 com.tencent.news} at 9
V/AlarmManager(  968):  setLocked  mDescriptor : 88    alarm.type : 0
W/AlarmManager(  968):  AlarmThread sending alarm Alarm{41a0b458 type 0 com.tencent.news}
I/PowerManager(  968):  acquire wake lock at time 2015-10-12 09:36:16 wakeLock  :flags = 1 tag= AlarmManager count = 1 refcounted= true mHeld= true
I/ActivityManager(  968): START u0 {flg=0x10000000 cmp=com.kingroot.kinguser/.activitys.SuNotifyActivity} from pid 28797
I/ActivityManager(  968): No longer want com.android.timemanager (pid 28014): empty #17
I/ActivityManager(  968): No longer want com.android.defcontainer (pid 26780): empty #17
W/ActivityThread(11991): Content provider com.tencent.server.fore.ForePiContentProvider already published as com.tencent.server.fore.ForePluginContentProvider
W/ActivityThread(11991): Content provider com.tencent.server.fore.ForePiContentProvider already published as com.tencent.server.fore.ForePluginContentProvider
W/ActivityThread(11991): Content provider com.tencent.server.fore.ForePiContentProvider already published as com.tencent.server.fore.ForePluginContentProvider
I/PowerManager( 2937):  acquire wake lock at time 2015-10-12 09:36:18 wakeLock  :flags = 1 tag= com.tencent.pushServiceWakelock count = 0 refcounted= false mHeld= true
I/PowerManager(  968):  release wake lock at time 2015-10-12 09:36:18 wakeLock  :flags = 1 tag= AlarmManager count = 0 refcounted= true mHeld= false
E/NotificationService(  968): Ignoring notification with icon==0: Notification(pri=0 contentView=com.tencent.news/0x109009d vibrate=null sound=null defaults=0x0 flags=0x72 kind=[null])
I/PowerManager( 2937):  acquire wake lock at time 2015-10-12 09:36:18 wakeLock  :flags = 1 tag= com.tencent.networkWakelock count = 0 refcounted= false mHeld= true
I/PowerManager( 2937):  release wake lock at time 2015-10-12 09:36:18 wakeLock  :flags = 1 tag= com.tencent.pushServiceWakelock count = 0 refcounted= false mHeld= false
I/PowerManager( 2937):  release wake lock at time 2015-10-12 09:36:18 wakeLock  :flags = 1 tag= com.tencent.networkWakelock count = 0 refcounted= false mHeld= false
I/PowerManager( 2937):  acquire wake lock at time 2015-10-12 09:36:18 wakeLock  :flags = 1 tag= com.tencent.networkWakelock count = 0 refcounted= false mHeld= true
I/PowerManager( 2937):  release wake lock at time 2015-10-12 09:36:18 wakeLock  :flags = 1 tag= com.tencent.networkWakelock count = 0 refcounted= false mHeld= false
D/DisplayPowerController(  968): [LIGHT]: [GetAutoBrightnessValue] lcd_auto_brightness_level = 0
I/ActivityManager(  968): START u0 {act=android.intent.action.MAIN cat=[android.intent.category.LAUNCHER] flg=0x10200000 cmp=com.tencent.mobileqq/.activity.SplashActivity bnds=[542,219][797,486]} from pid 1264
I/PowerManager(  968):  acquire wake lock at time 2015-10-12 09:36:19 wakeLock  :flags = 1 tag= ActivityManager-Launch count = 0 refcounted= false mHeld= true
W/ContextImpl(  968): Calling a method in the system process without a qualified user: android.app.ContextImpl.sendBroadcast:1051 com.android.server.am.ActivityStack.activityPaused:1087 com.android.server.am.ActivityManagerService.activityPaused:4488 android.app.ActivityManagerNative.onTransact:418 com.android.server.am.ActivityManagerService.onTransact:1686 
W/ContextImpl(  968): Calling a method in the system process without a qualified user: android.app.ContextImpl.sendBroadcast:1051 com.android.server.am.ActivityStack.realStartActivityLocked:764 com.android.server.am.ActivityStack.startSpecificActivityLocked:831 com.android.server.am.ActivityStack.resumeTopActivityLocked:1842 com.android.server.am.ActivityStack.resumeTopActivityLocked:1447 
W/ContextImpl(  968): Calling a method in the system process without a qualified user: android.app.ContextImpl.sendBroadcast:1051 com.android.server.am.ActivityStack.sendActivityStackChangedIntent:4838 com.android.server.am.ActivityStack.realStartActivityLocked:784 com.android.server.am.ActivityStack.startSpecificActivityLocked:831 com.android.server.am.ActivityStack.resumeTopActivityLocked:1842 
W/ActivityThread(11991): Content provider com.tencent.server.fore.ForePiContentProvider already published as com.tencent.server.fore.ForePluginContentProvider
I/ActivityManager(  968): START u0 {flg=0x10000000 cmp=com.kingroot.kinguser/.activitys.SuNotifyActivity} from pid 28891
V/PanelView(22419): com.android.systemui:id/notification_panel: setExpandedHeight(0.0)
V/PanelView(22419): com.android.systemui:id/notification_panel: setExpansion: height=0.0 fh=1920.0 tracking=f rubber=f
V/PanelBar(22419): panelExpansionChanged: start state=0 panel=com.android.systemui:id/notification_panel
V/PanelBar(22419): panelExpansionChanged: end state=0 [ fullyClosed ]
V/PhoneStatusBarView(22419): panelExpansionChanged: f=0.0
V/PanelBar(22419): collapseAllPanels: animate=true waiting=false
W/ActivityThread(11991): Content provider com.tencent.server.fore.ForePiContentProvider already published as com.tencent.server.fore.ForePluginContentProvider
I/PowerManager(  968):  release wake lock at time 2015-10-12 09:36:19 wakeLock  :flags = 1 tag= ActivityManager-Launch count = 0 refcounted= false mHeld= false
W/ActivityThread(11991): Content provider com.tencent.server.fore.ForePiContentProvider already published as com.tencent.server.fore.ForePluginContentProvider
W/ActivityThread(11991): Content provider com.tencent.server.fore.ForePiContentProvider already published as com.tencent.server.fore.ForePluginContentProvider
W/ActivityThread(11991): Content provider com.tencent.server.fore.ForePiContentProvider already published as com.tencent.server.fore.ForePluginContentProvider
W/ActivityThread(11991): Content provider com.tencent.server.fore.ForePiContentProvider already published as com.tencent.server.fore.ForePluginContentProvider
W/ActivityThread(11991): Content provider com.tencent.server.fore.ForePiContentProvider already published as com.tencent.server.fore.ForePluginContentProvider
W/ActivityThread(11991): Content provider com.tencent.server.fore.ForePiContentProvider already published as com.tencent.server.fore.ForePluginContentProvider
W/ActivityThread(11991): Content provider com.tencent.server.fore.ForePiContentProvider already published as com.tencent.server.fore.ForePluginContentProvider
W/ActivityThread(11991): Content provider com.tencent.server.fore.ForePiContentProvider already published as com.tencent.server.fore.ForePluginContentProvider
W/ActivityThread(11991): Content provider com.tencent.server.fore.ForePiContentProvider already published as com.tencent.server.fore.ForePluginContentProvider
W/AlarmManager(  968):  result = 2
W/AlarmManager(  968):  Checking for alarms... rtc=1444613780000, elapsed=487759519  result = 2
W/AlarmManager(  968):  - AlarmHandler triggerAlarmsLocked 
V/AlarmManager(  968): Checking active alarm when=1444613780000 Alarm{4c75a8a0 type 1 myworkspace.mobile.clients.android}
V/AlarmManager(  968): Alarm triggering: Alarm{4c75a8a0 type 1 myworkspace.mobile.clients.android}
V/AlarmManager(  968): Checking active alarm when=1444613823347 Alarm{41b9a518 type 1 com.tmall.wireless}
V/AlarmManager(  968): Adding alarm Alarm{4c75a8a0 type 1 myworkspace.mobile.clients.android} at 0
V/AlarmManager(  968):  setLocked  mDescriptor : 88    alarm.type : 1
W/AlarmManager(  968):  AlarmThread sending alarm Alarm{4c75a8a0 type 1 myworkspace.mobile.clients.android}
I/PowerManager(  968):  acquire wake lock at time 2015-10-12 09:36:20 wakeLock  :flags = 1 tag= AlarmManager count = 1 refcounted= true mHeld= true
I/PowerManager(  968):  release wake lock at time 2015-10-12 09:36:20 wakeLock  :flags = 1 tag= AlarmManager count = 0 refcounted= true mHeld= false
I/ActivityManager(  968): START u0 {flg=0x40000 cmp=com.tencent.mobileqq/.activity.LoginActivity (has extras)} from pid 28625
I/PowerManager(  968):  acquire wake lock at time 2015-10-12 09:36:20 wakeLock  :flags = 1 tag= ActivityManager-Launch count = 0 refcounted= false mHeld= true
W/ContextImpl(  968): Calling a method in the system process without a qualified user: android.app.ContextImpl.sendBroadcast:1051 com.android.server.am.ActivityStack.activityPaused:1087 com.android.server.am.ActivityManagerService.activityPaused:4488 android.app.ActivityManagerNative.onTransact:418 com.android.server.am.ActivityManagerService.onTransact:1686 
W/ContextImpl(  968): Calling a method in the system process without a qualified user: android.app.ContextImpl.sendBroadcast:1051 com.android.server.am.ActivityStack.realStartActivityLocked:764 com.android.server.am.ActivityStack.startSpecificActivityLocked:831 com.android.server.am.ActivityStack.resumeTopActivityLocked:1842 com.android.server.am.ActivityStack.resumeTopActivityLocked:1447 
E/NotificationService(  968): Ignoring notification with icon==0: Notification(pri=0 contentView=null vibrate=null sound=null defaults=0x0 flags=0x62 kind=[null])
I/PowerManager(  968):  release wake lock at time 2015-10-12 09:36:21 wakeLock  :flags = 1 tag= ActivityManager-Launch count = 0 refcounted= false mHeld= false
--------- beginning of /dev/log/main
D/dalvikvm(28751): WAIT_FOR_CONCURRENT_GC blocked 7ms
D/SplashActivity(28625): [W]doOnDestroy
I/qqBaseActivity(28625): [W][1101996368]SplashActivity process id =28625 onDestroy task : 147
D/dalvikvm(28751): GC_CONCURRENT freed 514K, 66% free 3901K/11204K, paused 2ms+5ms, total 18ms
D/dalvikvm(28751): WAIT_FOR_CONCURRENT_GC blocked 12ms
W/WindowManager(  968): -- getSystemDecorRectLw --
D/LeakInspector(28625): [W]afterOnDestroy SplashActivity
D/LeakInspector(28625): [W]fixInputMethodManagerLeak break, context is not suitable, get_context=com.tencent.mobileqq.activity.LoginActivity@41987f60 dest_context=com.tencent.mobileqq.activity.SplashActivity@41af2150
D/LeakInspector(28625): [W]Inspecting SplashActivity@41af2150 Time=1444613781168 count=0
D/dalvikvm(28751): GC_CONCURRENT freed 493K, 66% free 3915K/11204K, paused 2ms+3ms, total 18ms
D/dalvikvm(28751): WAIT_FOR_CONCURRENT_GC blocked 11ms
D/dalvikvm(28625): GC_EXPLICIT freed 4169K, 45% free 7504K/13520K, paused 2ms+2ms, total 28ms
W/WindowManager(  968): -- getSystemDecorRectLw --
D/dalvikvm(28751): GC_CONCURRENT freed 502K, 66% free 3918K/11204K, paused 1ms+1ms, total 15ms
D/dalvikvm(28751): WAIT_FOR_CONCURRENT_GC blocked 9ms
W/WindowManager(  968): -- getSystemDecorRectLw --
D/dalvikvm(28751): GC_CONCURRENT freed 393K, 64% free 4035K/11204K, paused 1ms+4ms, total 19ms
D/dalvikvm(28751): WAIT_FOR_CONCURRENT_GC blocked 15ms
D/dalvikvm(28751): GC_CONCURRENT freed 700K, 66% free 3846K/11204K, paused 2ms+2ms, total 21ms
D/dalvikvm(28751): WAIT_FOR_CONCURRENT_GC blocked 12ms
D/dalvikvm(28751): GC_CONCURRENT freed 453K, 66% free 3903K/11204K, paused 3ms+1ms, total 15ms
D/dalvikvm(28751): WAIT_FOR_CONCURRENT_GC blocked 10ms
D/dalvikvm(28751): GC_CONCURRENT freed 503K, 66% free 3908K/11204K, paused 2ms+1ms, total 17ms
D/dalvikvm(28751): WAIT_FOR_CONCURRENT_GC blocked 12ms
D/dalvikvm(28751): GC_CONCURRENT freed 505K, 66% free 3912K/11204K, paused 2ms+3ms, total 18ms
D/dalvikvm(28751): WAIT_FOR_CONCURRENT_GC blocked 12ms
D/MSF.D.MonitorSocket(28625): [E]:0_1100061296 connect to host 3  succ.
D/MSF.D.MonitorSocket(28625): [W]|:0_1100061296 http://:0/analytics/upload?mType=beacon|write|159|2|beacon|0
D/MSF.D.Proxy(28625): [W] send req to msfService:ToServiceMsg msName:reportSocket ssoSeq:-1 appId:537042986 appSeq:67065 sName:com.tencent.mobileqq.msf.service.MsfService uin:0 sCmd:socketnetflow t:30000 needResp:false
D/MSF.D.MonitorSocket(28625): [W]start to get status of Process
D/MSF.D.MonitorSocket(28625): [W]|:0_1100061296 |write|279|2|beacon|1
D/MSF.D.Proxy(28625): [W] send req to msfService:ToServiceMsg msName:reportSocket ssoSeq:-1 appId:537042986 appSeq:67066 sName:com.tencent.mobileqq.msf.service.MsfService uin:0 sCmd:socketnetflow t:30000 needResp:false
D/dalvikvm(28751): GC_CONCURRENT freed 506K, 66% free 3910K/11204K, paused 4ms+1ms, total 17ms
D/dalvikvm(28751): WAIT_FOR_CONCURRENT_GC blocked 8ms
D/WifiNative-wlan0(  968): doString -------------- : SIGNAL_POLL
D/wpa_supplicant(13840): RX ctrl_iface - hexdump(len=11): 53 49 47 4e 41 4c 5f 50 4f 4c 4c
D/wpa_supplicant(13840): wlan0: Control interface command 'SIGNAL_POLL'
D/dalvikvm(28751): GC_CONCURRENT freed 495K, 65% free 3922K/11204K, paused 2ms+2ms, total 22ms
D/dalvikvm(28751): WAIT_FOR_CONCURRENT_GC blocked 15ms
D/wpa_supplicant(13840): nl80211: survey data missing!
D/dalvikvm(28751): GC_CONCURRENT freed 385K, 65% free 3923K/11204K, paused 2ms+1ms, total 16ms
D/dalvikvm(12008): GC_FOR_ALLOC freed 621K, 61% free 4426K/11200K, paused 21ms, total 21ms
D/MSF.D.MonitorSocket(28625): [W]|:0_1100061296 |read|527|2|beacon|1
D/MSF.D.Proxy(28625): [W] send req to msfService:ToServiceMsg msName:reportSocket ssoSeq:-1 appId:537042986 appSeq:67067 sName:com.tencent.mobileqq.msf.service.MsfService uin:0 sCmd:socketnetflow t:30000 needResp:false
D/MSF.D.MonitorSocket(28625): [W]:0_1100061296  close MonitorSocket succ.
D/MSF.D.MonitorSocket(28625): [W]:0_1100061296  close MonitorSocket succ.
I/dalvikvm(28625): Total arena pages for JIT: 11
I/dalvikvm(28625): Total arena pages for JIT: 12
I/dalvikvm(28625): Total arena pages for JIT: 13
I/dalvikvm(28625): Total arena pages for JIT: 14
I/dalvikvm(28625): Total arena pages for JIT: 15
I/dalvikvm(28625): Total arena pages for JIT: 16
I/dalvikvm(28625): Total arena pages for JIT: 17
I/dalvikvm(28625): Total arena pages for JIT: 18
I/dalvikvm(28625): Total arena pages for JIT: 19
I/dalvikvm(28625): Total arena pages for JIT: 20
I/dalvikvm(28625): Total arena pages for JIT: 21
I/dalvikvm(28625): Total arena pages for JIT: 22
I/dalvikvm(28625): Total arena pages for JIT: 23
I/dalvikvm(28625): Total arena pages for JIT: 24
D/dalvikvm(28751): DexOpt: --- BEGIN 'bundle.apk' (bootstrap=0) ---
D/dalvikvm(12008): GC_FOR_ALLOC freed <1K, 59% free 4666K/11200K, paused 28ms, total 28ms
I/dalvikvm-heap(12008): Grow heap (frag case) to 6.430MB for 983504-byte allocation
D/dalvikvm(12008): GC_CONCURRENT freed 2K, 50% free 5642K/11200K, paused 2ms+1ms, total 19ms
W/ResourceType(12008): Entry identifier 0x3f is larger than entry count 0x7
W/WindowManager(  968): -- getSystemDecorRectLw --
W/WindowManager(  968): -- getSystemDecorRectLw --
D/AndroidRuntime(28951): 
D/AndroidRuntime(28951): >>>>>> AndroidRuntime START com.android.internal.os.RuntimeInit <<<<<<
D/AndroidRuntime(28951): CheckJNI is OFF
D/dalvikvm(28951): Unable to stat classpath element '/system/framework/dolbymobile.jar'
I/dalvikvm(28951): DexOpt: Some deps went away
E/dalvikvm(28951): /system/framework/qcom.fmradio.jar odex has stale dependencies
I/dalvikvm(28951): Zip is good, but no classes.dex inside, and no valid .odex file in the same directory
D/dalvikvm(28951): Unable to process classpath element '/system/framework/qcom.fmradio.jar'
D/dalvikvm(28951): Trying to load lib libjavacore.so 0x0
D/dalvikvm(28951): Added shared lib libjavacore.so 0x0
D/dalvikvm(28948): DexOpt: load 50ms, verify+opt 193ms, 1200380 bytes
D/dalvikvm(28951): Trying to load lib libnativehelper.so 0x0
D/dalvikvm(28951): Added shared lib libnativehelper.so 0x0
I/jdwp    (28951): Ignoring second debugger -- accepting and dropping
I/jdwp    (28582): Ignoring second debugger -- accepting and dropping
I/jdwp    (28625): Ignoring second debugger -- accepting and dropping
I/jdwp    (28408): Ignoring second debugger -- accepting and dropping
D/dalvikvm(28751): DexOpt: --- END 'bundle.apk' (success) ---
D/dalvikvm(28751): DEX prep '/data/data/com.jingdong.app.mall/files/aura/dongdong/bundle.apk': unzip in 28ms, rewrite 398ms
D/dalvikvm(28751): GC_CONCURRENT freed 349K, 64% free 4085K/11204K, paused 3ms+4ms, total 19ms
D/dalvikvm(28751): WAIT_FOR_CONCURRENT_GC blocked 12ms
D/dalvikvm(28751): WAIT_FOR_CONCURRENT_GC blocked 12ms
D/AndroidRuntime(28951): Calling main entry com.android.commands.am.Am
D/ReceiveAuthPacketBroadcast(28751): ReceiveAuthPacketBroadcast
D/TAG     (28751): TAG
D/dalvikvm(28951): Note: class Landroid/app/ActivityManagerNative; has 157 unimplemented (abstract) methods
D/AndroidRuntime(28951): Shutting down VM
I/ActivityManager(  968): START u0 {flg=0x10000000 cmp=com.kingroot.kinguser/.activitys.SuNotifyActivity} from pid 28951
D/dalvikvm(28951): GC_CONCURRENT freed 97K, 17% free 516K/616K, paused 0ms+0ms, total 2ms
D/jdwp    (28951): Got wake-up signal, bailing out of select
D/dalvikvm(28951): Debugger has detached; object registry had 1 entries
I/jdwp    (28582): Ignoring second debugger -- accepting and dropping
I/jdwp    (28625): Ignoring second debugger -- accepting and dropping
I/com.jd.mobiledd.sdk.utils.bb(28751): SmileyParser() --->, com.jingdong.app.mall.MyApplication@41828778
D/dalvikvm(28751): GC_CONCURRENT freed 885K, 67% free 3712K/11204K, paused 2ms+1ms, total 16ms
D/dalvikvm(28751): WAIT_FOR_CONCURRENT_GC blocked 7ms
D/dalvikvm(28751): WAIT_FOR_CONCURRENT_GC blocked 7ms
I/jdwp    (28408): Ignoring second debugger -- accepting and dropping
I/com.jd.mobiledd.sdk.utils.bb(28751): DEFAULT_SMILEY_NAMES: 1913126919
I/com.jd.mobiledd.sdk.utils.bb(28751): DEFAULT_SMILEY_TEXTS: 1913126920
I/com.jd.mobiledd.sdk.utils.bb(28751): DEFAULT_SMILEY_URLS: 1913126921
D/dalvikvm(28751): GC_CONCURRENT freed 462K, 67% free 3761K/11204K, paused 2ms+2ms, total 15ms
D/dalvikvm(28751): WAIT_FOR_CONCURRENT_GC blocked 9ms
D/dalvikvm(28751): WAIT_FOR_CONCURRENT_GC blocked 8ms
D/LeakInspector(28625): [W]Inspecting SplashActivity@41af2150 Time=1444613782197 count=1
D/dalvikvm(28751): GC_CONCURRENT freed 514K, 67% free 3759K/11204K, paused 3ms+2ms, total 16ms
D/dalvikvm(28751): WAIT_FOR_CONCURRENT_GC blocked 7ms
D/dalvikvm(28625): GC_EXPLICIT freed 2013K, 56% free 6061K/13520K, paused 3ms+2ms, total 26ms
D/dalvikvm(28751): WAIT_FOR_CONCURRENT_GC blocked 10ms
D/dalvikvm(28751): GC_CONCURRENT freed 400K, 65% free 3949K/11204K, paused 3ms+4ms, total 21ms
D/dalvikvm(28751): GC_CONCURRENT freed 671K, 67% free 3789K/11204K, paused 2ms+2ms, total 18ms
D/dalvikvm(28751): WAIT_FOR_CONCURRENT_GC blocked 12ms
D/dalvikvm(28751): WAIT_FOR_CONCURRENT_GC blocked 12ms
D/TAG     (28751): JdImSdkWrapper->init()... 
E/TAG     (28751): ForegroundAppSetting->getInst() --->,context:com.jingdong.app.mall.MyApplication@41828778
E/TAG     (28751): Process.myPid():28751
E/TAG     (28751): ->ForegroundAppSetting() ,context:com.jingdong.app.mall.MyApplication@41828778
D/TAG     (28751): ------>>>>>>>>ForegroundAppSetting->init()
D/dalvikvm(28751): GC_CONCURRENT freed 530K, 67% free 3766K/11204K, paused 1ms+1ms, total 14ms
D/dalvikvm(28751): WAIT_FOR_CONCURRENT_GC blocked 7ms
D/DBHelper(28751): getAutoLoginInfo() ---->
D/TAG     (28751): ForegroundAppSetting.loadAppConfigInfo() userInfo is null
D/TAG     (28751): ---load the jss config11111
D/TAG     (28751): ---load the jss config22222 + jss host is->null
D/ServiceManager(28751): ServiceManager()...
D/AwesomePlayer(  400): Before reset_l
D/AwesomePlayer(  400): printFileName fd(31) -> /data/data/com.jingdong.app.mall/files/aura/dongdong/bundle.apk
W/WAVExtractor(  400): is hifi: mSampleRate=44100, mBitsPerSample=16
D/dalvikvm(28751): GC_CONCURRENT freed 461K, 66% free 3810K/11204K, paused 10ms+1ms, total 28ms
D/dalvikvm(28751): WAIT_FOR_CONCURRENT_GC blocked 12ms
D/APEExtractor(  400): SniffAPE
D/PRDrmPlugIn(  399): PRDrmPlugin::onInitialize, uniqueId = 7773
D/PRDrmPlugIn(  399): PRDrmPlugin::onSetOnInfoListener: uniqueId = 7773
D/PRDrmPlugIn(  399): PRDrmPlugin::onTerminate, uniqueId = 7773
W/WAVExtractor(  400): is hifi: mSampleRate=44100, mBitsPerSample=16
